D/CSLegacyTypeTracker(  902): getNetworkForType type 1
D/PSD     (  384): set_ps_threshold: low_threshold 138 high_threshold 158 ps_average 78 algo_state 1
D/CSLegacyTypeTracker(  902): getNetworkForType type 1
D/PSD     (  384): Prox is far ps 79 als 867 highlight  0 crosstalk 76
E/LIGHT   (  902): AmbiLightSensor: get als value 856
E/LIGHT   (  902): AmbiLightSensor: report als event
E/PROXIMITY(  902): ProximitySensor: unknown event (type=3, code=0)
E/PROXIMITY(  902): ProximitySensor: invalid EV_SYN
I/WifiStateMachine(  902): fetchRssiLinkSpeedAndFrequencyNative, newRssi:-56, newLinkSpeed:135, SSID:"Black_sheep"
D/PSD     (  384): set_ps_threshold: low_threshold 138 high_threshold 158 ps_average 78 algo_state 1
W/ADB_SERVICES( 8017): read_meminfo() mem_free=971616
W/ADB_SERVICES( 8017): read_meminfo() mem_free=971476
W/ADB_SERVICES( 8017): read_meminfo() mem_free=971584
I/WifiStateMachine(  902): fetchRssiLinkSpeedAndFrequencyNative, newRssi:-56, newLinkSpeed:135, SSID:"Black_sheep"
D/NetworkLinkMonitor(  902): RSSI_PKTCNT_FETCH_SUCCEEDED--dtotal= 0
D/PSD     (  384): set_ps_threshold: low_threshold 139 high_threshold 159 ps_average 79 algo_state 1
E/LIGHT   (  902): AmbiLightSensor: get als value 879
E/LIGHT   (  902): AmbiLightSensor: report als event
E/PROXIMITY(  902): ProximitySensor: unknown event (type=3, code=0)
E/PROXIMITY(  902): ProximitySensor: invalid EV_SYN
D/PSD     (  384): Prox is far ps 77 als 879 highlight  0 crosstalk 76
W/ADB_SERVICES( 8017): read_meminfo() mem_free=971676
W/ADB_SERVICES( 8017): read_meminfo() mem_free=971552
W/ADB_SERVICES( 8017): read_meminfo() mem_free=971552
D/PSD     (  384): set_ps_threshold: low_threshold 137 high_threshold 157 ps_average 77 algo_state 1
E/LIGHT   (  902): AmbiLightSensor: get als value 863
E/LIGHT   (  902): AmbiLightSensor: report als event
E/PROXIMITY(  902): ProximitySensor: unknown event (type=3, code=0)
E/PROXIMITY(  902): ProximitySensor: invalid EV_SYN
D/CSLegacyTypeTracker(  902): getNetworkForType type 1
D/PSD     (  384): set_ps_threshold: low_threshold 137 high_threshold 157 ps_average 77 algo_state 1
W/ADB_SERVICES( 8017): read_meminfo() mem_free=971692
W/ADB_SERVICES( 8017): read_meminfo() mem_free=971692
W/ADB_SERVICES( 8017): read_meminfo() mem_free=971692
D/PSD     (  384): Prox is far ps 77 als 879 highlight  0 crosstalk 76
I/WifiStateMachine(  902): fetchRssiLinkSpeedAndFrequencyNative, newRssi:-57, newLinkSpeed:135, SSID:"Black_sheep"
D/NetworkLinkMonitor(  902): RSSI_PKTCNT_FETCH_SUCCEEDED--dtotal= 0
E/LIGHT   (  902): AmbiLightSensor: get als value 879
E/LIGHT   (  902): AmbiLightSensor: report als event
E/PROXIMITY(  902): ProximitySensor: unknown event (type=3, code=0)
E/PROXIMITY(  902): ProximitySensor: invalid EV_SYN
D/PSD     (  384): set_ps_threshold: low_threshold 138 high_threshold 158 ps_average 78 algo_state 1
W/ADB_SERVICES( 8017): read_meminfo() mem_free=971536
W/ADB_SERVICES( 8017): read_meminfo() mem_free=971428
W/ADB_SERVICES( 8017): read_meminfo() mem_free=971412
D/PSD     (  384): set_ps_threshold: low_threshold 138 high_threshold 158 ps_average 78 algo_state 1
E/LIGHT   (  902): AmbiLightSensor: get als value 856
E/LIGHT   (  902): AmbiLightSensor: report als event
E/PROXIMITY(  902): ProximitySensor: unknown event (type=3, code=0)
E/PROXIMITY(  902): ProximitySensor: invalid EV_SYN
D/PSD     (  384): Prox is far ps 77 als 867 highlight  0 crosstalk 76
D/CSLegacyTypeTracker(  902): getNetworkForType type 1
I/WifiStateMachine(  902): fetchRssiLinkSpeedAndFrequencyNative, newRssi:-57, newLinkSpeed:135, SSID:"Black_sheep"
D/PSD     (  384): set_ps_threshold: low_threshold 138 high_threshold 158 ps_average 78 algo_state 1
D/NetworkLinkMonitor(  902): RSSI_PKTCNT_FETCH_SUCCEEDED--dtotal= 0
W/ADB_SERVICES( 8017): read_meminfo() mem_free=971444
W/ADB_SERVICES( 8017): read_meminfo() mem_free=971444
W/ADB_SERVICES( 8017): read_meminfo() mem_free=971008
E/LIGHT   (  902): AmbiLightSensor: get als value 883
E/LIGHT   (  902): AmbiLightSensor: report als event
E/PROXIMITY(  902): ProximitySensor: unknown event (type=3, code=0)
E/PROXIMITY(  902): ProximitySensor: invalid EV_SYN
D/PSD     (  384): Prox is far ps 78 als 856 highlight  0 crosstalk 76
D/PSD     (  384): set_ps_threshold: low_threshold 137 high_threshold 157 ps_average 77 algo_state 1
E/LIGHT   (  902): AmbiLightSensor: get als value 876
E/LIGHT   (  902): AmbiLightSensor: report als event
E/PROXIMITY(  902): ProximitySensor: unknown event (type=3, code=0)
E/PROXIMITY(  902): ProximitySensor: invalid EV_SYN
W/ADB_SERVICES( 8017): read_meminfo() mem_free=971444
W/ADB_SERVICES( 8017): read_meminfo() mem_free=971444
I/WifiStateMachine(  902): fetchRssiLinkSpeedAndFrequencyNative, newRssi:-57, newLinkSpeed:135, SSID:"Black_sheep"
W/ADB_SERVICES( 8017): read_meminfo() mem_free=971024
D/PSD     (  384): set_ps_threshold: low_threshold 138 high_threshold 158 ps_average 78 algo_state 1
I/WifiStateMachine(  902): fetchRssiLinkSpeedAndFrequencyNative, newRssi:-57, newLinkSpeed:135, SSID:"Black_sheep"
D/NetworkLinkMonitor(  902): RSSI_PKTCNT_FETCH_SUCCEEDED--dtotal= 0
D/PSD     (  384): Prox is far ps 77 als 860 highlight  0 crosstalk 76
E/LIGHT   (  902): AmbiLightSensor: get als value 860
E/LIGHT   (  902): AmbiLightSensor: report als event
E/PROXIMITY(  902): ProximitySensor: unknown event (type=3, code=0)
E/PROXIMITY(  902): ProximitySensor: invalid EV_SYN
D/PSD     (  384): set_ps_threshold: low_threshold 138 high_threshold 158 ps_average 78 algo_state 1
D/SystemUi_TrafficStatsHelper( 9894): ifaceNames[0]:ccmni0
D/CSLegacyTypeTracker(  902): getNetworkForType type 1
D/SystemUi_TrafficStatsHelper( 9894): ifaceNames[1]:wlan0
D/SystemUi_TrafficStatsHelper( 9894): ifaceNames[2]:p2p0
D/SystemUi_TrafficStatsHelper( 9894): ifaceNames[3]:lo
D/SystemUi_TrafficStatsHelper( 9894): transmitted_validWifiData.get(0) = wlan0
W/ADB_SERVICES( 8017): read_meminfo() mem_free=970264
W/ADB_SERVICES( 8017): read_meminfo() mem_free=970124
W/ADB_SERVICES( 8017): read_meminfo() mem_free=969968
I/thermal_src(  387): wake up function 3
I/thermal_src(  387): TA_DAEMON_CMD_GET_TPCB cmd=0x5, len=4 PCB=29000
I/thermal_src(  387): TA_DAEMON_CMD_SET_TTJ cmd=0x4, len=4 Tj=85000
D/PSD     (  384): set_ps_threshold: low_threshold 138 high_threshold 158 ps_average 78 algo_state 1
E/LIGHT   (  902): AmbiLightSensor: get als value 883
E/LIGHT   (  902): AmbiLightSensor: report als event
E/PROXIMITY(  902): ProximitySensor: unknown event (type=3, code=0)
E/PROXIMITY(  902): ProximitySensor: invalid EV_SYN
D/UsbDeviceManager(  902): onReceive - BATTERY_CHANGED - mPlugType: 2, mSettingUsbCharging: false, mConnected: true, mSettingUsbBicr: false
D/WifiService(  902): onReceive, action:android.intent.action.BATTERY_CHANGED
D/HeadsetStateMachine(15731): Disconnected process message: 10, size: 0
W/ADB_SERVICES( 8017): read_meminfo() mem_free=968464
D/PSD     (  384): Prox is far ps 76 als 856 highlight  0 crosstalk 76
W/ADB_SERVICES( 8017): read_meminfo() mem_free=967424
W/ADB_SERVICES( 8017): read_meminfo() mem_free=967456
D/        (  385): charger_monitor log_has_update will be set false
W/ProcessCpuTracker( 3368): Skipping unknown process pid 15272
D/PSD     (  384): set_ps_threshold: low_threshold 137 high_threshold 157 ps_average 77 algo_state 1
I/WifiStateMachine(  902): fetchRssiLinkSpeedAndFrequencyNative, newRssi:-57, newLinkSpeed:135, SSID:"Black_sheep"
D/NetworkLinkMonitor(  902): RSSI_PKTCNT_FETCH_SUCCEEDED--dtotal= 0
E/LIGHT   (  902): AmbiLightSensor: get als value 856
E/LIGHT   (  902): AmbiLightSensor: report als event
E/PROXIMITY(  902): ProximitySensor: unknown event (type=3, code=0)
E/PROXIMITY(  902): ProximitySensor: invalid EV_SYN
I/thermal_src(  387): wake up function 3
I/thermal_src(  387): TA_DAEMON_CMD_GET_TPCB cmd=0x5, len=4 PCB=29000
I/thermal_src(  387): TA_DAEMON_CMD_SET_TTJ cmd=0x4, len=4 Tj=85000
D/PackageManager(  902): callerName== com.secretlisa.beidanci
D/PackageManager(  902): scc app ai.packageName = com.oppo.launcher ai.name = com.oppo.launcher.Launcher
D/PackageManager(  902): scc app ai.packageName = com.secretlisa.beidanci ai.name = com.secretlisa.beidanci.ActivityLauncher
D/PackageManager(  902): Default app ai.packageName = com.oppo.launcher ai.name = com.oppo.launcher.Launcher
D/PSD     (  384): set_ps_threshold: low_threshold 138 high_threshold 158 ps_average 78 algo_state 1
W/ADB_SERVICES( 8017): read_meminfo() mem_free=968272
D/CSLegacyTypeTracker(  902): getNetworkForType type 1
W/ADB_SERVICES( 8017): read_meminfo() mem_free=968356
W/ADB_SERVICES( 8017): read_meminfo() mem_free=968396
D/PSD     (  384): Prox is far ps 79 als 860 highlight  0 crosstalk 76
E/LIGHT   (  902): AmbiLightSensor: get als value 883
E/LIGHT   (  902): AmbiLightSensor: report als event
E/PROXIMITY(  902): ProximitySensor: unknown event (type=3, code=0)
E/PROXIMITY(  902): ProximitySensor: invalid EV_SYN
D/PSD     (  384): set_ps_threshold: low_threshold 138 high_threshold 158 ps_average 78 algo_state 1
W/ADB_SERVICES( 8017): read_meminfo() mem_free=968452
W/ADB_SERVICES( 8017): read_meminfo() mem_free=968264
I/WifiStateMachine(  902): fetchRssiLinkSpeedAndFrequencyNative, newRssi:-57, newLinkSpeed:135, SSID:"Black_sheep"
D/NetworkLinkMonitor(  902): RSSI_PKTCNT_FETCH_SUCCEEDED--dtotal= 0
W/ADB_SERVICES( 8017): read_meminfo() mem_free=968312
D/PSD     (  384): set_ps_threshold: low_threshold 138 high_threshold 158 ps_average 78 algo_state 1
E/LIGHT   (  902): AmbiLightSensor: get als value 856
E/LIGHT   (  902): AmbiLightSensor: report als event
E/PROXIMITY(  902): ProximitySensor: unknown event (type=3, code=0)
E/PROXIMITY(  902): ProximitySensor: invalid EV_SYN
D/PSD     (  384): Prox is far ps 80 als 872 highlight  0 crosstalk 76
D/CSLegacyTypeTracker(  902): getNetworkForType type 1
D/PSD     (  384): set_ps_threshold: low_threshold 138 high_threshold 158 ps_average 78 algo_state 1
W/ADB_SERVICES( 8017): read_meminfo() mem_free=968312
W/ADB_SERVICES( 8017): read_meminfo() mem_free=968144
W/ADB_SERVICES( 8017): read_meminfo() mem_free=968172
E/LIGHT   (  902): AmbiLightSensor: get als value 879
E/LIGHT   (  902): AmbiLightSensor: report als event
E/PROXIMITY(  902): ProximitySensor: unknown event (type=3, code=0)
E/PROXIMITY(  902): ProximitySensor: invalid EV_SYN
I/WifiStateMachine(  902): fetchRssiLinkSpeedAndFrequencyNative, newRssi:-57, newLinkSpeed:135, SSID:"Black_sheep"
D/PSD     (  384): set_ps_threshold: low_threshold 137 high_threshold 157 ps_average 77 algo_state 1
I/art     (  902): Background sticky concurrent mark sweep GC freed 98444(7MB) AllocSpace objects, 7(140KB) LOS objects, 10% free, 63MB/71MB, paused 6.255ms total 97.001ms
D/PSD     (  384): Prox is far ps 77 als 883 highlight  0 crosstalk 76
I/WifiStateMachine(  902): fetchRssiLinkSpeedAndFrequencyNative, newRssi:-57, newLinkSpeed:135, SSID:"Black_sheep"
D/NetworkLinkMonitor(  902): RSSI_PKTCNT_FETCH_SUCCEEDED--dtotal= 1
W/ADB_SERVICES( 8017): read_meminfo() mem_free=969136
E/LIGHT   (  902): AmbiLightSensor: get als value 883
E/LIGHT   (  902): AmbiLightSensor: report als event
E/PROXIMITY(  902): ProximitySensor: unknown event (type=3, code=0)
E/PROXIMITY(  902): ProximitySensor: invalid EV_SYN
W/ADB_SERVICES( 8017): read_meminfo() mem_free=968908
W/ADB_SERVICES( 8017): read_meminfo() mem_free=968892
D/PSD     (  384): set_ps_threshold: low_threshold 138 high_threshold 158 ps_average 78 algo_state 1
W/ADB_SERVICES( 8017): read_meminfo() mem_free=968892
E/LIGHT   (  902): AmbiLightSensor: get als value 856
E/LIGHT   (  902): AmbiLightSensor: report als event
E/PROXIMITY(  902): ProximitySensor: unknown event (type=3, code=0)
E/PROXIMITY(  902): ProximitySensor: invalid EV_SYN
D/PSD     (  384): Prox is far ps 78 als 879 highlight  0 crosstalk 76
D/PSD     (  384): set_ps_threshold: low_threshold 137 high_threshold 157 ps_average 77 algo_state 1
W/ADB_SERVICES( 8017): read_meminfo() mem_free=968908
D/CSLegacyTypeTracker(  902): getNetworkForType type 1
W/ADB_SERVICES( 8017): read_meminfo() mem_free=968252
I/WifiStateMachine(  902): fetchRssiLinkSpeedAndFrequencyNative, newRssi:-57, newLinkSpeed:135, SSID:"Black_sheep"
D/NetworkLinkMonitor(  902): RSSI_PKTCNT_FETCH_SUCCEEDED--dtotal= 1
D/PSD     (  384): set_ps_threshold: low_threshold 138 high_threshold 158 ps_average 78 algo_state 1
E/LIGHT   (  902): AmbiLightSensor: get als value 879
E/LIGHT   (  902): AmbiLightSensor: report als event
E/PROXIMITY(  902): ProximitySensor: unknown event (type=3, code=0)
E/PROXIMITY(  902): ProximitySensor: invalid EV_SYN
D/SystemUi_TrafficStatsHelper( 9894): ifaceNames[0]:ccmni0
D/SystemUi_TrafficStatsHelper( 9894): ifaceNames[1]:wlan0
D/SystemUi_TrafficStatsHelper( 9894): ifaceNames[2]:p2p0
D/SystemUi_TrafficStatsHelper( 9894): ifaceNames[3]:lo
W/ADB_SERVICES( 8017): read_meminfo() mem_free=968968
D/SystemUi_TrafficStatsHelper( 9894): transmitted_validWifiData.get(0) = wlan0
W/ADB_SERVICES( 8017): read_meminfo() mem_free=968844
W/ADB_SERVICES( 8017): read_meminfo() mem_free=968812
D/PSD     (  384): Prox is far ps 78 als 867 highlight  0 crosstalk 76
D/PSD     (  384): set_ps_threshold: low_threshold 138 high_threshold 158 ps_average 78 algo_state 1
E/LIGHT   (  902): AmbiLightSensor: get als value 863
E/LIGHT   (  902): AmbiLightSensor: report als event
E/PROXIMITY(  902): ProximitySensor: unknown event (type=3, code=0)
E/PROXIMITY(  902): ProximitySensor: invalid EV_SYN
W/ADB_SERVICES( 8017): read_meminfo() mem_free=968844
D/PSD     (  384): set_ps_threshold: low_threshold 137 high_threshold 157 ps_average 77 algo_state 1
W/ADB_SERVICES( 8017): read_meminfo() mem_free=968828
W/ADB_SERVICES( 8017): read_meminfo() mem_free=968812
I/WifiStateMachine(  902): fetchRssiLinkSpeedAndFrequencyNative, newRssi:-57, newLinkSpeed:135, SSID:"Black_sheep"
D/CSLegacyTypeTracker(  902): getNetworkForType type 1
D/NetworkLinkMonitor(  902): RSSI_PKTCNT_FETCH_SUCCEEDED--dtotal= 0
D/PSD     (  384): Prox is far ps 77 als 856 highlight  0 crosstalk 76
E/LIGHT   (  902): AmbiLightSensor: get als value 876
E/LIGHT   (  902): AmbiLightSensor: report als event
E/PROXIMITY(  902): ProximitySensor: unknown event (type=3, code=0)
E/PROXIMITY(  902): ProximitySensor: invalid EV_SYN
D/PSD     (  384): set_ps_threshold: low_threshold 138 high_threshold 158 ps_average 78 algo_state 1
I/thermal_repeater(  389): select timeout
W/ADB_SERVICES( 8017): read_meminfo() mem_free=968812
I/thermal_src(  387): wake up function 3
I/thermal_src(  387): TA_DAEMON_CMD_GET_TPCB cmd=0x5, len=4 PCB=29000
I/thermal_src(  387): TA_DAEMON_CMD_SET_TTJ cmd=0x4, len=4 Tj=85000
W/ADB_SERVICES( 8017): read_meminfo() mem_free=968828
W/ADB_SERVICES( 8017): read_meminfo() mem_free=968812
D/PSD     (  384): set_ps_threshold: low_threshold 138 high_threshold 158 ps_average 78 algo_state 1
E/LIGHT   (  902): AmbiLightSensor: get als value 860
E/LIGHT   (  902): AmbiLightSensor: report als event
E/PROXIMITY(  902): ProximitySensor: unknown event (type=3, code=0)
E/PROXIMITY(  902): ProximitySensor: invalid EV_SYN
I/WifiStateMachine(  902): fetchRssiLinkSpeedAndFrequencyNative, newRssi:-57, newLinkSpeed:135, SSID:"Black_sheep"
D/HeadsetStateMachine(15731): Disconnected process message: 10, size: 0
D/UsbDeviceManager(  902): onReceive - BATTERY_CHANGED - mPlugType: 2, mSettingUsbCharging: false, mConnected: true, mSettingUsbBicr: false
D/WifiService(  902): onReceive, action:android.intent.action.BATTERY_CHANGED
D/PSD     (  384): Prox is far ps 78 als 860 highlight  0 crosstalk 76
D/        (  385): charger_monitor log_has_update will be set false
W/ADB_SERVICES( 8017): read_meminfo() mem_free=968720
I/WifiStateMachine(  902): fetchRssiLinkSpeedAndFrequencyNative, newRssi:-57, newLinkSpeed:135, SSID:"Black_sheep"
D/NetworkLinkMonitor(  902): RSSI_PKTCNT_FETCH_SUCCEEDED--dtotal= 0
D/PSD     (  384): set_ps_threshold: low_threshold 138 high_threshold 158 ps_average 78 algo_state 1
W/ADB_SERVICES( 8017): read_meminfo() mem_free=968816
W/ADB_SERVICES( 8017): read_meminfo() mem_free=968492
E/LIGHT   (  902): AmbiLightSensor: get als value 883
E/LIGHT   (  902): AmbiLightSensor: report als event
E/PROXIMITY(  902): ProximitySensor: unknown event (type=3, code=0)
E/PROXIMITY(  902): ProximitySensor: invalid EV_SYN
D/CSLegacyTypeTracker(  902): getNetworkForType type 1
I/thermal_src(  387): wake up function 3
I/thermal_src(  387): TA_DAEMON_CMD_GET_TPCB cmd=0x5, len=4 PCB=29000
I/thermal_src(  387): TA_DAEMON_CMD_SET_TTJ cmd=0x4, len=4 Tj=85000
D/PSD     (  384): set_ps_threshold: low_threshold 138 high_threshold 158 ps_average 78 algo_state 1
W/ADB_SERVICES( 8017): read_meminfo() mem_free=968492
D/PSD     (  384): Prox is far ps 76 als 876 highlight  0 crosstalk 76
W/ADB_SERVICES( 8017): read_meminfo() mem_free=968492
E/LIGHT   (  902): AmbiLightSensor: get als value 856
E/LIGHT   (  902): AmbiLightSensor: report als event
E/PROXIMITY(  902): ProximitySensor: unknown event (type=3, code=0)
E/PROXIMITY(  902): ProximitySensor: invalid EV_SYN
W/ADB_SERVICES( 8017): read_meminfo() mem_free=968476
D/PSD     (  384): set_ps_threshold: low_threshold 138 high_threshold 158 ps_average 78 algo_state 1
I/WifiStateMachine(  902): fetchRssiLinkSpeedAndFrequencyNative, newRssi:-57, newLinkSpeed:135, SSID:"Black_sheep"
W/Watchdog(  902): SWT Watchdog after wait current time:91058617
W/Watchdog(  902): **Get SF Time **1
W/Watchdog_N(  902): !@WatchDog_3035;
W/Watchdog(  902): SWT Watchdog before synchronized:91058619
W/Watchdog(  902): SWT Watchdog after synchronized:91058619
W/Watchdog(  902): SWT Watchdog before wait timeout:30000
W/Watchdog(  902): SWT Watchdog before wait current time:91058628
W/Watchdog(  902): SWT Watchdog before wait start:91058627
W/Watchdog(  902): SWT Watchdog before wait CHECK_INTERVAL:30000
D/NetworkLinkMonitor(  902): RSSI_PKTCNT_FETCH_SUCCEEDED--dtotal= 0
W/ADB_SERVICES( 8017): read_meminfo() mem_free=968508
E/LIGHT   (  902): AmbiLightSensor: get als value 883
E/LIGHT   (  902): AmbiLightSensor: report als event
E/PROXIMITY(  902): ProximitySensor: unknown event (type=3, code=0)
E/PROXIMITY(  902): ProximitySensor: invalid EV_SYN
D/PSD     (  384): set_ps_threshold: low_threshold 138 high_threshold 158 ps_average 78 algo_state 1
W/ADB_SERVICES( 8017): read_meminfo() mem_free=968492
D/PSD     (  384): Prox is far ps 79 als 883 highlight  0 crosstalk 76
W/ADB_SERVICES( 8017): read_meminfo() mem_free=968476
D/CSLegacyTypeTracker(  902): getNetworkForType type 1
D/PSD     (  384): set_ps_threshold: low_threshold 138 high_threshold 158 ps_average 78 algo_state 1
W/ADB_SERVICES( 8017): read_meminfo() mem_free=968476
E/LIGHT   (  902): AmbiLightSensor: get als value 856
E/LIGHT   (  902): AmbiLightSensor: report als event
E/PROXIMITY(  902): ProximitySensor: unknown event (type=3, code=0)
E/PROXIMITY(  902): ProximitySensor: invalid EV_SYN
W/ADB_SERVICES( 8017): read_meminfo() mem_free=968492
W/ADB_SERVICES( 8017): read_meminfo() mem_free=968492
D/PSD     (  384): Prox is far ps 78 als 876 highlight  0 crosstalk 76
D/PSD     (  384): set_ps_threshold: low_threshold 139 high_threshold 159 ps_average 79 algo_state 1
I/WifiStateMachine(  902): fetchRssiLinkSpeedAndFrequencyNative, newRssi:-58, newLinkSpeed:135, SSID:"Black_sheep"
D/NetworkLinkMonitor(  902): RSSI_PKTCNT_FETCH_SUCCEEDED--dtotal= 0
D/SystemUi_TrafficStatsHelper( 9894): ifaceNames[0]:ccmni0
E/LIGHT   (  902): AmbiLightSensor: get als value 879
E/LIGHT   (  902): AmbiLightSensor: report als event
E/PROXIMITY(  902): ProximitySensor: unknown event (type=3, code=0)
E/PROXIMITY(  902): ProximitySensor: invalid EV_SYN
W/ADB_SERVICES( 8017): read_meminfo() mem_free=968744
D/SystemUi_TrafficStatsHelper( 9894): ifaceNames[1]:wlan0
D/CSLegacyTypeTracker(  902): getNetworkForType type 1
D/SystemUi_TrafficStatsHelper( 9894): ifaceNames[2]:p2p0
D/SystemUi_TrafficStatsHelper( 9894): ifaceNames[3]:lo
D/SystemUi_TrafficStatsHelper( 9894): transmitted_validWifiData.get(0) = wlan0
D/PSD     (  384): set_ps_threshold: low_threshold 138 high_threshold 158 ps_average 78 algo_state 1
W/ADB_SERVICES( 8017): read_meminfo() mem_free=968524
W/ADB_SERVICES( 8017): read_meminfo() mem_free=968524
E/LIGHT   (  902): AmbiLightSensor: get als value 863
E/LIGHT   (  902): AmbiLightSensor: report als event
E/PROXIMITY(  902): ProximitySensor: unknown event (type=3, code=0)
E/PROXIMITY(  902): ProximitySensor: invalid EV_SYN
D/PSD     (  384): Prox is far ps 77 als 863 highlight  0 crosstalk 76
D/CSLegacyTypeTracker(  902): getNetworkForType type 1
I/WifiStateMachine(  902): fetchRssiLinkSpeedAndFrequencyNative, newRssi:-58, newLinkSpeed:135, SSID:"Black_sheep"
D/PSD     (  384): set_ps_threshold: low_threshold 138 high_threshold 158 ps_average 78 algo_state 1
W/ADB_SERVICES( 8017): read_meminfo() mem_free=968524
I/WifiStateMachine(  902): fetchRssiLinkSpeedAndFrequencyNative, newRssi:-58, newLinkSpeed:135, SSID:"Black_sheep"
W/ADB_SERVICES( 8017): read_meminfo() mem_free=968524
D/NetworkLinkMonitor(  902): RSSI_PKTCNT_FETCH_SUCCEEDED--dtotal= 0
W/ADB_SERVICES( 8017): read_meminfo() mem_free=968492
D/PSD     (  384): set_ps_threshold: low_threshold 138 high_threshold 158 ps_average 78 algo_state 1
E/LIGHT   (  902): AmbiLightSensor: get als value 876
E/LIGHT   (  902): AmbiLightSensor: report als event
E/PROXIMITY(  902): ProximitySensor: unknown event (type=3, code=0)
E/PROXIMITY(  902): ProximitySensor: invalid EV_SYN
W/ADB_SERVICES( 8017): read_meminfo() mem_free=968492
D/PSD     (  384): Prox is far ps 78 als 856 highlight  0 crosstalk 76
D/PSD     (  384): set_ps_threshold: low_threshold 137 high_threshold 157 ps_average 77 algo_state 1
W/ADB_SERVICES( 8017): read_meminfo() mem_free=968508
W/ADB_SERVICES( 8017): read_meminfo() mem_free=968492
E/LIGHT   (  902): AmbiLightSensor: get als value 868
E/LIGHT   (  902): AmbiLightSensor: report als event
E/PROXIMITY(  902): ProximitySensor: unknown event (type=3, code=0)
E/PROXIMITY(  902): ProximitySensor: invalid EV_SYN
D/PSD     (  384): set_ps_threshold: low_threshold 137 high_threshold 157 ps_average 77 algo_state 1
D/CSLegacyTypeTracker(  902): getNetworkForType type 1
W/ADB_SERVICES( 8017): read_meminfo() mem_free=968524
I/WifiStateMachine(  902): fetchRssiLinkSpeedAndFrequencyNative, newRssi:-58, newLinkSpeed:135, SSID:"Black_sheep"
D/NetworkLinkMonitor(  902): RSSI_PKTCNT_FETCH_SUCCEEDED--dtotal= 0
D/PackageManager(  902): callerName== com.secretlisa.beidanci
D/PackageManager(  902): scc app ai.packageName = com.oppo.launcher ai.name = com.oppo.launcher.Launcher
D/PackageManager(  902): scc app ai.packageName = com.secretlisa.beidanci ai.name = com.secretlisa.beidanci.ActivityLauncher
D/PackageManager(  902): Default app ai.packageName = com.oppo.launcher ai.name = com.oppo.launcher.Launcher
I/System.out(20786): open:https://fu-7fab9ddce6.upalytics.com/mobile/related?decode=B64E&s=5045&v=100
V/ActivityManager(  902): getContentProviderImpl: can't get cpi from packagemanager
E/ActivityThread(20786): Failed to find provider info for com.sec.android.app.sbrowser.browser
I/System.out(20786): [CDS][DNS] getAllByNameImpl netId = 0
V/ActivityManager(  902): getContentProviderImpl: can't get cpi from packagemanager
E/ActivityThread(20786): Failed to find provider info for com.android.chrome.browser
D/ActivityThread(20786): hoder:android.app.IActivityManager$ContentProviderHolder@22c6d774,provider,holder.Provider:android.content.ContentProviderProxy@3c07449d
D/libc-netbsd(20786): [getaddrinfo]: mtk hostname=fu-7fab9ddce6.upalytics.com; servname=(null); cache_mode=(null), netid=0; mark=0; app_uid=10114; ai_addrlen=0; ai_canonname=(null); ai_flags=4; ai_family=0
E/SQLiteLog(32421): (284) automatic index on sqlite_sq_F4B72D00(url)
D/libc-netbsd(20786): [getaddrinfo]: mtk hostname=fu-7fab9ddce6.upalytics.com; servname=(null); cache_mode=(null), netid=0; mark=0; app_uid=10114; ai_addrlen=0; ai_canonname=(null); ai_flags=1024; ai_family=0
I/ActivityManager(  902): Killing 3810:com.android.quicksearchbox/u0a72 (adj 13): empty for 1812s
I/ActivityManager(  902): Killing 3678:com.android.providers.downloads/u0a3 (adj 13): empty for 1813s
I/ActivityManager(  902): Killing 1690:com.coloros.notificationmanager/1000 (adj 15): empty for 1814s
I/ActivityManager(  902): Killing 3610:com.oppo.c2u/u0a17 (adj 15): empty for 1814s
I/ActivityManager(  902): Killing 3530:com.youku.phone/u0a132 (adj 15): empty for 1815s
I/ActivityManager(  902): Killing 32421:com.android.browser/u0a81 (adj 15): empty for 1815s
D/PSD     (  384): Prox is far ps 79 als 867 highlight  0 crosstalk 76
V/ActivityManager(  902): getContentProviderImpl: can't get cpi from packagemanager
D/FrameworkListener(  361): dispatchCommand data = (getaddrinfo fu-7fab9ddce6.upalytics.com ^ 1024 0 1 0 0)
E/ActivityThread(20786): Failed to find provider info for com.android.chrome.browser
E/JavaBinder(  902): !!! FAILED BINDER TRANSACTION !!!
D/ActivityThread(20786): hoder:android.app.IActivityManager$ContentProviderHolder@3777ace3,provider,holder.Provider:android.content.ContentProviderProxy@2f33f6e0
D/libc-netbsd(  361): [getaddrinfo]: mtk hostname=fu-7fab9ddce6.upalytics.com; servname=(null); cache_mode=local, netid=109; mark=917613; app_uid=0; ai_addrlen=0; ai_canonname=(null); ai_flags=1024; ai_family=0
D/libc-netbsd(  361): default dns: query_ipv6=0, query_ipv4=1
D/libc-netbsd(  361): res_queryN name = fu-7fab9ddce6.upalytics.com succeed
E/JavaBinder(20786): !!! FAILED BINDER TRANSACTION !!!
D/libc-netbsd(20786): getaddrinfo: fu-7fab9ddce6.upalytics.com get result from proxy >>
I/System.out(20786): [CDS]rx timeout:30000
I/System.out(20786): [socket][876] connection fu-7fab9ddce6.upalytics.com/209.190.105.134:443;LocalPort=38407(30000)
I/System.out(20786): [CDS]connect[fu-7fab9ddce6.upalytics.com/209.190.105.134:443] tm:30
D/Posix   (20786): [Posix_connect Debug]Process com.secretlisa.beidanci :443 
E/LIGHT   (  902): AmbiLightSensor: get als value 860
E/LIGHT   (  902): AmbiLightSensor: report als event
E/PROXIMITY(  902): ProximitySensor: unknown event (type=3, code=0)
E/PROXIMITY(  902): ProximitySensor: invalid EV_SYN
W/ADB_SERVICES( 8017): read_meminfo() mem_free=999592
D/ActivityManager(  902): SVC-handleAppDiedLocked: app = ProcessRecord{1a538e2e 1690:com.coloros.notificationmanager/1000}, app.pid = 1690
D/ActivityManager(  902): removeDyingProviderLocked: cpr=ContentProviderRecord{1079bdcf u0 com.coloros.notificationmanager/.PowerProvider} always=false inLaunching=false
I/PPS     (  902): [PPSNotifyAppState] nPackNum:4, pack:com.coloros.notificationmanager, com:(null), state:3, pid:0, last_boost_tid:-1
D/ActivityManager(  902): SVC-handleAppDiedLocked: app = ProcessRecord{38c5135c 3810:com.android.quicksearchbox/u0a72}, app.pid = 3810
D/ActivityManager(  902): removeDyingProviderLocked: cpr=ContentProviderRecord{cf77665 u0 com.android.quicksearchbox/.online.OnlineSuggestionProvider} always=false inLaunching=false
I/PPS     (  902): [PPSNotifyAppState] nPackNum:4, pack:com.android.quicksearchbox, com:(null), state:3, pid:0, last_boost_tid:-1
D/ActivityManager(  902): SVC-handleAppDiedLocked: app = ProcessRecord{228e5f3a 3610:com.oppo.c2u/u0a17}, app.pid = 3610
I/PPS     (  902): [PPSNotifyAppState] nPackNum:4, pack:com.oppo.c2u, com:(null), state:3, pid:0, last_boost_tid:-1
W/ADB_SERVICES( 8017): read_meminfo() mem_free=999628
D/ActivityManager(  902): SVC-handleAppDiedLocked: app = ProcessRecord{387e67eb 32421:com.android.browser/u0a81}, app.pid = 32421
D/ActivityManager(  902): removeDyingProviderLocked: cpr=ContentProviderRecord{1c3e0948 u0 com.android.browser/.provider.CityInfoProvider} always=false inLaunching=false
D/ActivityManager(  902): removeDyingProviderLocked: cpr=ContentProviderRecord{22ee13e1 u0 com.android.browser/com.oppo.browser.action.news.provider.NewsContentProvider} always=false inLaunching=false
D/ActivityManager(  902): removeDyingProviderLocked: cpr=ContentProviderRecord{2a733506 u0 com.android.browser/.provider.BrowserProvider2} always=false inLaunching=false
D/ActivityManager(  902): removeDyingProviderLocked: cpr=ContentProviderRecord{35d997c7 u0 com.android.browser/org.chromium.chrome.browser.FileProvider} always=false inLaunching=false
D/ActivityManager(  902): removeDyingProviderLocked: cpr=ContentProviderRecord{24ce71f4 u0 com.android.browser/org.chromium.chrome.browser.ChromeBrowserProvider} always=false inLaunching=false
D/ActivityManager(  902): removeDyingProviderLocked: cpr=ContentProviderRecord{29570d1d u0 com.android.browser/com.oppo.browser.stat.provider.UrlStatProvider} always=false inLaunching=false
D/ActivityManager(  902): removeDyingProviderLocked: cpr=ContentProviderRecord{217d9b92 u0 com.android.browser/com.oppo.book.provider.BookProvider} always=false inLaunching=false
D/ActivityManager(  902): removeDyingProviderLocked: cpr=ContentProviderRecord{2ccde963 u0 com.android.browser/com.oppo.book.provider.BookProviderInternal} always=false inLaunching=false
I/PPS     (  902): [PPSNotifyAppState] nPackNum:4, pack:com.android.browser, com:(null), state:3, pid:0, last_boost_tid:-1
D/WifiService(  902): Client connection lost with reason: 4
D/ActivityManager(  902): SVC-handleAppDiedLocked: app = ProcessRecord{1370aceb 3530:com.youku.phone/u0a132}, app.pid = 3530
D/ActivityManager(  902): removeDyingProviderLocked: cpr=ContentProviderRecord{365ab960 u0 com.youku.phone/com.youku.upload.manager.SDKSupportProvider} always=false inLaunching=false
D/ActivityManager(  902): removeDyingProviderLocked: cpr=ContentProviderRecord{95c5e19 u0 com.youku.phone/com.youku.ui.search.provider.SearchSuggestionProvider} always=false inLaunching=false
D/ActivityManager(  902): removeDyingProviderLocked: cpr=ContentProviderRecord{155dede u0 com.youku.phone/com.youku.gamecenter.providers.GameCenterProvider} always=false inLaunching=false
I/PPS     (  902): [PPSNotifyAppState] nPackNum:4, pack:com.youku.phone, com:(null), state:3, pid:0, last_boost_tid:-1
D/ActivityManager(  902): SVC-handleAppDiedLocked: app = ProcessRecord{392bb8bf 3678:com.android.providers.downloads/u0a3}, app.pid = 3678
D/ActivityManager(  902): removeDyingProviderLocked: cpr=ContentProviderRecord{ca20b8c u0 com.android.providers.downloads/com.oppo.providers.downloads.OppoDownloadProvider} always=false inLaunching=false
D/ActivityManager(  902): removeDyingProviderLocked: cpr=ContentProviderRecord{3acbc2d5 u0 com.android.providers.downloads/.DownloadStorageProvider} always=false inLaunching=false
I/PPS     (  902): [PPSNotifyAppState] nPackNum:4, pack:com.android.providers.downloads, com:(null), state:3, pid:0, last_boost_tid:-1
D/PSD     (  384): set_ps_threshold: low_threshold 138 high_threshold 158 ps_average 78 algo_state 1
I/System.out(20786): [socket][/192.168.124.3:38407] connected
D/libc-netbsd(20786): [getaddrinfo]: mtk hostname=fu-7fab9ddce6.upalytics.com; servname=(null); cache_mode=(null), netid=0; mark=0; app_uid=10114; ai_addrlen=0; ai_canonname=(null); ai_flags=4; ai_family=0
D/NativeCrypto(20786): ssl=0x7f81c8d100 NativeCrypto_SSL_do_handshake fd=0x7f6b97d034 shc=0x7f6b97d038 timeout_millis=30000 client_mode=1 npn=0x0
D/NativeCrypto(20786): doing handshake ++
D/NativeCrypto(20786): ssl=0x7f81c8d100 info_callback where=0x10 ret=1
D/NativeCrypto(20786): ssl=0x7f81c8d100 handshake start in UNKWN  before/connect initialization
D/NativeCrypto(20786): ssl=0x7f81c8d100 info_callback calling handshakeCompleted
D/NativeCrypto(20786): ssl=0x7f81c8d100 info_callback completed
D/NativeCrypto(20786): ssl=0x7f81c8d100 info_callback where=0x1001 ret=1
D/NativeCrypto(20786): ssl=0x7f81c8d100 SSL_connect:UNKWN  before/connect initialization
D/NativeCrypto(20786): ssl=0x7f81c8d100 info_callback ignored
D/NativeCrypto(20786): ssl=0x7f81c8d100 info_callback where=0x1001 ret=1
D/NativeCrypto(20786): ssl=0x7f81c8d100 SSL_connect:3WCH_A SSLv3 write client hello A
D/NativeCrypto(20786): ssl=0x7f81c8d100 info_callback ignored
D/NativeCrypto(20786): ssl=0x7f81c8d100 info_callback where=0x1002 ret=-1
D/NativeCrypto(20786): ssl=0x7f81c8d100 SSL_connect:error exit in 3RSH_A SSLv3 read server hello A
D/NativeCrypto(20786): ssl=0x7f81c8d100 info_callback ignored
D/NativeCrypto(20786): doing handshake -- ret=-1
D/NativeCrypto(20786): ssl=0x7f81c8d100 NativeCrypto_SSL_do_handshake ret=-1 errno=11 sslError=2 timeout_millis=30000
I/thermal_src(  387): wake up function 3
I/thermal_src(  387): TA_DAEMON_CMD_GET_TPCB cmd=0x5, len=4 PCB=29000
I/thermal_src(  387): TA_DAEMON_CMD_SET_TTJ cmd=0x4, len=4 Tj=85000
W/ADB_SERVICES( 8017): read_meminfo() mem_free=1001648
E/LIGHT   (  902): AmbiLightSensor: get als value 879
E/LIGHT   (  902): AmbiLightSensor: report als event
E/PROXIMITY(  902): ProximitySensor: unknown event (type=3, code=0)
E/PROXIMITY(  902): ProximitySensor: invalid EV_SYN
D/PSD     (  384): set_ps_threshold: low_threshold 137 high_threshold 157 ps_average 77 algo_state 1
D/NativeCrypto(20786): doing handshake ++
D/NativeCrypto(20786): ssl=0x7f81c8d100 info_callback where=0x1001 ret=1
D/NativeCrypto(20786): ssl=0x7f81c8d100 SSL_connect:3RSH_A SSLv3 read server hello A
D/NativeCrypto(20786): ssl=0x7f81c8d100 info_callback ignored
E/NativeCrypto(20786): ssl=0x7f81c8d100 cert_verify_callback x509_store_ctx=0x7f6b97cd48 arg=0x0
E/NativeCrypto(20786): ssl=0x7f81c8d100 cert_verify_callback calling verifyCertificateChain authMethod=ECDHE_RSA
D/NativeCrypto(20786): ssl=0x7f81c8d100 cert_verify_callback => 1
D/NativeCrypto(20786): ssl=0x7f81c8d100 info_callback where=0x1001 ret=1
D/NativeCrypto(20786): ssl=0x7f81c8d100 SSL_connect:3RSC_A SSLv3 read server certificate A
D/NativeCrypto(20786): ssl=0x7f81c8d100 info_callback ignored
D/NativeCrypto(20786): ssl=0x7f81c8d100 info_callback where=0x1001 ret=1
D/NativeCrypto(20786): ssl=0x7f81c8d100 SSL_connect:3RSKEA SSLv3 read server key exchange A
D/NativeCrypto(20786): ssl=0x7f81c8d100 info_callback ignored
D/NativeCrypto(20786): ssl=0x7f81c8d100 info_callback where=0x1001 ret=1
D/NativeCrypto(20786): ssl=0x7f81c8d100 SSL_connect:3RSD_A SSLv3 read server done A
D/NativeCrypto(20786): ssl=0x7f81c8d100 info_callback ignored
D/NativeCrypto(20786): ssl=0x7f81c8d100 info_callback where=0x1001 ret=1
D/NativeCrypto(20786): ssl=0x7f81c8d100 SSL_connect:3WCKEA SSLv3 write client key exchange A
D/NativeCrypto(20786): ssl=0x7f81c8d100 info_callback ignored
D/NativeCrypto(20786): ssl=0x7f81c8d100 info_callback where=0x1001 ret=1
D/NativeCrypto(20786): ssl=0x7f81c8d100 SSL_connect:3WCCSA SSLv3 write change cipher spec A
D/NativeCrypto(20786): ssl=0x7f81c8d100 info_callback ignored
D/NativeCrypto(20786): ssl=0x7f81c8d100 info_callback where=0x1001 ret=1
D/NativeCrypto(20786): ssl=0x7f81c8d100 SSL_connect:3WFINA SSLv3 write finished A
D/NativeCrypto(20786): ssl=0x7f81c8d100 info_callback ignored
D/NativeCrypto(20786): ssl=0x7f81c8d100 info_callback where=0x1001 ret=1
D/NativeCrypto(20786): ssl=0x7f81c8d100 SSL_connect:3FLUSH SSLv3 flush data
D/NativeCrypto(20786): ssl=0x7f81c8d100 info_callback ignored
D/NativeCrypto(20786): ssl=0x7f81c8d100 info_callback where=0x1002 ret=-1
D/NativeCrypto(20786): ssl=0x7f81c8d100 SSL_connect:error exit in UNKWN  SSLv3 read server session ticket A
D/NativeCrypto(20786): ssl=0x7f81c8d100 info_callback ignored
D/NativeCrypto(20786): doing handshake -- ret=-1
D/NativeCrypto(20786): ssl=0x7f81c8d100 NativeCrypto_SSL_do_handshake ret=-1 errno=11 sslError=2 timeout_millis=30000
W/ADB_SERVICES( 8017): read_meminfo() mem_free=1001284
D/UsbDeviceManager(  902): onReceive - BATTERY_CHANGED - mPlugType: 2, mSettingUsbCharging: false, mConnected: true, mSettingUsbBicr: false
D/WifiService(  902): onReceive, action:android.intent.action.BATTERY_CHANGED
D/HeadsetStateMachine(15731): Disconnected process message: 10, size: 0
W/ADB_SERVICES( 8017): read_meminfo() mem_free=1001160
D/PSD     (  384): Prox is far ps 79 als 856 highlight  0 crosstalk 76
D/        (  385): charger_monitor log_has_update will be set false
I/WifiStateMachine(  902): fetchRssiLinkSpeedAndFrequencyNative, newRssi:-58, newLinkSpeed:135, SSID:"Black_sheep"
D/NetworkLinkMonitor(  902): RSSI_PKTCNT_FETCH_SUCCEEDED--dtotal= 7
D/NativeCrypto(20786): doing handshake ++
D/NativeCrypto(20786): ssl=0x7f81c8d100 info_callback where=0x1001 ret=1
D/NativeCrypto(20786): ssl=0x7f81c8d100 SSL_connect:UNKWN  SSLv3 read server session ticket A
D/NativeCrypto(20786): ssl=0x7f81c8d100 info_callback ignored
D/NativeCrypto(20786): ssl=0x7f81c8d100 info_callback where=0x1001 ret=1
D/NativeCrypto(20786): ssl=0x7f81c8d100 SSL_connect:3RFINA SSLv3 read finished A
D/NativeCrypto(20786): ssl=0x7f81c8d100 info_callback ignored
D/NativeCrypto(20786): ssl=0x7f81c8d100 info_callback where=0x20 ret=1
D/NativeCrypto(20786): ssl=0x7f81c8d100 handshake done in SSLOK  SSL negotiation finished successfully
D/NativeCrypto(20786): ssl=0x7f81c8d100 info_callback calling handshakeCompleted
D/NativeCrypto(20786): ssl=0x7f81c8d100 info_callback completed
D/NativeCrypto(20786): ssl=0x7f81c8d100 info_callback where=0x1002 ret=1
D/NativeCrypto(20786): ssl=0x7f81c8d100 SSL_connect:ok exit in SSLOK  SSL negotiation finished successfully
D/NativeCrypto(20786): ssl=0x7f81c8d100 info_callback ignored
D/NativeCrypto(20786): doing handshake -- ret=1
D/NativeCrypto(20786): ssl=0x7f81c8d100 NativeCrypto_SSL_get_certificate => NULL
I/System.out(20786): gba_cipher_suite:TLS_ECDHE_RSA_WITH_AES_256_GCM_SHA384
I/System.out(20786): [CDS]SO_SND_TIMEOUT:0
I/System.out(20786): [OkHttp] sendRequest>>
I/System.out(20786): [OkHttp] sendRequest<<
D/NativeCrypto(20786): ssl=0x7f81c8d100 sslWrite buf=0x7f75075000 len=988 write_timeout_millis=0
D/NativeCrypto(20786): ssl=0x7f81c8d100 sslRead buf=0x7f75075000 len=2048,timeo=30000
W/ADB_SERVICES( 8017): read_meminfo() mem_free=1001228
D/PSD     (  384): set_ps_threshold: low_threshold 138 high_threshold 158 ps_average 78 algo_state 1
D/CSLegacyTypeTracker(  902): getNetworkForType type 1
W/ProcessCpuTracker( 3368): Skipping unknown process pid 15409
E/LIGHT   (  902): AmbiLightSensor: get als value 860
E/LIGHT   (  902): AmbiLightSensor: report als event
E/PROXIMITY(  902): ProximitySensor: unknown event (type=3, code=0)
E/PROXIMITY(  902): ProximitySensor: invalid EV_SYN
I/thermal_src(  387): wake up function 3
I/thermal_src(  387): TA_DAEMON_CMD_GET_TPCB cmd=0x5, len=4 PCB=29000
I/thermal_src(  387): TA_DAEMON_CMD_SET_TTJ cmd=0x4, len=4 Tj=85000
D/PackageManager(  902): callerName== com.secretlisa.beidanci
D/PackageManager(  902): scc app ai.packageName = com.oppo.launcher ai.name = com.oppo.launcher.Launcher
D/PackageManager(  902): scc app ai.packageName = com.secretlisa.beidanci ai.name = com.secretlisa.beidanci.ActivityLauncher
D/PackageManager(  902): Default app ai.packageName = com.oppo.launcher ai.name = com.oppo.launcher.Launcher
I/System.out(20786): Close in OkHttp
D/NativeCrypto(20786): ssl=0x7f81c8d100 NativeCrypto_SSL_interrupt
D/NativeCrypto(20786):  sslNotify, appData=0x7f81dc50c0 ret=1
D/NativeCrypto(20786):  sslNotify, appData=0x7f81dc50c0 ret=1
D/NativeCrypto(20786): ssl=0x7f81c8d100 info_callback where=0x4008 ret=256
D/NativeCrypto(20786): ssl=0x7f81c8d100 SSL3 alert write:W:CN warning close notify
D/NativeCrypto(20786): ssl=0x7f81c8d100 info_callback ignored
I/System.out(20786): [CDS]close[38407]
I/System.out(20786): open:https://fu-7fab9ddce6.upalytics.com/mobile/related?decode=B64E&s=5045&v=100
I/System.out(20786): [CDS][DNS] getAllByNameImpl netId = 0
D/libc-netbsd(20786): [getaddrinfo]: mtk hostname=fu-7fab9ddce6.upalytics.com; servname=(null); cache_mode=(null), netid=0; mark=0; app_uid=10114; ai_addrlen=0; ai_canonname=(null); ai_flags=4; ai_family=0
I/System.out(20786): [CDS]rx timeout:30000
I/System.out(20786): [socket][877] connection fu-7fab9ddce6.upalytics.com/209.190.105.134:443;LocalPort=34980(30000)
I/System.out(20786): [CDS]connect[fu-7fab9ddce6.upalytics.com/209.190.105.134:443] tm:30
D/Posix   (20786): [Posix_connect Debug]Process com.secretlisa.beidanci :443 
W/ADB_SERVICES( 8017): read_meminfo() mem_free=1001492
W/ADB_SERVICES( 8017): read_meminfo() mem_free=1002012
D/PSD     (  384): set_ps_threshold: low_threshold 137 high_threshold 157 ps_average 77 algo_state 1
I/System.out(20786): [socket][/192.168.124.3:34980] connected
D/PSD     (  384): Prox is far ps 79 als 876 highlight  0 crosstalk 76
D/libc-netbsd(20786): [getaddrinfo]: mtk hostname=fu-7fab9ddce6.upalytics.com; servname=(null); cache_mode=(null), netid=0; mark=0; app_uid=10114; ai_addrlen=0; ai_canonname=(null); ai_flags=4; ai_family=0
D/NativeCrypto(20786): ssl=0x7f7a8fc200 NativeCrypto_SSL_do_handshake fd=0x7f6b671034 shc=0x7f6b671038 timeout_millis=30000 client_mode=1 npn=0x0
D/NativeCrypto(20786): doing handshake ++
D/NativeCrypto(20786): ssl=0x7f7a8fc200 info_callback where=0x10 ret=1
D/NativeCrypto(20786): ssl=0x7f7a8fc200 handshake start in UNKWN  before/connect initialization
D/NativeCrypto(20786): ssl=0x7f7a8fc200 info_callback calling handshakeCompleted
D/NativeCrypto(20786): ssl=0x7f7a8fc200 info_callback completed
D/NativeCrypto(20786): ssl=0x7f7a8fc200 info_callback where=0x1001 ret=1
D/NativeCrypto(20786): ssl=0x7f7a8fc200 SSL_connect:UNKWN  before/connect initialization
D/NativeCrypto(20786): ssl=0x7f7a8fc200 info_callback ignored
D/NativeCrypto(20786): ssl=0x7f7a8fc200 info_callback where=0x1001 ret=1
D/NativeCrypto(20786): ssl=0x7f7a8fc200 SSL_connect:3WCH_A SSLv3 write client hello A
D/NativeCrypto(20786): ssl=0x7f7a8fc200 info_callback ignored
D/NativeCrypto(20786): ssl=0x7f7a8fc200 info_callback where=0x1002 ret=-1
D/NativeCrypto(20786): ssl=0x7f7a8fc200 SSL_connect:error exit in 3RSH_A SSLv3 read server hello A
D/NativeCrypto(20786): ssl=0x7f7a8fc200 info_callback ignored
D/NativeCrypto(20786): doing handshake -- ret=-1
D/NativeCrypto(20786): ssl=0x7f7a8fc200 NativeCrypto_SSL_do_handshake ret=-1 errno=11 sslError=2 timeout_millis=30000
W/ADB_SERVICES( 8017): read_meminfo() mem_free=1002012
E/LIGHT   (  902): AmbiLightSensor: get als value 876
E/LIGHT   (  902): AmbiLightSensor: report als event
E/PROXIMITY(  902): ProximitySensor: unknown event (type=3, code=0)
E/PROXIMITY(  902): ProximitySensor: invalid EV_SYN
I/WifiStateMachine(  902): fetchRssiLinkSpeedAndFrequencyNative, newRssi:-58, newLinkSpeed:135, SSID:"Black_sheep"
D/PSD     (  384): set_ps_threshold: low_threshold 137 high_threshold 157 ps_average 77 algo_state 1
D/NativeCrypto(20786): doing handshake ++
D/NativeCrypto(20786): ssl=0x7f7a8fc200 info_callback where=0x1001 ret=1
D/NativeCrypto(20786): ssl=0x7f7a8fc200 SSL_connect:3RSH_A SSLv3 read server hello A
D/NativeCrypto(20786): ssl=0x7f7a8fc200 info_callback ignored
D/NativeCrypto(20786): ssl=0x7f7a8fc200 info_callback where=0x1001 ret=1
D/NativeCrypto(20786): ssl=0x7f7a8fc200 SSL_connect:3RFINA SSLv3 read finished A
D/NativeCrypto(20786): ssl=0x7f7a8fc200 info_callback ignored
D/NativeCrypto(20786): ssl=0x7f7a8fc200 info_callback where=0x1001 ret=1
D/NativeCrypto(20786): ssl=0x7f7a8fc200 SSL_connect:3WCCSA SSLv3 write change cipher spec A
D/NativeCrypto(20786): ssl=0x7f7a8fc200 info_callback ignored
D/NativeCrypto(20786): ssl=0x7f7a8fc200 info_callback where=0x1001 ret=1
D/NativeCrypto(20786): ssl=0x7f7a8fc200 SSL_connect:3WFINA SSLv3 write finished A
D/NativeCrypto(20786): ssl=0x7f7a8fc200 info_callback ignored
D/NativeCrypto(20786): ssl=0x7f7a8fc200 info_callback where=0x1001 ret=1
D/NativeCrypto(20786): ssl=0x7f7a8fc200 SSL_connect:3FLUSH SSLv3 flush data
D/NativeCrypto(20786): ssl=0x7f7a8fc200 info_callback ignored
D/NativeCrypto(20786): ssl=0x7f7a8fc200 info_callback where=0x20 ret=1
D/NativeCrypto(20786): ssl=0x7f7a8fc200 handshake done in SSLOK  SSL negotiation finished successfully
D/NativeCrypto(20786): ssl=0x7f7a8fc200 info_callback calling handshakeCompleted
D/NativeCrypto(20786): ssl=0x7f7a8fc200 info_callback completed
D/NativeCrypto(20786): ssl=0x7f7a8fc200 info_callback where=0x1002 ret=1
D/NativeCrypto(20786): ssl=0x7f7a8fc200 SSL_connect:ok exit in SSLOK  SSL negotiation finished successfully
D/NativeCrypto(20786): ssl=0x7f7a8fc200 info_callback ignored
D/NativeCrypto(20786): doing handshake -- ret=1
I/System.out(20786): gba_cipher_suite:TLS_ECDHE_RSA_WITH_AES_256_GCM_SHA384
I/System.out(20786): [CDS]SO_SND_TIMEOUT:0
I/System.out(20786): [OkHttp] sendRequest>>
I/System.out(20786): [OkHttp] sendRequest<<
D/NativeCrypto(20786): ssl=0x7f7a8fc200 sslWrite buf=0x7f7a8b0800 len=716 write_timeout_millis=0
D/NativeCrypto(20786): ssl=0x7f7a8fc200 sslRead buf=0x7f7a8b0800 len=2048,timeo=30000
W/ADB_SERVICES( 8017): read_meminfo() mem_free=1002096
W/ADB_SERVICES( 8017): read_meminfo() mem_free=1002096
I/WifiStateMachine(  902): fetchRssiLinkSpeedAndFrequencyNative, newRssi:-58, newLinkSpeed:135, SSID:"Black_sheep"
D/NetworkLinkMonitor(  902): RSSI_PKTCNT_FETCH_SUCCEEDED--dtotal= 8
D/GsmCellLocation( 1846): fillInNotifierBundle:Bundle[{cid=227332866, lac=21157, psc=-1, type=1}]
E/CellLocation( 9426): create GsmCellLocation
D/KeyguardUpdateMonitor( 1890): Received SPN update on sub :0
D/HeadsetPhoneState(15731): sendDeviceStateChanged. mService=1 mSignal=4 mRoam=0 mBatteryCharge=4
D/HeadsetStateMachine(15731): Disconnected process message: 11, size: 0
V/CountryDetector(  902):     phonetype=1
D/CountryDetector(  902): onServiceStateChanged: 0
D/VIA_GPS ( 1846): onServiceStateChanged slotId = 0, subId = 2state = 0, cdmaphone state=3, notifyState=3, this = Handler (com.mediatek.internal.telephony.cdma.ViaGpsProcess) {18bd48d0}
V/CountryDetector(  902):     phonetype=1
D/CountryDetector(  902): startLocationBasedDetection=true detectCountry=(source: 0, countryISO: CN) isAirplaneModeOff()=true mListener=com.android.server.CountryDetectorService$1@3574eb43 isGeoCoderImplemnted()=true
D/CountryDetector(  902): tries to stop LocationBasedDetector (current detector: null)
W/ADB_SERVICES( 8017): read_meminfo() mem_free=1001600
D/SystemUi_TrafficStatsHelper( 9894): ifaceNames[0]:ccmni0
D/SystemUi_TrafficStatsHelper( 9894): ifaceNames[1]:wlan0
D/SystemUi_TrafficStatsHelper( 9894): ifaceNames[2]:p2p0
D/SystemUi_TrafficStatsHelper( 9894): ifaceNames[3]:lo
D/SystemUi_TrafficStatsHelper( 9894): transmitted_validWifiData.get(0) = wlan0
E/LIGHT   (  902): AmbiLightSensor: get als value 863
E/LIGHT   (  902): AmbiLightSensor: report als event
E/PROXIMITY(  902): ProximitySensor: unknown event (type=3, code=0)
E/PROXIMITY(  902): ProximitySensor: invalid EV_SYN
D/PSD     (  384): Prox is far ps 77 als 863 highlight  0 crosstalk 76
D/PSD     (  384): set_ps_threshold: low_threshold 138 high_threshold 158 ps_average 78 algo_state 1
I/System.out( 2222): [CDS]close[55744]
I/System.out( 2222): [CDS][DNS] getAllByNameImpl netId = 0
D/libc-netbsd( 2222): [getaddrinfo]: mtk hostname=mqtt.m.youku.com; servname=(null); cache_mode=(null), netid=0; mark=0; app_uid=10132; ai_addrlen=0; ai_canonname=(null); ai_flags=4; ai_family=0
D/libc-netbsd( 2222): [getaddrinfo]: mtk hostname=mqtt.m.youku.com; servname=(null); cache_mode=(null), netid=0; mark=0; app_uid=10132; ai_addrlen=0; ai_canonname=(null); ai_flags=1024; ai_family=0
D/FrameworkListener(  361): dispatchCommand data = (getaddrinfo mqtt.m.youku.com ^ 1024 0 1 0 0)
D/libc-netbsd(  361): [getaddrinfo]: mtk hostname=mqtt.m.youku.com; servname=(null); cache_mode=local, netid=109; mark=917613; app_uid=0; ai_addrlen=0; ai_canonname=(null); ai_flags=1024; ai_family=0
D/libc-netbsd(  361): default dns: query_ipv6=0, query_ipv4=1
D/libc-netbsd(  361): res_queryN name = mqtt.m.youku.com succeed
D/libc-netbsd( 2222): getaddrinfo: mqtt.m.youku.com get result from proxy >>
I/System.out( 2222): [socket][25] connection mqtt.m.youku.com/183.207.229.198:8080;LocalPort=47586(10000)
I/System.out( 2222): [CDS]connect[mqtt.m.youku.com/183.207.229.198:8080] tm:10
D/Posix   ( 2222): [Posix_connect Debug]Process com.push.Youku_PushService :8080 
I/System.out( 2222): [socket][/192.168.124.3:47586] connected
D/CSLegacyTypeTracker(  902): getNetworkForType type 1
I/System.out(20786): Close in OkHttp
D/NativeCrypto(20786): ssl=0x7f7a8fc200 NativeCrypto_SSL_interrupt
D/NativeCrypto(20786):  sslNotify, appData=0x7f7a8b5fc0 ret=1
D/NativeCrypto(20786):  sslNotify, appData=0x7f7a8b5fc0 ret=1
D/NativeCrypto(20786): ssl=0x7f7a8fc200 info_callback where=0x4008 ret=256
D/NativeCrypto(20786): ssl=0x7f7a8fc200 SSL3 alert write:W:CN warning close notify
D/NativeCrypto(20786): ssl=0x7f7a8fc200 info_callback ignored
I/System.out(20786): [CDS]close[34980]
W/ADB_SERVICES( 8017): read_meminfo() mem_free=1001696
W/ADB_SERVICES( 8017): read_meminfo() mem_free=1001696
D/PSD     (  384): set_ps_threshold: low_threshold 138 high_threshold 158 ps_average 78 algo_state 1
E/LIGHT   (  902): AmbiLightSensor: get als value 856
E/LIGHT   (  902): AmbiLightSensor: report als event
E/PROXIMITY(  902): ProximitySensor: unknown event (type=3, code=0)
E/PROXIMITY(  902): ProximitySensor: invalid EV_SYN
W/ADB_SERVICES( 8017): read_meminfo() mem_free=1001696
D/PSD     (  384): Prox is far ps 78 als 868 highlight  0 crosstalk 76
I/WifiStateMachine(  902): fetchRssiLinkSpeedAndFrequencyNative, newRssi:-58, newLinkSpeed:135, SSID:"Black_sheep"
D/NetworkLinkMonitor(  902): RSSI_PKTCNT_FETCH_SUCCEEDED--dtotal= 10
D/PSD     (  384): set_ps_threshold: low_threshold 137 high_threshold 157 ps_average 77 algo_state 1
W/ADB_SERVICES( 8017): read_meminfo() mem_free=1001760
W/ADB_SERVICES( 8017): read_meminfo() mem_free=1001760
E/LIGHT   (  902): AmbiLightSensor: get als value 863
E/LIGHT   (  902): AmbiLightSensor: report als event
E/PROXIMITY(  902): ProximitySensor: unknown event (type=3, code=0)
E/PROXIMITY(  902): ProximitySensor: invalid EV_SYN
W/ADB_SERVICES( 8017): read_meminfo() mem_free=1001760
D/PSD     (  384): set_ps_threshold: low_threshold 138 high_threshold 158 ps_average 78 algo_state 1
D/CSLegacyTypeTracker(  902): getNetworkForType type 1
D/PSD     (  384): Prox is far ps 77 als 856 highlight  0 crosstalk 76
E/LIGHT   (  902): AmbiLightSensor: get als value 856
E/LIGHT   (  902): AmbiLightSensor: report als event
E/PROXIMITY(  902): ProximitySensor: unknown event (type=3, code=0)
