D/UsbDeviceManager(  902): onReceive - BATTERY_CHANGED - mPlugType: 2, mSettingUsbCharging: false, mConnected: true, mSettingUsbBicr: false
D/WifiService(  902): onReceive, action:android.intent.action.BATTERY_CHANGED
D/HeadsetStateMachine(15731): Disconnected process message: 10, size: 0
E/LIGHT   (  902): AmbiLightSensor: get als value 872
E/LIGHT   (  902): AmbiLightSensor: report als event
E/PROXIMITY(  902): ProximitySensor: unknown event (type=3, code=0)
E/PROXIMITY(  902): ProximitySensor: invalid EV_SYN
W/ADB_SERVICES( 8017): read_meminfo() mem_free=955672
W/ADB_SERVICES( 8017): read_meminfo() mem_free=955516
D/        (  385): charger_monitor log_has_update will be set false
I/WifiStateMachine(  902): fetchRssiLinkSpeedAndFrequencyNative, newRssi:-58, newLinkSpeed:135, SSID:"Black_sheep"
D/NetworkLinkMonitor(  902): RSSI_PKTCNT_FETCH_SUCCEEDED--dtotal= 0
W/ADB_SERVICES( 8017): read_meminfo() mem_free=955508
I/thermal_src(  387): wake up function 3
I/thermal_src(  387): TA_DAEMON_CMD_GET_TPCB cmd=0x5, len=4 PCB=29000
I/thermal_src(  387): TA_DAEMON_CMD_SET_TTJ cmd=0x4, len=4 Tj=85000
D/PSD     (  384): set_ps_threshold: low_threshold 137 high_threshold 157 ps_average 77 algo_state 1
D/SystemUi_TrafficStatsHelper( 9894): ifaceNames[0]:ccmni0
D/SystemUi_TrafficStatsHelper( 9894): ifaceNames[1]:wlan0
D/SystemUi_TrafficStatsHelper( 9894): ifaceNames[2]:p2p0
D/SystemUi_TrafficStatsHelper( 9894): ifaceNames[3]:lo
D/SystemUi_TrafficStatsHelper( 9894): transmitted_validWifiData.get(0) = wlan0
E/LIGHT   (  902): AmbiLightSensor: get als value 867
E/LIGHT   (  902): AmbiLightSensor: report als event
E/PROXIMITY(  902): ProximitySensor: unknown event (type=3, code=0)
E/PROXIMITY(  902): ProximitySensor: invalid EV_SYN
W/ADB_SERVICES( 8017): read_meminfo() mem_free=955288
W/ADB_SERVICES( 8017): read_meminfo() mem_free=955256
D/CSLegacyTypeTracker(  902): getNetworkForType type 1
D/PSD     (  384): Prox is far ps 77 als 856 highlight  0 crosstalk 76
D/PSD     (  384): set_ps_threshold: low_threshold 137 high_threshold 157 ps_average 77 algo_state 1
W/ADB_SERVICES( 8017): read_meminfo() mem_free=955256
E/LIGHT   (  902): AmbiLightSensor: get als value 879
E/LIGHT   (  902): AmbiLightSensor: report als event
E/PROXIMITY(  902): ProximitySensor: unknown event (type=3, code=0)
E/PROXIMITY(  902): ProximitySensor: invalid EV_SYN
D/PSD     (  384): set_ps_threshold: low_threshold 138 high_threshold 158 ps_average 78 algo_state 1
I/WifiStateMachine(  902): fetchRssiLinkSpeedAndFrequencyNative, newRssi:-58, newLinkSpeed:135, SSID:"Black_sheep"
D/NetworkLinkMonitor(  902): RSSI_PKTCNT_FETCH_SUCCEEDED--dtotal= 0
W/ADB_SERVICES( 8017): read_meminfo() mem_free=955308
W/ADB_SERVICES( 8017): read_meminfo() mem_free=955276
W/ADB_SERVICES( 8017): read_meminfo() mem_free=955276
D/PSD     (  384): Prox is far ps 77 als 868 highlight  0 crosstalk 76
D/PSD     (  384): set_ps_threshold: low_threshold 137 high_threshold 157 ps_average 77 algo_state 1
E/LIGHT   (  902): AmbiLightSensor: get als value 851
E/LIGHT   (  902): AmbiLightSensor: report als event
E/PROXIMITY(  902): ProximitySensor: unknown event (type=3, code=0)
E/PROXIMITY(  902): ProximitySensor: invalid EV_SYN
I/WifiStateMachine(  902): fetchRssiLinkSpeedAndFrequencyNative, newRssi:-58, newLinkSpeed:135, SSID:"Black_sheep"
W/ADB_SERVICES( 8017): read_meminfo() mem_free=955292
W/ADB_SERVICES( 8017): read_meminfo() mem_free=955276
D/CSLegacyTypeTracker(  902): getNetworkForType type 1
D/PSD     (  384): set_ps_threshold: low_threshold 138 high_threshold 158 ps_average 78 algo_state 1
W/ADB_SERVICES( 8017): read_meminfo() mem_free=955276
E/LIGHT   (  902): AmbiLightSensor: get als value 876
E/LIGHT   (  902): AmbiLightSensor: report als event
E/PROXIMITY(  902): ProximitySensor: unknown event (type=3, code=0)
E/PROXIMITY(  902): ProximitySensor: invalid EV_SYN
D/PSD     (  384): Prox is far ps 78 als 851 highlight  0 crosstalk 76
I/WifiStateMachine(  902): fetchRssiLinkSpeedAndFrequencyNative, newRssi:-58, newLinkSpeed:135, SSID:"Black_sheep"
D/NetworkLinkMonitor(  902): RSSI_PKTCNT_FETCH_SUCCEEDED--dtotal= 0
D/PSD     (  384): set_ps_threshold: low_threshold 138 high_threshold 158 ps_average 78 algo_state 1
W/ADB_SERVICES( 8017): read_meminfo() mem_free=955292
W/ADB_SERVICES( 8017): read_meminfo() mem_free=955276
W/ADB_SERVICES( 8017): read_meminfo() mem_free=955276
E/LIGHT   (  902): AmbiLightSensor: get als value 863
E/LIGHT   (  902): AmbiLightSensor: report als event
E/PROXIMITY(  902): ProximitySensor: unknown event (type=3, code=0)
E/PROXIMITY(  902): ProximitySensor: invalid EV_SYN
D/PSD     (  384): set_ps_threshold: low_threshold 138 high_threshold 158 ps_average 78 algo_state 1
D/PSD     (  384): Prox is far ps 79 als 860 highlight  0 crosstalk 76
W/ADB_SERVICES( 8017): read_meminfo() mem_free=955168
W/ADB_SERVICES( 8017): read_meminfo() mem_free=955152
D/PSD     (  384): set_ps_threshold: low_threshold 138 high_threshold 158 ps_average 78 algo_state 1
D/CSLegacyTypeTracker(  902): getNetworkForType type 1
E/LIGHT   (  902): AmbiLightSensor: get als value 856
E/LIGHT   (  902): AmbiLightSensor: report als event
E/PROXIMITY(  902): ProximitySensor: unknown event (type=3, code=0)
E/PROXIMITY(  902): ProximitySensor: invalid EV_SYN
W/ADB_SERVICES( 8017): read_meminfo() mem_free=955152
I/WifiStateMachine(  902): fetchRssiLinkSpeedAndFrequencyNative, newRssi:-58, newLinkSpeed:135, SSID:"Black_sheep"
D/NetworkLinkMonitor(  902): RSSI_PKTCNT_FETCH_SUCCEEDED--dtotal= 0
D/PSD     (  384): set_ps_threshold: low_threshold 139 high_threshold 159 ps_average 79 algo_state 1
D/PSD     (  384): Prox is far ps 78 als 872 highlight  0 crosstalk 76
E/LIGHT   (  902): AmbiLightSensor: get als value 872
E/LIGHT   (  902): AmbiLightSensor: report als event
E/PROXIMITY(  902): ProximitySensor: unknown event (type=3, code=0)
E/PROXIMITY(  902): ProximitySensor: invalid EV_SYN
W/ADB_SERVICES( 8017): read_meminfo() mem_free=955168
W/ADB_SERVICES( 8017): read_meminfo() mem_free=955152
W/ADB_SERVICES( 8017): read_meminfo() mem_free=955152
D/PSD     (  384): set_ps_threshold: low_threshold 138 high_threshold 158 ps_average 78 algo_state 1
E/LIGHT   (  902): AmbiLightSensor: get als value 851
E/LIGHT   (  902): AmbiLightSensor: report als event
E/PROXIMITY(  902): ProximitySensor: unknown event (type=3, code=0)
E/PROXIMITY(  902): ProximitySensor: invalid EV_SYN
I/WifiStateMachine(  902): fetchRssiLinkSpeedAndFrequencyNative, newRssi:-58, newLinkSpeed:135, SSID:"Black_sheep"
W/ADB_SERVICES( 8017): read_meminfo() mem_free=955184
D/NetworkLinkMonitor(  902): RSSI_PKTCNT_FETCH_SUCCEEDED--dtotal= 1
W/ADB_SERVICES( 8017): read_meminfo() mem_free=955044
D/PSD     (  384): set_ps_threshold: low_threshold 138 high_threshold 158 ps_average 78 algo_state 1
D/CSLegacyTypeTracker(  902): getNetworkForType type 1
W/ADB_SERVICES( 8017): read_meminfo() mem_free=954548
D/PSD     (  384): Prox is far ps 79 als 876 highlight  0 crosstalk 76
D/CSLegacyTypeTracker(  902): getNetworkForType type 1
D/SystemUi_TrafficStatsHelper( 9894): ifaceNames[0]:ccmni0
D/SystemUi_TrafficStatsHelper( 9894): ifaceNames[1]:wlan0
D/SystemUi_TrafficStatsHelper( 9894): ifaceNames[2]:p2p0
D/SystemUi_TrafficStatsHelper( 9894): ifaceNames[3]:lo
D/SystemUi_TrafficStatsHelper( 9894): transmitted_validWifiData.get(0) = wlan0
E/LIGHT   (  902): AmbiLightSensor: get als value 860
E/LIGHT   (  902): AmbiLightSensor: report als event
E/PROXIMITY(  902): ProximitySensor: unknown event (type=3, code=0)
E/PROXIMITY(  902): ProximitySensor: invalid EV_SYN
D/PSD     (  384): set_ps_threshold: low_threshold 138 high_threshold 158 ps_average 78 algo_state 1
I/WifiStateMachine(  902): fetchRssiLinkSpeedAndFrequencyNative, newRssi:-58, newLinkSpeed:135, SSID:"Black_sheep"
I/thermal_src(  387): wake up function 3
I/thermal_src(  387): TA_DAEMON_CMD_GET_TPCB cmd=0x5, len=4 PCB=29000
I/thermal_src(  387): TA_DAEMON_CMD_SET_TTJ cmd=0x4, len=4 Tj=85000
W/ADB_SERVICES( 8017): read_meminfo() mem_free=951764
W/ADB_SERVICES( 8017): read_meminfo() mem_free=951732
W/ADB_SERVICES( 8017): read_meminfo() mem_free=951624
D/PSD     (  384): Prox is far ps 79 als 879 highlight  0 crosstalk 76
D/PSD     (  384): set_ps_threshold: low_threshold 139 high_threshold 159 ps_average 79 algo_state 1
E/LIGHT   (  902): AmbiLightSensor: get als value 879
E/LIGHT   (  902): AmbiLightSensor: report als event
E/PROXIMITY(  902): ProximitySensor: unknown event (type=3, code=0)
E/PROXIMITY(  902): ProximitySensor: invalid EV_SYN
D/        (  385): charger_monitor log_has_update will be set false
I/WifiStateMachine(  902): fetchRssiLinkSpeedAndFrequencyNative, newRssi:-58, newLinkSpeed:135, SSID:"Black_sheep"
D/NetworkLinkMonitor(  902): RSSI_PKTCNT_FETCH_SUCCEEDED--dtotal= 0
I/thermal_src(  387): wake up function 3
I/thermal_src(  387): TA_DAEMON_CMD_GET_TPCB cmd=0x5, len=4 PCB=29000
I/thermal_src(  387): TA_DAEMON_CMD_SET_TTJ cmd=0x4, len=4 Tj=85000
W/ADB_SERVICES( 8017): read_meminfo() mem_free=950988
D/CSLegacyTypeTracker(  902): getNetworkForType type 1
W/ADB_SERVICES( 8017): read_meminfo() mem_free=951212
D/PSD     (  384): set_ps_threshold: low_threshold 138 high_threshold 158 ps_average 78 algo_state 1
W/ADB_SERVICES( 8017): read_meminfo() mem_free=951732
D/PackageManager(  902): callerName== com.secretlisa.beidanci
D/PackageManager(  902): scc app ai.packageName = com.oppo.launcher ai.name = com.oppo.launcher.Launcher
D/PackageManager(  902): scc app ai.packageName = com.secretlisa.beidanci ai.name = com.secretlisa.beidanci.ActivityLauncher
D/PackageManager(  902): Default app ai.packageName = com.oppo.launcher ai.name = com.oppo.launcher.Launcher
E/LIGHT   (  902): AmbiLightSensor: get als value 856
E/LIGHT   (  902): AmbiLightSensor: report als event
E/PROXIMITY(  902): ProximitySensor: unknown event (type=3, code=0)
E/PROXIMITY(  902): ProximitySensor: invalid EV_SYN
D/PSD     (  384): Prox is far ps 77 als 879 highlight  0 crosstalk 76
D/PSD     (  384): set_ps_threshold: low_threshold 138 high_threshold 158 ps_average 78 algo_state 1
W/ADB_SERVICES( 8017): read_meminfo() mem_free=951992
W/ADB_SERVICES( 8017): read_meminfo() mem_free=952152
W/ADB_SERVICES( 8017): read_meminfo() mem_free=952152
E/LIGHT   (  902): AmbiLightSensor: get als value 883
E/LIGHT   (  902): AmbiLightSensor: report als event
E/PROXIMITY(  902): ProximitySensor: unknown event (type=3, code=0)
E/PROXIMITY(  902): ProximitySensor: invalid EV_SYN
D/PSD     (  384): set_ps_threshold: low_threshold 139 high_threshold 159 ps_average 79 algo_state 1
I/WifiStateMachine(  902): fetchRssiLinkSpeedAndFrequencyNative, newRssi:-58, newLinkSpeed:135, SSID:"Black_sheep"
D/NetworkLinkMonitor(  902): RSSI_PKTCNT_FETCH_SUCCEEDED--dtotal= 0
D/PSD     (  384): Prox is far ps 78 als 883 highlight  0 crosstalk 76
D/CSLegacyTypeTracker(  902): getNetworkForType type 1
W/ADB_SERVICES( 8017): read_meminfo() mem_free=952136
D/PSD     (  384): set_ps_threshold: low_threshold 138 high_threshold 158 ps_average 78 algo_state 1
W/ADB_SERVICES( 8017): read_meminfo() mem_free=952012
E/LIGHT   (  902): AmbiLightSensor: get als value 879
E/LIGHT   (  902): AmbiLightSensor: report als event
E/PROXIMITY(  902): ProximitySensor: unknown event (type=3, code=0)
E/PROXIMITY(  902): ProximitySensor: invalid EV_SYN
W/ADB_SERVICES( 8017): read_meminfo() mem_free=951948
D/PSD     (  384): set_ps_threshold: low_threshold 139 high_threshold 159 ps_average 79 algo_state 1
E/LIGHT   (  902): AmbiLightSensor: get als value 851
E/LIGHT   (  902): AmbiLightSensor: report als event
E/PROXIMITY(  902): ProximitySensor: unknown event (type=3, code=0)
E/PROXIMITY(  902): ProximitySensor: invalid EV_SYN
W/ADB_SERVICES( 8017): read_meminfo() mem_free=952168
D/PSD     (  384): Prox is far ps 77 als 872 highlight  0 crosstalk 76
W/ADB_SERVICES( 8017): read_meminfo() mem_free=952168
I/WifiStateMachine(  902): fetchRssiLinkSpeedAndFrequencyNative, newRssi:-58, newLinkSpeed:135, SSID:"Black_sheep"
D/NetworkLinkMonitor(  902): RSSI_PKTCNT_FETCH_SUCCEEDED--dtotal= 2
W/ADB_SERVICES( 8017): read_meminfo() mem_free=952028
D/PSD     (  384): set_ps_threshold: low_threshold 138 high_threshold 158 ps_average 78 algo_state 1
E/LIGHT   (  902): AmbiLightSensor: get als value 879
E/LIGHT   (  902): AmbiLightSensor: report als event
E/PROXIMITY(  902): ProximitySensor: unknown event (type=3, code=0)
E/PROXIMITY(  902): ProximitySensor: invalid EV_SYN
I/WifiStateMachine(  902): fetchRssiLinkSpeedAndFrequencyNative, newRssi:-58, newLinkSpeed:135, SSID:"Black_sheep"
W/ADB_SERVICES( 8017): read_meminfo() mem_free=951996
D/PSD     (  384): set_ps_threshold: low_threshold 138 high_threshold 158 ps_average 78 algo_state 1
W/ADB_SERVICES( 8017): read_meminfo() mem_free=951856
D/CSLegacyTypeTracker(  902): getNetworkForType type 1
W/ADB_SERVICES( 8017): read_meminfo() mem_free=951856
D/PSD     (  384): Prox is far ps 79 als 863 highlight  0 crosstalk 76
E/LIGHT   (  902): AmbiLightSensor: get als value 860
E/LIGHT   (  902): AmbiLightSensor: report als event
E/PROXIMITY(  902): ProximitySensor: unknown event (type=3, code=0)
E/PROXIMITY(  902): ProximitySensor: invalid EV_SYN
D/PSD     (  384): set_ps_threshold: low_threshold 138 high_threshold 158 ps_average 78 algo_state 1
I/WifiStateMachine(  902): fetchRssiLinkSpeedAndFrequencyNative, newRssi:-58, newLinkSpeed:135, SSID:"Black_sheep"
D/NetworkLinkMonitor(  902): RSSI_PKTCNT_FETCH_SUCCEEDED--dtotal= 2
W/ADB_SERVICES( 8017): read_meminfo() mem_free=952012
W/ADB_SERVICES( 8017): read_meminfo() mem_free=951840
D/SystemUi_TrafficStatsHelper( 9894): ifaceNames[0]:ccmni0
D/SystemUi_TrafficStatsHelper( 9894): ifaceNames[1]:wlan0
D/SystemUi_TrafficStatsHelper( 9894): ifaceNames[2]:p2p0
D/SystemUi_TrafficStatsHelper( 9894): ifaceNames[3]:lo
D/SystemUi_TrafficStatsHelper( 9894): transmitted_validWifiData.get(0) = wlan0
W/ADB_SERVICES( 8017): read_meminfo() mem_free=951800
D/PSD     (  384): set_ps_threshold: low_threshold 138 high_threshold 158 ps_average 78 algo_state 1
D/PSD     (  384): Prox is far ps 79 als 856 highlight  0 crosstalk 76
E/LIGHT   (  902): AmbiLightSensor: get als value 872
E/LIGHT   (  902): AmbiLightSensor: report als event
E/PROXIMITY(  902): ProximitySensor: unknown event (type=3, code=0)
E/PROXIMITY(  902): ProximitySensor: invalid EV_SYN
D/PSD     (  384): set_ps_threshold: low_threshold 138 high_threshold 158 ps_average 78 algo_state 1
W/ADB_SERVICES( 8017): read_meminfo() mem_free=951728
W/ADB_SERVICES( 8017): read_meminfo() mem_free=951728
W/ADB_SERVICES( 8017): read_meminfo() mem_free=951588
D/CSLegacyTypeTracker(  902): getNetworkForType type 1
E/LIGHT   (  902): AmbiLightSensor: get als value 868
E/LIGHT   (  902): AmbiLightSensor: report als event
E/PROXIMITY(  902): ProximitySensor: unknown event (type=3, code=0)
E/PROXIMITY(  902): ProximitySensor: invalid EV_SYN
I/WifiStateMachine(  902): fetchRssiLinkSpeedAndFrequencyNative, newRssi:-56, newLinkSpeed:135, SSID:"Black_sheep"
D/NetworkLinkMonitor(  902): RSSI_PKTCNT_FETCH_SUCCEEDED--dtotal= 0
D/PSD     (  384): Prox is far ps 78 als 856 highlight  0 crosstalk 76
D/PSD     (  384): set_ps_threshold: low_threshold 138 high_threshold 158 ps_average 78 algo_state 1
I/thermal_repeater(  389): select timeout
W/ADB_SERVICES( 8017): read_meminfo() mem_free=951632
W/ADB_SERVICES( 8017): read_meminfo() mem_free=951632
E/LIGHT   (  902): AmbiLightSensor: get als value 863
E/LIGHT   (  902): AmbiLightSensor: report als event
E/PROXIMITY(  902): ProximitySensor: unknown event (type=3, code=0)
E/PROXIMITY(  902): ProximitySensor: invalid EV_SYN
W/ADB_SERVICES( 8017): read_meminfo() mem_free=951556
D/PSD     (  384): set_ps_threshold: low_threshold 139 high_threshold 159 ps_average 79 algo_state 1
I/thermal_src(  387): wake up function 3
I/thermal_src(  387): TA_DAEMON_CMD_GET_TPCB cmd=0x5, len=4 PCB=29000
I/thermal_src(  387): TA_DAEMON_CMD_SET_TTJ cmd=0x4, len=4 Tj=85000
D/PSD     (  384): Prox is far ps 79 als 868 highlight  0 crosstalk 76
D/HeadsetStateMachine(15731): Disconnected process message: 10, size: 0
D/UsbDeviceManager(  902): onReceive - BATTERY_CHANGED - mPlugType: 2, mSettingUsbCharging: false, mConnected: true, mSettingUsbBicr: false
D/WifiService(  902): onReceive, action:android.intent.action.BATTERY_CHANGED
D/PSD     (  384): set_ps_threshold: low_threshold 138 high_threshold 158 ps_average 78 algo_state 1
D/        (  385): charger_monitor log_has_update will be set false
E/LIGHT   (  902): AmbiLightSensor: get als value 879
E/LIGHT   (  902): AmbiLightSensor: report als event
E/PROXIMITY(  902): ProximitySensor: unknown event (type=3, code=0)
E/PROXIMITY(  902): ProximitySensor: invalid EV_SYN
W/ADB_SERVICES( 8017): read_meminfo() mem_free=951648
W/ADB_SERVICES( 8017): read_meminfo() mem_free=950236
I/WifiStateMachine(  902): fetchRssiLinkSpeedAndFrequencyNative, newRssi:-56, newLinkSpeed:135, SSID:"Black_sheep"
D/NetworkLinkMonitor(  902): RSSI_PKTCNT_FETCH_SUCCEEDED--dtotal= 0
W/ProcessCpuTracker( 3368): Skipping unknown process pid 14845
W/ProcessCpuTracker( 3368): Skipping unknown process pid 14846
W/ADB_SERVICES( 8017): read_meminfo() mem_free=950532
D/CSLegacyTypeTracker(  902): getNetworkForType type 1
I/thermal_src(  387): wake up function 3
I/thermal_src(  387): TA_DAEMON_CMD_GET_TPCB cmd=0x5, len=4 PCB=29000
I/thermal_src(  387): TA_DAEMON_CMD_SET_TTJ cmd=0x4, len=4 Tj=85000
D/PSD     (  384): set_ps_threshold: low_threshold 139 high_threshold 159 ps_average 79 algo_state 1
E/LIGHT   (  902): AmbiLightSensor: get als value 856
E/LIGHT   (  902): AmbiLightSensor: report als event
E/PROXIMITY(  902): ProximitySensor: unknown event (type=3, code=0)
E/PROXIMITY(  902): ProximitySensor: invalid EV_SYN
I/WifiStateMachine(  902): fetchRssiLinkSpeedAndFrequencyNative, newRssi:-56, newLinkSpeed:135, SSID:"Black_sheep"
W/ADB_SERVICES( 8017): read_meminfo() mem_free=951800
D/PSD     (  384): Prox is far ps 78 als 879 highlight  0 crosstalk 76
W/ADB_SERVICES( 8017): read_meminfo() mem_free=951664
W/ADB_SERVICES( 8017): read_meminfo() mem_free=951564
D/PSD     (  384): set_ps_threshold: low_threshold 137 high_threshold 157 ps_average 77 algo_state 1
E/LIGHT   (  902): AmbiLightSensor: get als value 883
E/LIGHT   (  902): AmbiLightSensor: report als event
E/PROXIMITY(  902): ProximitySensor: unknown event (type=3, code=0)
E/PROXIMITY(  902): ProximitySensor: invalid EV_SYN
I/WifiStateMachine(  902): fetchRssiLinkSpeedAndFrequencyNative, newRssi:-56, newLinkSpeed:135, SSID:"Black_sheep"
D/NetworkLinkMonitor(  902): RSSI_PKTCNT_FETCH_SUCCEEDED--dtotal= 2
D/PSD     (  384): set_ps_threshold: low_threshold 138 high_threshold 158 ps_average 78 algo_state 1
W/ADB_SERVICES( 8017): read_meminfo() mem_free=951596
W/ADB_SERVICES( 8017): read_meminfo() mem_free=951540
W/ADB_SERVICES( 8017): read_meminfo() mem_free=951580
D/CSLegacyTypeTracker(  902): getNetworkForType type 1
D/PSD     (  384): Prox is far ps 78 als 883 highlight  0 crosstalk 76
E/LIGHT   (  902): AmbiLightSensor: get als value 856
E/LIGHT   (  902): AmbiLightSensor: report als event
E/PROXIMITY(  902): ProximitySensor: unknown event (type=3, code=0)
E/PROXIMITY(  902): ProximitySensor: invalid EV_SYN
D/PSD     (  384): set_ps_threshold: low_threshold 138 high_threshold 158 ps_average 78 algo_state 1
W/ADB_SERVICES( 8017): read_meminfo() mem_free=951580
W/ADB_SERVICES( 8017): read_meminfo() mem_free=951440
W/ADB_SERVICES( 8017): read_meminfo() mem_free=951596
D/PSD     (  384): set_ps_threshold: low_threshold 138 high_threshold 158 ps_average 78 algo_state 1
E/LIGHT   (  902): AmbiLightSensor: get als value 879
E/LIGHT   (  902): AmbiLightSensor: report als event
E/PROXIMITY(  902): ProximitySensor: unknown event (type=3, code=0)
E/PROXIMITY(  902): ProximitySensor: invalid EV_SYN
D/PSD     (  384): Prox is far ps 80 als 872 highlight  0 crosstalk 76
I/WifiStateMachine(  902): fetchRssiLinkSpeedAndFrequencyNative, newRssi:-56, newLinkSpeed:135, SSID:"Black_sheep"
D/NetworkLinkMonitor(  902): RSSI_PKTCNT_FETCH_SUCCEEDED--dtotal= 0
D/SystemUi_TrafficStatsHelper( 9894): ifaceNames[0]:ccmni0
D/SystemUi_TrafficStatsHelper( 9894): ifaceNames[1]:wlan0
D/SystemUi_TrafficStatsHelper( 9894): ifaceNames[2]:p2p0
D/SystemUi_TrafficStatsHelper( 9894): ifaceNames[3]:lo
D/SystemUi_TrafficStatsHelper( 9894): transmitted_validWifiData.get(0) = wlan0
W/ADB_SERVICES( 8017): read_meminfo() mem_free=951576
D/PSD     (  384): set_ps_threshold: low_threshold 138 high_threshold 158 ps_average 78 algo_state 1
W/ADB_SERVICES( 8017): read_meminfo() mem_free=951348
W/ADB_SERVICES( 8017): read_meminfo() mem_free=951348
D/CSLegacyTypeTracker(  902): getNetworkForType type 1
E/LIGHT   (  902): AmbiLightSensor: get als value 863
E/LIGHT   (  902): AmbiLightSensor: report als event
E/PROXIMITY(  902): ProximitySensor: unknown event (type=3, code=0)
E/PROXIMITY(  902): ProximitySensor: invalid EV_SYN
D/PSD     (  384): set_ps_threshold: low_threshold 138 high_threshold 158 ps_average 78 algo_state 1
D/PSD     (  384): Prox is far ps 79 als 860 highlight  0 crosstalk 76
W/ADB_SERVICES( 8017): read_meminfo() mem_free=951332
W/ADB_SERVICES( 8017): read_meminfo() mem_free=951332
E/LIGHT   (  902): AmbiLightSensor: get als value 856
E/LIGHT   (  902): AmbiLightSensor: report als event
E/PROXIMITY(  902): ProximitySensor: unknown event (type=3, code=0)
E/PROXIMITY(  902): ProximitySensor: invalid EV_SYN
W/ADB_SERVICES( 8017): read_meminfo() mem_free=951296
I/WifiStateMachine(  902): fetchRssiLinkSpeedAndFrequencyNative, newRssi:-56, newLinkSpeed:135, SSID:"Black_sheep"
D/NetworkLinkMonitor(  902): RSSI_PKTCNT_FETCH_SUCCEEDED--dtotal= 0
D/PSD     (  384): set_ps_threshold: low_threshold 139 high_threshold 159 ps_average 79 algo_state 1
W/ADB_SERVICES( 8017): read_meminfo() mem_free=951296
D/PSD     (  384): Prox is far ps 81 als 851 highlight  0 crosstalk 76
D/PSD     (  384): set_ps_threshold: low_threshold 138 high_threshold 158 ps_average 78 algo_state 1
E/LIGHT   (  902): AmbiLightSensor: get als value 876
E/LIGHT   (  902): AmbiLightSensor: report als event
E/PROXIMITY(  902): ProximitySensor: unknown event (type=3, code=0)
E/PROXIMITY(  902): ProximitySensor: invalid EV_SYN
I/WifiStateMachine(  902): fetchRssiLinkSpeedAndFrequencyNative, newRssi:-56, newLinkSpeed:135, SSID:"Black_sheep"
W/ADB_SERVICES( 8017): read_meminfo() mem_free=951332
W/ADB_SERVICES( 8017): read_meminfo() mem_free=951296
D/CSLegacyTypeTracker(  902): getNetworkForType type 1
D/PSD     (  384): set_ps_threshold: low_threshold 139 high_threshold 159 ps_average 79 algo_state 1
E/LIGHT   (  902): AmbiLightSensor: get als value 867
E/LIGHT   (  902): AmbiLightSensor: report als event
E/PROXIMITY(  902): ProximitySensor: unknown event (type=3, code=0)
E/PROXIMITY(  902): ProximitySensor: invalid EV_SYN
W/ADB_SERVICES( 8017): read_meminfo() mem_free=951332
I/WifiStateMachine(  902): fetchRssiLinkSpeedAndFrequencyNative, newRssi:-56, newLinkSpeed:135, SSID:"Black_sheep"
D/NetworkLinkMonitor(  902): RSSI_PKTCNT_FETCH_SUCCEEDED--dtotal= 0
W/ADB_SERVICES( 8017): read_meminfo() mem_free=951208
W/ADB_SERVICES( 8017): read_meminfo() mem_free=950572
D/PSD     (  384): Prox is far ps 79 als 863 highlight  0 crosstalk 76
D/PSD     (  384): set_ps_threshold: low_threshold 138 high_threshold 158 ps_average 78 algo_state 1
I/thermal_src(  387): wake up function 3
I/thermal_src(  387): TA_DAEMON_CMD_GET_TPCB cmd=0x5, len=4 PCB=29000
I/thermal_src(  387): TA_DAEMON_CMD_SET_TTJ cmd=0x4, len=4 Tj=85000
W/ADB_SERVICES( 8017): read_meminfo() mem_free=947612
D/PSD     (  384): set_ps_threshold: low_threshold 138 high_threshold 158 ps_average 78 algo_state 1
W/ADB_SERVICES( 8017): read_meminfo() mem_free=947596
W/ADB_SERVICES( 8017): read_meminfo() mem_free=948152
D/CSLegacyTypeTracker(  902): getNetworkForType type 1
D/UsbDeviceManager(  902): onReceive - BATTERY_CHANGED - mPlugType: 2, mSettingUsbCharging: false, mConnected: true, mSettingUsbBicr: false
D/WifiService(  902): onReceive, action:android.intent.action.BATTERY_CHANGED
D/HeadsetStateMachine(15731): Disconnected process message: 10, size: 0
D/PSD     (  384): Prox is far ps 79 als 856 highlight  0 crosstalk 76
D/        (  385): charger_monitor log_has_update will be set false
E/LIGHT   (  902): AmbiLightSensor: get als value 876
E/LIGHT   (  902): AmbiLightSensor: report als event
E/PROXIMITY(  902): ProximitySensor: unknown event (type=3, code=0)
E/PROXIMITY(  902): ProximitySensor: invalid EV_SYN
D/PSD     (  384): set_ps_threshold: low_threshold 139 high_threshold 159 ps_average 79 algo_state 1
I/WifiStateMachine(  902): fetchRssiLinkSpeedAndFrequencyNative, newRssi:-56, newLinkSpeed:135, SSID:"Black_sheep"
D/NetworkLinkMonitor(  902): RSSI_PKTCNT_FETCH_SUCCEEDED--dtotal= 0
W/ADB_SERVICES( 8017): read_meminfo() mem_free=947684
I/thermal_src(  387): wake up function 3
I/thermal_src(  387): TA_DAEMON_CMD_GET_TPCB cmd=0x5, len=4 PCB=29000
I/thermal_src(  387): TA_DAEMON_CMD_SET_TTJ cmd=0x4, len=4 Tj=85000
D/PackageManager(  902): callerName== com.secretlisa.beidanci
D/PackageManager(  902): scc app ai.packageName = com.oppo.launcher ai.name = com.oppo.launcher.Launcher
D/PackageManager(  902): scc app ai.packageName = com.secretlisa.beidanci ai.name = com.secretlisa.beidanci.ActivityLauncher
D/PackageManager(  902): Default app ai.packageName = com.oppo.launcher ai.name = com.oppo.launcher.Launcher
W/ADB_SERVICES( 8017): read_meminfo() mem_free=947444
W/ADB_SERVICES( 8017): read_meminfo() mem_free=947696
D/PSD     (  384): set_ps_threshold: low_threshold 138 high_threshold 158 ps_average 78 algo_state 1
E/LIGHT   (  902): AmbiLightSensor: get als value 860
E/LIGHT   (  902): AmbiLightSensor: report als event
E/PROXIMITY(  902): ProximitySensor: unknown event (type=3, code=0)
E/PROXIMITY(  902): ProximitySensor: invalid EV_SYN
D/PSD     (  384): Prox is far ps 78 als 860 highlight  0 crosstalk 76
W/ADB_SERVICES( 8017): read_meminfo() mem_free=947696
D/PSD     (  384): set_ps_threshold: low_threshold 138 high_threshold 158 ps_average 78 algo_state 1
W/ADB_SERVICES( 8017): read_meminfo() mem_free=947748
W/ADB_SERVICES( 8017): read_meminfo() mem_free=947712
D/CSLegacyTypeTracker(  902): getNetworkForType type 1
E/LIGHT   (  902): AmbiLightSensor: get als value 867
E/LIGHT   (  902): AmbiLightSensor: report als event
E/PROXIMITY(  902): ProximitySensor: unknown event (type=3, code=0)
E/PROXIMITY(  902): ProximitySensor: invalid EV_SYN
I/WifiStateMachine(  902): fetchRssiLinkSpeedAndFrequencyNative, newRssi:-56, newLinkSpeed:135, SSID:"Black_sheep"
D/NetworkLinkMonitor(  902): RSSI_PKTCNT_FETCH_SUCCEEDED--dtotal= 0
D/PSD     (  384): set_ps_threshold: low_threshold 138 high_threshold 158 ps_average 78 algo_state 1
D/CSLegacyTypeTracker(  902): getNetworkForType type 1
D/SystemUi_TrafficStatsHelper( 9894): ifaceNames[0]:ccmni0
D/SystemUi_TrafficStatsHelper( 9894): ifaceNames[1]:wlan0
D/SystemUi_TrafficStatsHelper( 9894): ifaceNames[2]:p2p0
D/SystemUi_TrafficStatsHelper( 9894): ifaceNames[3]:lo
D/SystemUi_TrafficStatsHelper( 9894): transmitted_validWifiData.get(0) = wlan0
W/ADB_SERVICES( 8017): read_meminfo() mem_free=947712
D/PSD     (  384): Prox is far ps 80 als 872 highlight  0 crosstalk 76
W/ADB_SERVICES( 8017): read_meminfo() mem_free=947512
E/LIGHT   (  902): AmbiLightSensor: get als value 876
E/LIGHT   (  902): AmbiLightSensor: report als event
E/PROXIMITY(  902): ProximitySensor: unknown event (type=3, code=0)
E/PROXIMITY(  902): ProximitySensor: invalid EV_SYN
W/ADB_SERVICES( 8017): read_meminfo() mem_free=947512
I/WifiStateMachine(  902): fetchRssiLinkSpeedAndFrequencyNative, newRssi:-56, newLinkSpeed:135, SSID:"Black_sheep"
D/PSD     (  384): set_ps_threshold: low_threshold 138 high_threshold 158 ps_average 78 algo_state 1
W/ADB_SERVICES( 8017): read_meminfo() mem_free=947512
D/PSD     (  384): set_ps_threshold: low_threshold 138 high_threshold 158 ps_average 78 algo_state 1
E/LIGHT   (  902): AmbiLightSensor: get als value 856
E/LIGHT   (  902): AmbiLightSensor: report als event
E/PROXIMITY(  902): ProximitySensor: unknown event (type=3, code=0)
E/PROXIMITY(  902): ProximitySensor: invalid EV_SYN
D/PSD     (  384): Prox is far ps 78 als 883 highlight  0 crosstalk 76
I/WifiStateMachine(  902): fetchRssiLinkSpeedAndFrequencyNative, newRssi:-56, newLinkSpeed:135, SSID:"Black_sheep"
D/NetworkLinkMonitor(  902): RSSI_PKTCNT_FETCH_SUCCEEDED--dtotal= 0
W/ADB_SERVICES( 8017): read_meminfo() mem_free=947556
W/ADB_SERVICES( 8017): read_meminfo() mem_free=947520
D/CSLegacyTypeTracker(  902): getNetworkForType type 1
D/PSD     (  384): set_ps_threshold: low_threshold 138 high_threshold 158 ps_average 78 algo_state 1
W/ADB_SERVICES( 8017): read_meminfo() mem_free=947520
E/LIGHT   (  902): AmbiLightSensor: get als value 883
E/LIGHT   (  902): AmbiLightSensor: report als event
E/PROXIMITY(  902): ProximitySensor: unknown event (type=3, code=0)
E/PROXIMITY(  902): ProximitySensor: invalid EV_SYN
W/ADB_SERVICES( 8017): read_meminfo() mem_free=947556
W/ADB_SERVICES( 8017): read_meminfo() mem_free=947416
D/PSD     (  384): Prox is far ps 77 als 868 highlight  0 crosstalk 76
D/PSD     (  384): set_ps_threshold: low_threshold 138 high_threshold 158 ps_average 78 algo_state 1
W/ADB_SERVICES( 8017): read_meminfo() mem_free=947432
E/LIGHT   (  902): AmbiLightSensor: get als value 856
E/LIGHT   (  902): AmbiLightSensor: report als event
E/PROXIMITY(  902): ProximitySensor: unknown event (type=3, code=0)
E/PROXIMITY(  902): ProximitySensor: invalid EV_SYN
I/WifiStateMachine(  902): fetchRssiLinkSpeedAndFrequencyNative, newRssi:-56, newLinkSpeed:135, SSID:"Black_sheep"
D/NetworkLinkMonitor(  902): RSSI_PKTCNT_FETCH_SUCCEEDED--dtotal= 0
D/PSD     (  384): set_ps_threshold: low_threshold 138 high_threshold 158 ps_average 78 algo_state 1
W/ADB_SERVICES( 8017): read_meminfo() mem_free=947400
W/ADB_SERVICES( 8017): read_meminfo() mem_free=947396
D/CSLegacyTypeTracker(  902): getNetworkForType type 1
D/PSD     (  384): Prox is far ps 79 als 879 highlight  0 crosstalk 76
E/LIGHT   (  902): AmbiLightSensor: get als value 879
E/LIGHT   (  902): AmbiLightSensor: report als event
E/PROXIMITY(  902): ProximitySensor: unknown event (type=3, code=0)
E/PROXIMITY(  902): ProximitySensor: invalid EV_SYN
D/PSD     (  384): set_ps_threshold: low_threshold 138 high_threshold 158 ps_average 78 algo_state 1
W/ADB_SERVICES( 8017): read_meminfo() mem_free=947396
W/ADB_SERVICES( 8017): read_meminfo() mem_free=947432
W/ADB_SERVICES( 8017): read_meminfo() mem_free=947396
D/PSD     (  384): set_ps_threshold: low_threshold 138 high_threshold 158 ps_average 78 algo_state 1
E/LIGHT   (  902): AmbiLightSensor: get als value 860
E/LIGHT   (  902): AmbiLightSensor: report als event
E/PROXIMITY(  902): ProximitySensor: unknown event (type=3, code=0)
E/PROXIMITY(  902): ProximitySensor: invalid EV_SYN
I/WifiStateMachine(  902): fetchRssiLinkSpeedAndFrequencyNative, newRssi:-56, newLinkSpeed:135, SSID:"Black_sheep"
D/NetworkLinkMonitor(  902): RSSI_PKTCNT_FETCH_SUCCEEDED--dtotal= 0
W/ADB_SERVICES( 8017): read_meminfo() mem_free=947396
D/PSD     (  384): Prox is far ps 80 als 860 highlight  0 crosstalk 76
D/PSD     (  384): set_ps_threshold: low_threshold 137 high_threshold 157 ps_average 77 algo_state 1
I/thermal_repeater(  389): select timeout
W/ADB_SERVICES( 8017): read_meminfo() mem_free=947308
W/ADB_SERVICES( 8017): read_meminfo() mem_free=947272
E/LIGHT   (  902): AmbiLightSensor: get als value 876
E/LIGHT   (  902): AmbiLightSensor: report als event
E/PROXIMITY(  902): ProximitySensor: unknown event (type=3, code=0)
E/PROXIMITY(  902): ProximitySensor: invalid EV_SYN
I/thermal_src(  387): wake up function 3
I/thermal_src(  387): TA_DAEMON_CMD_GET_TPCB cmd=0x5, len=4 PCB=29000
I/thermal_src(  387): TA_DAEMON_CMD_SET_TTJ cmd=0x4, len=4 Tj=85000
I/WifiStateMachine(  902): fetchRssiLinkSpeedAndFrequencyNative, newRssi:-55, newLinkSpeed:135, SSID:"Black_sheep"
D/CSLegacyTypeTracker(  902): getNetworkForType type 1
W/ADB_SERVICES( 8017): read_meminfo() mem_free=947272
D/PSD     (  384): set_ps_threshold: low_threshold 137 high_threshold 157 ps_average 77 algo_state 1
D/UsbDeviceManager(  902): onReceive - BATTERY_CHANGED - mPlugType: 2, mSettingUsbCharging: false, mConnected: true, mSettingUsbBicr: false
D/WifiService(  902): onReceive, action:android.intent.action.BATTERY_CHANGED
D/HeadsetStateMachine(15731): Disconnected process message: 10, size: 0
D/PSD     (  384): Prox is far ps 78 als 856 highlight  0 crosstalk 76
D/        (  385): charger_monitor log_has_update will be set false
E/LIGHT   (  902): AmbiLightSensor: get als value 868
E/LIGHT   (  902): AmbiLightSensor: report als event
E/PROXIMITY(  902): ProximitySensor: unknown event (type=3, code=0)
E/PROXIMITY(  902): ProximitySensor: invalid EV_SYN
W/ADB_SERVICES( 8017): read_meminfo() mem_free=947184
I/WifiStateMachine(  902): fetchRssiLinkSpeedAndFrequencyNative, newRssi:-55, newLinkSpeed:135, SSID:"Black_sheep"
D/NetworkLinkMonitor(  902): RSSI_PKTCNT_FETCH_SUCCEEDED--dtotal= 2
W/ADB_SERVICES( 8017): read_meminfo() mem_free=947044
D/PSD     (  384): set_ps_threshold: low_threshold 138 high_threshold 158 ps_average 78 algo_state 1
I/thermal_src(  387): wake up function 3
I/thermal_src(  387): TA_DAEMON_CMD_GET_TPCB cmd=0x5, len=4 PCB=29000
I/thermal_src(  387): TA_DAEMON_CMD_SET_TTJ cmd=0x4, len=4 Tj=85000
D/SystemUi_TrafficStatsHelper( 9894): ifaceNames[0]:ccmni0
D/SystemUi_TrafficStatsHelper( 9894): ifaceNames[1]:wlan0
D/SystemUi_TrafficStatsHelper( 9894): ifaceNames[2]:p2p0
D/SystemUi_TrafficStatsHelper( 9894): ifaceNames[3]:lo
D/SystemUi_TrafficStatsHelper( 9894): transmitted_validWifiData.get(0) = wlan0
W/ADB_SERVICES( 8017): read_meminfo() mem_free=947044
V/AlarmManager(  902): Checking for alarms... rtc=1477491780000, elapsed=265040104
D/DataShapingService(  902): [openLteDataUpLinkGate] mDataShapingEnabled is false!
V/AlarmManager(  902): sending alarm Alarm{329025f5 type 3 when 265040104 android whenElapsed 265040104 windowLength 0 maxWhen 265040104 repeatInterval 0 action android.intent.action.TIME_TICK component null} success
V/AlarmManager(  902): APP set(PendingIntent{3911f808: PendingIntentRecord{24693ba1 android broadcastIntent}}) : type=3 triggerAtTime=265100104 win=0 tElapsed=265100104 maxElapsed=265100104 interval=0 standalone=true alarmClockInfo = null
D/ActivityThread(  902): BDC-Calling finishReceiver: IIntentReceiver=25fba225
D/PSD     (  384): set_ps_threshold: low_threshold 139 high_threshold 159 ps_average 79 algo_state 1
E/LIGHT   (  902): AmbiLightSensor: get als value 867
E/LIGHT   (  902): AmbiLightSensor: report als event
E/PROXIMITY(  902): ProximitySensor: unknown event (type=3, code=0)
E/PROXIMITY(  902): ProximitySensor: invalid EV_SYN
W/ADB_SERVICES( 8017): read_meminfo() mem_free=946768
D/PSD     (  384): Prox is far ps 79 als 867 highlight  0 crosstalk 76
W/ADB_SERVICES( 8017): read_meminfo() mem_free=946520
W/ADB_SERVICES( 8017): read_meminfo() mem_free=946952
D/PSD     (  384): set_ps_threshold: low_threshold 139 high_threshold 159 ps_average 79 algo_state 1
D/CSLegacyTypeTracker(  902): getNetworkForType type 1
E/LIGHT   (  902): AmbiLightSensor: get als value 876
E/LIGHT   (  902): AmbiLightSensor: report als event
E/PROXIMITY(  902): ProximitySensor: unknown event (type=3, code=0)
E/PROXIMITY(  902): ProximitySensor: invalid EV_SYN
I/WifiStateMachine(  902): fetchRssiLinkSpeedAndFrequencyNative, newRssi:-55, newLinkSpeed:135, SSID:"Black_sheep"
W/Watchdog(  902): SWT Watchdog after wait current time:91028597
W/Watchdog(  902): **Get SF Time **1
W/Watchdog_N(  902): !@WatchDog_3034;
W/Watchdog(  902): SWT Watchdog before synchronized:91028599
W/Watchdog(  902): SWT Watchdog after synchronized:91028599
D/NetworkLinkMonitor(  902): RSSI_PKTCNT_FETCH_SUCCEEDED--dtotal= 0
W/Watchdog(  902): SWT Watchdog before wait timeout:30000
W/Watchdog(  902): SWT Watchdog before wait current time:91028609
W/Watchdog(  902): SWT Watchdog before wait start:91028609
W/Watchdog(  902): SWT Watchdog before wait CHECK_INTERVAL:30000
W/ADB_SERVICES( 8017): read_meminfo() mem_free=946952
W/ADB_SERVICES( 8017): read_meminfo() mem_free=946916
D/PSD     (  384): set_ps_threshold: low_threshold 138 high_threshold 158 ps_average 78 algo_state 1
D/PSD     (  384): Prox is far ps 80 als 879 highlight  0 crosstalk 76
W/ADB_SERVICES( 8017): read_meminfo() mem_free=946916
E/LIGHT   (  902): AmbiLightSensor: get als value 867
E/LIGHT   (  902): AmbiLightSensor: report als event
E/PROXIMITY(  902): ProximitySensor: unknown event (type=3, code=0)
E/PROXIMITY(  902): ProximitySensor: invalid EV_SYN
D/PSD     (  384): set_ps_threshold: low_threshold 138 high_threshold 158 ps_average 78 algo_state 1
W/ADB_SERVICES( 8017): read_meminfo() mem_free=946952
W/ADB_SERVICES( 8017): read_meminfo() mem_free=946916
W/ADB_SERVICES( 8017): read_meminfo() mem_free=946936
I/WifiStateMachine(  902): fetchRssiLinkSpeedAndFrequencyNative, newRssi:-55, newLinkSpeed:135, SSID:"Black_sheep"
D/NetworkLinkMonitor(  902): RSSI_PKTCNT_FETCH_SUCCEEDED--dtotal= 0
D/PSD     (  384): Prox is far ps 77 als 883 highlight  0 crosstalk 76
D/PSD     (  384): set_ps_threshold: low_threshold 138 high_threshold 158 ps_average 78 algo_state 1
D/CSLegacyTypeTracker(  902): getNetworkForType type 1
W/ADB_SERVICES( 8017): read_meminfo() mem_free=946952
W/ADB_SERVICES( 8017): read_meminfo() mem_free=946812
D/PSD     (  384): set_ps_threshold: low_threshold 138 high_threshold 158 ps_average 78 algo_state 1
E/LIGHT   (  902): AmbiLightSensor: get als value 876
E/LIGHT   (  902): AmbiLightSensor: report als event
E/PROXIMITY(  902): ProximitySensor: unknown event (type=3, code=0)
E/PROXIMITY(  902): ProximitySensor: invalid EV_SYN
W/ADB_SERVICES( 8017): read_meminfo() mem_free=946916
I/WifiStateMachine(  902): fetchRssiLinkSpeedAndFrequencyNative, newRssi:-55, newLinkSpeed:135, SSID:"Black_sheep"
D/PSD     (  384): Prox is far ps 78 als 872 highlight  0 crosstalk 76
D/PSD     (  384): set_ps_threshold: low_threshold 138 high_threshold 158 ps_average 78 algo_state 1
W/ADB_SERVICES( 8017): read_meminfo() mem_free=946828
E/LIGHT   (  902): AmbiLightSensor: get als value 856
E/LIGHT   (  902): AmbiLightSensor: report als event
E/PROXIMITY(  902): ProximitySensor: unknown event (type=3, code=0)
E/PROXIMITY(  902): ProximitySensor: invalid EV_SYN
I/WifiStateMachine(  902): fetchRssiLinkSpeedAndFrequencyNative, newRssi:-55, newLinkSpeed:135, SSID:"Black_sheep"
W/ADB_SERVICES( 8017): read_meminfo() mem_free=946792
D/NetworkLinkMonitor(  902): RSSI_PKTCNT_FETCH_SUCCEEDED--dtotal= 0
W/ADB_SERVICES( 8017): read_meminfo() mem_free=946792
D/PSD     (  384): set_ps_threshold: low_threshold 138 high_threshold 158 ps_average 78 algo_state 1
D/CSLegacyTypeTracker(  902): getNetworkForType type 1
D/PSD     (  384): Prox is far ps 78 als 860 highlight  0 crosstalk 76
E/LIGHT   (  902): AmbiLightSensor: get als value 883
E/LIGHT   (  902): AmbiLightSensor: report als event
E/PROXIMITY(  902): ProximitySensor: unknown event (type=3, code=0)
E/PROXIMITY(  902): ProximitySensor: invalid EV_SYN
W/ADB_SERVICES( 8017): read_meminfo() mem_free=946828
D/PSD     (  384): set_ps_threshold: low_threshold 137 high_threshold 157 ps_average 77 algo_state 1
W/ADB_SERVICES( 8017): read_meminfo() mem_free=946792
W/ADB_SERVICES( 8017): read_meminfo() mem_free=946792
D/PSD     (  384): set_ps_threshold: low_threshold 137 high_threshold 157 ps_average 77 algo_state 1
E/LIGHT   (  902): AmbiLightSensor: get als value 856
E/LIGHT   (  902): AmbiLightSensor: report als event
E/PROXIMITY(  902): ProximitySensor: unknown event (type=3, code=0)
E/PROXIMITY(  902): ProximitySensor: invalid EV_SYN
I/WifiStateMachine(  902): fetchRssiLinkSpeedAndFrequencyNative, newRssi:-55, newLinkSpeed:135, SSID:"Black_sheep"
D/NetworkLinkMonitor(  902): RSSI_PKTCNT_FETCH_SUCCEEDED--dtotal= 0
W/ADB_SERVICES( 8017): read_meminfo() mem_free=946536
D/PSD     (  384): Prox is far ps 79 als 856 highlight  0 crosstalk 76
W/art     (  695): Suspending all threads took: 27.913ms
W/ADB_SERVICES( 8017): read_meminfo() mem_free=946252
D/SystemUi_TrafficStatsHelper( 9894): ifaceNames[0]:ccmni0
D/SystemUi_TrafficStatsHelper( 9894): ifaceNames[1]:wlan0
D/SystemUi_TrafficStatsHelper( 9894): ifaceNames[2]:p2p0
D/SystemUi_TrafficStatsHelper( 9894): ifaceNames[3]:lo
D/SystemUi_TrafficStatsHelper( 9894): transmitted_validWifiData.get(0) = wlan0
W/ADB_SERVICES( 8017): read_meminfo() mem_free=945260
D/PSD     (  384): set_ps_threshold: low_threshold 139 high_threshold 159 ps_average 79 algo_state 1
W/ProcessCpuTracker( 3368): Skipping unknown process pid 15012
E/LIGHT   (  902): AmbiLightSensor: get als value 860
E/LIGHT   (  902): AmbiLightSensor: report als event
E/PROXIMITY(  902): ProximitySensor: unknown event (type=3, code=0)
E/PROXIMITY(  902): ProximitySensor: invalid EV_SYN
I/thermal_src(  387): wake up function 3
I/thermal_src(  387): TA_DAEMON_CMD_GET_TPCB cmd=0x5, len=4 PCB=29000
I/thermal_src(  387): TA_DAEMON_CMD_SET_TTJ cmd=0x4, len=4 Tj=85000
D/CSLegacyTypeTracker(  902): getNetworkForType type 1
W/ADB_SERVICES( 8017): read_meminfo() mem_free=943752
D/PSD     (  384): set_ps_threshold: low_threshold 138 high_threshold 158 ps_average 78 algo_state 1
W/ADB_SERVICES( 8017): read_meminfo() mem_free=943452
W/ADB_SERVICES( 8017): read_meminfo() mem_free=943608
D/UsbDeviceManager(  902): onReceive - BATTERY_CHANGED - mPlugType: 2, mSettingUsbCharging: false, mConnected: true, mSettingUsbBicr: false
D/WifiService(  902): onReceive, action:android.intent.action.BATTERY_CHANGED
D/HeadsetStateMachine(15731): Disconnected process message: 10, size: 0
D/PSD     (  384): Prox is far ps 80 als 860 highlight  0 crosstalk 76
D/        (  385): charger_monitor log_has_update will be set false
E/LIGHT   (  902): AmbiLightSensor: get als value 883
E/LIGHT   (  902): AmbiLightSensor: report als event
E/PROXIMITY(  902): ProximitySensor: unknown event (type=3, code=0)
E/PROXIMITY(  902): ProximitySensor: invalid EV_SYN
I/WifiStateMachine(  902): fetchRssiLinkSpeedAndFrequencyNative, newRssi:-56, newLinkSpeed:135, SSID:"Black_sheep"
D/NetworkLinkMonitor(  902): RSSI_PKTCNT_FETCH_SUCCEEDED--dtotal= 0
D/PSD     (  384): set_ps_threshold: low_threshold 139 high_threshold 159 ps_average 79 algo_state 1
I/thermal_src(  387): wake up function 3
I/thermal_src(  387): TA_DAEMON_CMD_GET_TPCB cmd=0x5, len=4 PCB=29000
I/thermal_src(  387): TA_DAEMON_CMD_SET_TTJ cmd=0x4, len=4 Tj=85000
D/PackageManager(  902): callerName== com.secretlisa.beidanci
D/PackageManager(  902): scc app ai.packageName = com.oppo.launcher ai.name = com.oppo.launcher.Launcher
D/PackageManager(  902): scc app ai.packageName = com.secretlisa.beidanci ai.name = com.secretlisa.beidanci.ActivityLauncher
D/PackageManager(  902): Default app ai.packageName = com.oppo.launcher ai.name = com.oppo.launcher.Launcher
W/ProcessCpuTracker(  902): Skipping unknown process pid 15041
W/ADB_SERVICES( 8017): read_meminfo() mem_free=943284
V/ProcessCpuTracker(  902): cpu0 time_in_state not exist, read cpu4 time_in_state...
V/ProcessCpuTracker(  902): cpu4 time_in_state not exist, is it a BUG??!!
W/ADB_SERVICES( 8017): read_meminfo() mem_free=943136
W/ADB_SERVICES( 8017): read_meminfo() mem_free=943136
E/LIGHT   (  902): AmbiLightSensor: get als value 856
E/LIGHT   (  902): AmbiLightSensor: report als event
E/PROXIMITY(  902): ProximitySensor: unknown event (type=3, code=0)
E/PROXIMITY(  902): ProximitySensor: invalid EV_SYN
D/PSD     (  384): set_ps_threshold: low_threshold 138 high_threshold 158 ps_average 78 algo_state 1
I/WifiStateMachine(  902): fetchRssiLinkSpeedAndFrequencyNative, newRssi:-56, newLinkSpeed:135, SSID:"Black_sheep"
D/PSD     (  384): Prox is far ps 78 als 856 highlight  0 crosstalk 76
D/CSLegacyTypeTracker(  902): getNetworkForType type 1
W/ADB_SERVICES( 8017): read_meminfo() mem_free=943908
D/PSD     (  384): set_ps_threshold: low_threshold 137 high_threshold 157 ps_average 77 algo_state 1
W/ADB_SERVICES( 8017): read_meminfo() mem_free=943908
W/ADB_SERVICES( 8017): read_meminfo() mem_free=943788
E/LIGHT   (  902): AmbiLightSensor: get als value 883
E/LIGHT   (  902): AmbiLightSensor: report als event
E/PROXIMITY(  902): ProximitySensor: unknown event (type=3, code=0)
E/PROXIMITY(  902): ProximitySensor: invalid EV_SYN
I/WifiStateMachine(  902): fetchRssiLinkSpeedAndFrequencyNative, newRssi:-56, newLinkSpeed:135, SSID:"Black_sheep"
D/NetworkLinkMonitor(  902): RSSI_PKTCNT_FETCH_SUCCEEDED--dtotal= 0
V/AlarmManager(  902): Checking for alarms... rtc=1477491785762, elapsed=265045866
D/AlarmManager(  902): setLocked set alarm to RTC wakeup type = 2, when = 265177850
D/AlarmManager(  902): setLocked set alarm to RTC nonwakeup type = 3, when = 265100104
D/DataShapingService(  902): [openLteDataUpLinkGate] mDataShapingEnabled is false!
V/AlarmManager(  902): socktUnblockingTimeElapsed(ms): 228006 < mMinimumPeriod_BlockSocket: 300000
V/OppoAppStartupManager(  902): intent == null || callerApp == null
V/AlarmManager(  902): sending alarm Alarm{36eff8a type 2 when 264977332 com.youku.phone whenElapsed 264977332 windowLength -1 maxWhen 265112332 repeatInterval 180000 action com.youku.pushsdk.pushservice.ALARM_TICK component null} success
V/AlarmManager(  902): sending alarm Alarm{36db09fb type 2 when 264977347 com.youku.phone whenElapsed 264977347 windowLength -1 maxWhen 266327347 repeatInterval 1800000 action com.youku.pushsdk.pushservice.ALARM_DATA_COLLECT component null} success
V/AlarmManager(  902): sending alarm Alarm{b6fea18 type 0 when 1477491732707 com.tencent.mm whenElapsed 264992811 windowLength -1 maxWhen 265667811 repeatInterval 900000 action null component ComponentInfo{com.tencent.mm/com.tencent.mm.booter.MMReceivers$AlarmReceiver}} success
V/AlarmManager(  902): sending alarm Alarm{1e8a2c71 type 3 when 264997576 com.tencent.mm whenElapsed 264997576 windowLength -1 maxWhen 265222576 repeatInterval 300000 action com.tencent.mm.TrafficStatsReceiver component null} success
V/AlarmManager(  902): sending alarm Alarm{2ac58a56 type 3 when 264987308 android whenElapsed 264987308 windowLength -1 maxWhen 265062502 repeatInterval 0 action android.content.jobscheduler.JOB_DELAY_EXPIRED component null} success
I/ActivityManager(  902): [Background Service Priority Adjustment] Set callerFg as false for service.getFlags():260
V/AlarmManager(  902): sending alarm Alarm{3ac64ad7 type 3 when 265044318 cn.wiz.note whenElapsed 265044318 windowLength -1 maxWhen 265089318 repeatInterval 60000 action null component ComponentInfo{cn.wiz.note/cn.wiz.note.service.ClipboardWatchService}} success
I/ActivityManager(  902): [Background Service Priority Adjustment] Set callerFg as false for service.getFlags():260
V/AlarmManager(  902): sending alarm Alarm{2441ead type 1 when 1477491785762 com.oppo.yellowpage whenElapsed 265045866 windowLength 0 maxWhen 265045866 repeatInterval 0 action null component ComponentInfo{com.oppo.yellowpage/com.oppo.upgrade.autoservice.EnterUpgradeService}} success
V/OppoAppStartupManager(  902): intent == null || callerApp == null
I/System.out( 2222): [CDS][DNS] getAllByNameImpl netId = 0
V/OppoAppStartupManager(  902): intent == null || callerApp == null
D/libc-netbsd( 2222): [getaddrinfo]: mtk hostname=mqtt.m.youku.com; servname=(null); cache_mode=(null), netid=0; mark=0; app_uid=10132; ai_addrlen=0; ai_canonname=(null); ai_flags=4; ai_family=0
D/libc-netbsd( 2222): [getaddrinfo]: mtk hostname=mqtt.m.youku.com; servname=(null); cache_mode=(null), netid=0; mark=0; app_uid=10132; ai_addrlen=0; ai_canonname=(null); ai_flags=1024; ai_family=0
D/FrameworkListener(  361): dispatchCommand data = (getaddrinfo mqtt.m.youku.com ^ 1024 0 1 0 0)
D/libc-netbsd(  361): [getaddrinfo]: mtk hostname=mqtt.m.youku.com; servname=(null); cache_mode=local, netid=109; mark=917613; app_uid=0; ai_addrlen=0; ai_canonname=(null); ai_flags=1024; ai_family=0
D/libc-netbsd(  361): default dns: query_ipv6=0, query_ipv4=1
D/libc-netbsd(  361): res_queryN name = mqtt.m.youku.com succeed
D/libc-netbsd( 2222): getaddrinfo: mqtt.m.youku.com get result from proxy >>
I/System.out( 2222): [socket][24] connection mqtt.m.youku.com/183.207.229.198:8080;LocalPort=55744(10000)
I/System.out( 2222): [CDS]connect[mqtt.m.youku.com/183.207.229.198:8080] tm:10
D/Posix   ( 2222): [Posix_connect Debug]Process com.push.Youku_PushService :8080 
V/OppoAppStartupManager(  902): intent == null || callerApp == null
I/System.out( 2222): [socket][/192.168.124.3:55744] connected
V/AlarmManager(  902): APP set(PendingIntent{be9747a: PendingIntentRecord{43ff42b android broadcastIntent}}) : type=3 triggerAtTime=271395893 win=-1 tElapsed=271395893 maxElapsed=276158225 interval=0 standalone=false alarmClockInfo = null
D/ActivityThread(  902): BDC-Calling finishReceiver: IIntentReceiver=c019938
D/PSD     (  384): Prox is far ps 79 als 867 highlight  0 crosstalk 76
D/PSD     (  384): set_ps_threshold: low_threshold 138 high_threshold 158 ps_average 78 algo_state 1
W/ADB_SERVICES( 8017): read_meminfo() mem_free=947232
E/LIGHT   (  902): AmbiLightSensor: get als value 856
E/LIGHT   (  902): AmbiLightSensor: report als event
E/PROXIMITY(  902): ProximitySensor: unknown event (type=3, code=0)
E/PROXIMITY(  902): ProximitySensor: invalid EV_SYN
W/ADB_SERVICES( 8017): read_meminfo() mem_free=946712
W/ADB_SERVICES( 8017): read_meminfo() mem_free=946780
D/PSD     (  384): set_ps_threshold: low_threshold 138 high_threshold 158 ps_average 78 algo_state 1
D/CSLegacyTypeTracker(  902): getNetworkForType type 1
I/WifiStateMachine(  902): fetchRssiLinkSpeedAndFrequencyNative, newRssi:-56, newLinkSpeed:135, SSID:"Black_sheep"
D/NetworkLinkMonitor(  902): RSSI_PKTCNT_FETCH_SUCCEEDED--dtotal= 4
E/LIGHT   (  902): AmbiLightSensor: get als value 879
E/LIGHT   (  902): AmbiLightSensor: report als event
E/PROXIMITY(  902): ProximitySensor: unknown event (type=3, code=0)
E/PROXIMITY(  902): ProximitySensor: invalid EV_SYN
