D/PSD     (  384): set_ps_threshold: low_threshold 138 high_threshold 158 ps_average 78 algo_state 1
I/System.out( 2222): [CDS]close[47586]
W/ADB_SERVICES( 8017): read_meminfo() mem_free=1001900
W/ADB_SERVICES( 8017): read_meminfo() mem_free=1001880
E/LIGHT   (  902): AmbiLightSensor: get als value 856
E/LIGHT   (  902): AmbiLightSensor: report als event
E/PROXIMITY(  902): ProximitySensor: unknown event (type=3, code=0)
E/PROXIMITY(  902): ProximitySensor: invalid EV_SYN
D/PSD     (  384): set_ps_threshold: low_threshold 137 high_threshold 157 ps_average 77 algo_state 1
W/ADB_SERVICES( 8017): read_meminfo() mem_free=1001880
D/PSD     (  384): Prox is far ps 78 als 863 highlight  0 crosstalk 76
D/PSD     (  384): set_ps_threshold: low_threshold 138 high_threshold 158 ps_average 78 algo_state 1
D/CSLegacyTypeTracker(  902): getNetworkForType type 1
W/ADB_SERVICES( 8017): read_meminfo() mem_free=1001808
W/ADB_SERVICES( 8017): read_meminfo() mem_free=1001776
E/LIGHT   (  902): AmbiLightSensor: get als value 883
E/LIGHT   (  902): AmbiLightSensor: report als event
E/PROXIMITY(  902): ProximitySensor: unknown event (type=3, code=0)
E/PROXIMITY(  902): ProximitySensor: invalid EV_SYN
I/WifiStateMachine(  902): fetchRssiLinkSpeedAndFrequencyNative, newRssi:-57, newLinkSpeed:135, SSID:"Black_sheep"
D/NetworkLinkMonitor(  902): RSSI_PKTCNT_FETCH_SUCCEEDED--dtotal= 2
W/ADB_SERVICES( 8017): read_meminfo() mem_free=1001792
D/SystemUi_TrafficStatsHelper( 9894): ifaceNames[0]:ccmni0
D/SystemUi_TrafficStatsHelper( 9894): ifaceNames[1]:wlan0
D/SystemUi_TrafficStatsHelper( 9894): ifaceNames[2]:p2p0
D/SystemUi_TrafficStatsHelper( 9894): ifaceNames[3]:lo
D/SystemUi_TrafficStatsHelper( 9894): transmitted_validWifiData.get(0) = wlan0
D/PSD     (  384): set_ps_threshold: low_threshold 138 high_threshold 158 ps_average 78 algo_state 1
D/CSLegacyTypeTracker(  902): getNetworkForType type 1
E/LIGHT   (  902): AmbiLightSensor: get als value 856
E/LIGHT   (  902): AmbiLightSensor: report als event
E/PROXIMITY(  902): ProximitySensor: unknown event (type=3, code=0)
E/PROXIMITY(  902): ProximitySensor: invalid EV_SYN
D/PSD     (  384): Prox is far ps 76 als 879 highlight  0 crosstalk 76
W/ADB_SERVICES( 8017): read_meminfo() mem_free=1001684
W/ADB_SERVICES( 8017): read_meminfo() mem_free=1001684
D/PSD     (  384): set_ps_threshold: low_threshold 137 high_threshold 157 ps_average 77 algo_state 1
W/ADB_SERVICES( 8017): read_meminfo() mem_free=1001684
E/LIGHT   (  902): AmbiLightSensor: get als value 885
E/LIGHT   (  902): AmbiLightSensor: report als event
E/PROXIMITY(  902): ProximitySensor: unknown event (type=3, code=0)
E/PROXIMITY(  902): ProximitySensor: invalid EV_SYN
I/WifiStateMachine(  902): fetchRssiLinkSpeedAndFrequencyNative, newRssi:-57, newLinkSpeed:135, SSID:"Black_sheep"
D/PSD     (  384): set_ps_threshold: low_threshold 136 high_threshold 156 ps_average 76 algo_state 1
I/WifiStateMachine(  902): fetchRssiLinkSpeedAndFrequencyNative, newRssi:-57, newLinkSpeed:135, SSID:"Black_sheep"
D/NetworkLinkMonitor(  902): RSSI_PKTCNT_FETCH_SUCCEEDED--dtotal= 1
W/ADB_SERVICES( 8017): read_meminfo() mem_free=1001684
W/ADB_SERVICES( 8017): read_meminfo() mem_free=1001684
D/PSD     (  384): Prox is far ps 77 als 883 highlight  0 crosstalk 76
D/CSLegacyTypeTracker(  902): getNetworkForType type 1
W/ADB_SERVICES( 8017): read_meminfo() mem_free=1001684
I/thermal_repeater(  389): select timeout
D/PSD     (  384): set_ps_threshold: low_threshold 137 high_threshold 157 ps_average 77 algo_state 1
E/LIGHT   (  902): AmbiLightSensor: get als value 856
E/LIGHT   (  902): AmbiLightSensor: report als event
E/PROXIMITY(  902): ProximitySensor: unknown event (type=3, code=0)
E/PROXIMITY(  902): ProximitySensor: invalid EV_SYN
I/thermal_src(  387): wake up function 3
I/thermal_src(  387): TA_DAEMON_CMD_GET_TPCB cmd=0x5, len=4 PCB=29000
I/thermal_src(  387): TA_DAEMON_CMD_SET_TTJ cmd=0x4, len=4 Tj=85000
W/ADB_SERVICES( 8017): read_meminfo() mem_free=1001688
W/ADB_SERVICES( 8017): read_meminfo() mem_free=1001668
D/HeadsetStateMachine(15731): Disconnected process message: 10, size: 0
D/PSD     (  384): set_ps_threshold: low_threshold 137 high_threshold 157 ps_average 77 algo_state 1
D/UsbDeviceManager(  902): onReceive - BATTERY_CHANGED - mPlugType: 2, mSettingUsbCharging: false, mConnected: true, mSettingUsbBicr: false
D/WifiService(  902): onReceive, action:android.intent.action.BATTERY_CHANGED
W/ADB_SERVICES( 8017): read_meminfo() mem_free=1001328
D/PSD     (  384): Prox is far ps 79 als 868 highlight  0 crosstalk 76
D/        (  385): charger_monitor log_has_update will be set false
E/LIGHT   (  902): AmbiLightSensor: get als value 885
E/LIGHT   (  902): AmbiLightSensor: report als event
E/PROXIMITY(  902): ProximitySensor: unknown event (type=3, code=0)
E/PROXIMITY(  902): ProximitySensor: invalid EV_SYN
I/WifiStateMachine(  902): fetchRssiLinkSpeedAndFrequencyNative, newRssi:-57, newLinkSpeed:135, SSID:"Black_sheep"
D/NetworkLinkMonitor(  902): RSSI_PKTCNT_FETCH_SUCCEEDED--dtotal= 0
D/PSD     (  384): set_ps_threshold: low_threshold 138 high_threshold 158 ps_average 78 algo_state 1
W/ADB_SERVICES( 8017): read_meminfo() mem_free=1001452
I/thermal_src(  387): wake up function 3
I/thermal_src(  387): TA_DAEMON_CMD_GET_TPCB cmd=0x5, len=4 PCB=29000
I/thermal_src(  387): TA_DAEMON_CMD_SET_TTJ cmd=0x4, len=4 Tj=85000
W/ADB_SERVICES( 8017): read_meminfo() mem_free=1001324
W/ADB_SERVICES( 8017): read_meminfo() mem_free=1001324
E/LIGHT   (  902): AmbiLightSensor: get als value 856
E/LIGHT   (  902): AmbiLightSensor: report als event
E/PROXIMITY(  902): ProximitySensor: unknown event (type=3, code=0)
E/PROXIMITY(  902): ProximitySensor: invalid EV_SYN
D/CSLegacyTypeTracker(  902): getNetworkForType type 1
D/PSD     (  384): Prox is far ps 77 als 856 highlight  0 crosstalk 76
D/PSD     (  384): set_ps_threshold: low_threshold 138 high_threshold 158 ps_average 78 algo_state 1
W/ADB_SERVICES( 8017): read_meminfo() mem_free=1001364
W/ADB_SERVICES( 8017): read_meminfo() mem_free=1001332
E/LIGHT   (  902): AmbiLightSensor: get als value 883
E/LIGHT   (  902): AmbiLightSensor: report als event
E/PROXIMITY(  902): ProximitySensor: unknown event (type=3, code=0)
E/PROXIMITY(  902): ProximitySensor: invalid EV_SYN
D/PSD     (  384): set_ps_threshold: low_threshold 138 high_threshold 158 ps_average 78 algo_state 1
W/ADB_SERVICES( 8017): read_meminfo() mem_free=1001332
I/WifiStateMachine(  902): fetchRssiLinkSpeedAndFrequencyNative, newRssi:-60, newLinkSpeed:135, SSID:"Black_sheep"
D/NetworkLinkMonitor(  902): RSSI_PKTCNT_FETCH_SUCCEEDED--dtotal= 0
D/PSD     (  384): Prox is far ps 79 als 867 highlight  0 crosstalk 76
D/ActivityThread(31744): hoder:android.app.IActivityManager$ContentProviderHolder@34a9917a,provider,holder.Provider:android.content.ContentProviderProxy@14e24d2b
D/PSD     (  384): set_ps_threshold: low_threshold 138 high_threshold 158 ps_average 78 algo_state 1
W/ADB_SERVICES( 8017): read_meminfo() mem_free=1001348
E/LIGHT   (  902): AmbiLightSensor: get als value 860
E/LIGHT   (  902): AmbiLightSensor: report als event
E/PROXIMITY(  902): ProximitySensor: unknown event (type=3, code=0)
E/PROXIMITY(  902): ProximitySensor: invalid EV_SYN
W/ADB_SERVICES( 8017): read_meminfo() mem_free=1001332
W/ADB_SERVICES( 8017): read_meminfo() mem_free=1001332
D/CSLegacyTypeTracker(  902): getNetworkForType type 1
D/PSD     (  384): set_ps_threshold: low_threshold 138 high_threshold 158 ps_average 78 algo_state 1
E/LIGHT   (  902): AmbiLightSensor: get als value 879
E/LIGHT   (  902): AmbiLightSensor: report als event
E/PROXIMITY(  902): ProximitySensor: unknown event (type=3, code=0)
E/PROXIMITY(  902): ProximitySensor: invalid EV_SYN
W/ADB_SERVICES( 8017): read_meminfo() mem_free=1001364
I/WifiStateMachine(  902): fetchRssiLinkSpeedAndFrequencyNative, newRssi:-60, newLinkSpeed:135, SSID:"Black_sheep"
D/PSD     (  384): Prox is far ps 77 als 883 highlight  0 crosstalk 76
I/WifiStateMachine(  902): fetchRssiLinkSpeedAndFrequencyNative, newRssi:-60, newLinkSpeed:135, SSID:"Black_sheep"
D/NetworkLinkMonitor(  902): RSSI_PKTCNT_FETCH_SUCCEEDED--dtotal= 0
W/ADB_SERVICES( 8017): read_meminfo() mem_free=1001364
W/ADB_SERVICES( 8017): read_meminfo() mem_free=1001224
D/PSD     (  384): set_ps_threshold: low_threshold 137 high_threshold 157 ps_average 77 algo_state 1
D/SystemUi_TrafficStatsHelper( 9894): ifaceNames[0]:ccmni0
D/SystemUi_TrafficStatsHelper( 9894): ifaceNames[1]:wlan0
D/SystemUi_TrafficStatsHelper( 9894): ifaceNames[2]:p2p0
D/SystemUi_TrafficStatsHelper( 9894): ifaceNames[3]:lo
D/SystemUi_TrafficStatsHelper( 9894): transmitted_validWifiData.get(0) = wlan0
E/LIGHT   (  902): AmbiLightSensor: get als value 863
E/LIGHT   (  902): AmbiLightSensor: report als event
E/PROXIMITY(  902): ProximitySensor: unknown event (type=3, code=0)
E/PROXIMITY(  902): ProximitySensor: invalid EV_SYN
D/PSD     (  384): set_ps_threshold: low_threshold 137 high_threshold 157 ps_average 77 algo_state 1
W/ADB_SERVICES( 8017): read_meminfo() mem_free=1001224
W/ADB_SERVICES( 8017): read_meminfo() mem_free=1001208
W/ADB_SERVICES( 8017): read_meminfo() mem_free=1001208
D/PSD     (  384): Prox is far ps 78 als 883 highlight  0 crosstalk 76
D/CSLegacyTypeTracker(  902): getNetworkForType type 1
D/PSD     (  384): set_ps_threshold: low_threshold 137 high_threshold 157 ps_average 77 algo_state 1
E/LIGHT   (  902): AmbiLightSensor: get als value 876
E/LIGHT   (  902): AmbiLightSensor: report als event
E/PROXIMITY(  902): ProximitySensor: unknown event (type=3, code=0)
E/PROXIMITY(  902): ProximitySensor: invalid EV_SYN
I/WifiStateMachine(  902): fetchRssiLinkSpeedAndFrequencyNative, newRssi:-60, newLinkSpeed:135, SSID:"Black_sheep"
D/NetworkLinkMonitor(  902): RSSI_PKTCNT_FETCH_SUCCEEDED--dtotal= 3
W/ADB_SERVICES( 8017): read_meminfo() mem_free=1001100
W/ADB_SERVICES( 8017): read_meminfo() mem_free=1001084
W/ADB_SERVICES( 8017): read_meminfo() mem_free=1001084
D/PSD     (  384): set_ps_threshold: low_threshold 137 high_threshold 157 ps_average 77 algo_state 1
E/LIGHT   (  902): AmbiLightSensor: get als value 867
E/LIGHT   (  902): AmbiLightSensor: report als event
E/PROXIMITY(  902): ProximitySensor: unknown event (type=3, code=0)
E/PROXIMITY(  902): ProximitySensor: invalid EV_SYN
D/PSD     (  384): Prox is far ps 77 als 867 highlight  0 crosstalk 76
D/PSD     (  384): set_ps_threshold: low_threshold 137 high_threshold 157 ps_average 77 algo_state 1
W/ADB_SERVICES( 8017): read_meminfo() mem_free=1001116
W/ADB_SERVICES( 8017): read_meminfo() mem_free=1001084
W/ADB_SERVICES( 8017): read_meminfo() mem_free=1001084
E/LIGHT   (  902): AmbiLightSensor: get als value 860
E/LIGHT   (  902): AmbiLightSensor: report als event
E/PROXIMITY(  902): ProximitySensor: unknown event (type=3, code=0)
E/PROXIMITY(  902): ProximitySensor: invalid EV_SYN
I/WifiStateMachine(  902): fetchRssiLinkSpeedAndFrequencyNative, newRssi:-60, newLinkSpeed:135, SSID:"Black_sheep"
D/NetworkLinkMonitor(  902): RSSI_PKTCNT_FETCH_SUCCEEDED--dtotal= 1
D/PSD     (  384): set_ps_threshold: low_threshold 137 high_threshold 157 ps_average 77 algo_state 1
D/CSLegacyTypeTracker(  902): getNetworkForType type 1
D/PSD     (  384): Prox is far ps 78 als 856 highlight  0 crosstalk 76
W/ADB_SERVICES( 8017): read_meminfo() mem_free=998216
W/ADB_SERVICES( 8017): read_meminfo() mem_free=997288
E/LIGHT   (  902): AmbiLightSensor: get als value 883
E/LIGHT   (  902): AmbiLightSensor: report als event
E/PROXIMITY(  902): ProximitySensor: unknown event (type=3, code=0)
E/PROXIMITY(  902): ProximitySensor: invalid EV_SYN
W/ADB_SERVICES( 8017): read_meminfo() mem_free=997316
I/thermal_src(  387): wake up function 3
I/thermal_src(  387): TA_DAEMON_CMD_GET_TPCB cmd=0x5, len=4 PCB=29000
I/thermal_src(  387): TA_DAEMON_CMD_SET_TTJ cmd=0x4, len=4 Tj=85000
D/PSD     (  384): set_ps_threshold: low_threshold 137 high_threshold 157 ps_average 77 algo_state 1
D/HeadsetStateMachine(15731): Disconnected process message: 10, size: 0
D/UsbDeviceManager(  902): onReceive - BATTERY_CHANGED - mPlugType: 2, mSettingUsbCharging: false, mConnected: true, mSettingUsbBicr: false
D/WifiService(  902): onReceive, action:android.intent.action.BATTERY_CHANGED
D/PSD     (  384): Prox is far ps 78 als 867 highlight  0 crosstalk 76
D/PSD     (  384): set_ps_threshold: low_threshold 138 high_threshold 158 ps_average 78 algo_state 1
D/        (  385): charger_monitor log_has_update will be set false
E/LIGHT   (  902): AmbiLightSensor: get als value 863
E/LIGHT   (  902): AmbiLightSensor: report als event
E/PROXIMITY(  902): ProximitySensor: unknown event (type=3, code=0)
E/PROXIMITY(  902): ProximitySensor: invalid EV_SYN
W/ADB_SERVICES( 8017): read_meminfo() mem_free=997212
W/ADB_SERVICES( 8017): read_meminfo() mem_free=997020
I/WifiStateMachine(  902): fetchRssiLinkSpeedAndFrequencyNative, newRssi:-60, newLinkSpeed:135, SSID:"Black_sheep"
D/NetworkLinkMonitor(  902): RSSI_PKTCNT_FETCH_SUCCEEDED--dtotal= 0
W/ADB_SERVICES( 8017): read_meminfo() mem_free=997584
I/WifiStateMachine(  902): fetchRssiLinkSpeedAndFrequencyNative, newRssi:-60, newLinkSpeed:135, SSID:"Black_sheep"
D/PackageManager(  902): callerName== com.secretlisa.beidanci
D/PackageManager(  902): scc app ai.packageName = com.oppo.launcher ai.name = com.oppo.launcher.Launcher
D/PackageManager(  902): scc app ai.packageName = com.secretlisa.beidanci ai.name = com.secretlisa.beidanci.ActivityLauncher
D/PackageManager(  902): Default app ai.packageName = com.oppo.launcher ai.name = com.oppo.launcher.Launcher
D/CSLegacyTypeTracker(  902): getNetworkForType type 1
D/PSD     (  384): set_ps_threshold: low_threshold 138 high_threshold 158 ps_average 78 algo_state 1
I/thermal_src(  387): wake up function 3
I/thermal_src(  387): TA_DAEMON_CMD_GET_TPCB cmd=0x5, len=4 PCB=29000
I/thermal_src(  387): TA_DAEMON_CMD_SET_TTJ cmd=0x4, len=4 Tj=85000
E/LIGHT   (  902): AmbiLightSensor: get als value 879
E/LIGHT   (  902): AmbiLightSensor: report als event
E/PROXIMITY(  902): ProximitySensor: unknown event (type=3, code=0)
E/PROXIMITY(  902): ProximitySensor: invalid EV_SYN
W/ADB_SERVICES( 8017): read_meminfo() mem_free=997708
D/ADB_SERVICES( 8017): adb fdevent_process list (25) (17) (21) (26) (24) 
W/ADB_SERVICES( 8017): read_meminfo() mem_free=997580
D/PSD     (  384): Prox is far ps 79 als 856 highlight  0 crosstalk 76
W/ADB_SERVICES( 8017): read_meminfo() mem_free=997624
D/PSD     (  384): set_ps_threshold: low_threshold 138 high_threshold 158 ps_average 78 algo_state 1
E/LIGHT   (  902): AmbiLightSensor: get als value 867
E/LIGHT   (  902): AmbiLightSensor: report als event
E/PROXIMITY(  902): ProximitySensor: unknown event (type=3, code=0)
E/PROXIMITY(  902): ProximitySensor: invalid EV_SYN
I/WifiStateMachine(  902): fetchRssiLinkSpeedAndFrequencyNative, newRssi:-56, newLinkSpeed:135, SSID:"Black_sheep"
D/NetworkLinkMonitor(  902): RSSI_PKTCNT_FETCH_SUCCEEDED--dtotal= 0
D/PSD     (  384): set_ps_threshold: low_threshold 138 high_threshold 158 ps_average 78 algo_state 1
W/ADB_SERVICES( 8017): read_meminfo() mem_free=997640
W/ADB_SERVICES( 8017): read_meminfo() mem_free=997580
D/SystemUi_TrafficStatsHelper( 9894): ifaceNames[0]:ccmni0
D/SystemUi_TrafficStatsHelper( 9894): ifaceNames[1]:wlan0
D/SystemUi_TrafficStatsHelper( 9894): ifaceNames[2]:p2p0
D/SystemUi_TrafficStatsHelper( 9894): ifaceNames[3]:lo
D/SystemUi_TrafficStatsHelper( 9894): transmitted_validWifiData.get(0) = wlan0
W/ADB_SERVICES( 8017): read_meminfo() mem_free=997608
D/PSD     (  384): Prox is far ps 78 als 868 highlight  0 crosstalk 76
D/CSLegacyTypeTracker(  902): getNetworkForType type 1
D/PSD     (  384): set_ps_threshold: low_threshold 138 high_threshold 158 ps_average 78 algo_state 1
E/LIGHT   (  902): AmbiLightSensor: get als value 872
E/LIGHT   (  902): AmbiLightSensor: report als event
E/PROXIMITY(  902): ProximitySensor: unknown event (type=3, code=0)
E/PROXIMITY(  902): ProximitySensor: invalid EV_SYN
W/ADB_SERVICES( 8017): read_meminfo() mem_free=997608
W/ADB_SERVICES( 8017): read_meminfo() mem_free=997468
W/ADB_SERVICES( 8017): read_meminfo() mem_free=997484
D/PSD     (  384): set_ps_threshold: low_threshold 137 high_threshold 157 ps_average 77 algo_state 1
E/LIGHT   (  902): AmbiLightSensor: get als value 868
E/LIGHT   (  902): AmbiLightSensor: report als event
E/PROXIMITY(  902): ProximitySensor: unknown event (type=3, code=0)
E/PROXIMITY(  902): ProximitySensor: invalid EV_SYN
D/PSD     (  384): Prox is far ps 78 als 883 highlight  0 crosstalk 76
I/WifiStateMachine(  902): fetchRssiLinkSpeedAndFrequencyNative, newRssi:-56, newLinkSpeed:135, SSID:"Black_sheep"
D/NetworkLinkMonitor(  902): RSSI_PKTCNT_FETCH_SUCCEEDED--dtotal= 0
D/PSD     (  384): set_ps_threshold: low_threshold 138 high_threshold 158 ps_average 78 algo_state 1
W/ADB_SERVICES( 8017): read_meminfo() mem_free=997484
W/ADB_SERVICES( 8017): read_meminfo() mem_free=997500
W/ADB_SERVICES( 8017): read_meminfo() mem_free=997484
D/PSD     (  384): set_ps_threshold: low_threshold 137 high_threshold 157 ps_average 77 algo_state 1
D/CSLegacyTypeTracker(  902): getNetworkForType type 1
D/PSD     (  384): Prox is far ps 78 als 879 highlight  0 crosstalk 76
W/ADB_SERVICES( 8017): read_meminfo() mem_free=997500
W/ADB_SERVICES( 8017): read_meminfo() mem_free=997484
W/ADB_SERVICES( 8017): read_meminfo() mem_free=997484
E/LIGHT   (  902): AmbiLightSensor: get als value 876
E/LIGHT   (  902): AmbiLightSensor: report als event
E/PROXIMITY(  902): ProximitySensor: unknown event (type=3, code=0)
E/PROXIMITY(  902): ProximitySensor: invalid EV_SYN
D/PSD     (  384): set_ps_threshold: low_threshold 138 high_threshold 158 ps_average 78 algo_state 1
I/WifiStateMachine(  902): fetchRssiLinkSpeedAndFrequencyNative, newRssi:-56, newLinkSpeed:135, SSID:"Black_sheep"
D/NetworkLinkMonitor(  902): RSSI_PKTCNT_FETCH_SUCCEEDED--dtotal= 0
I/WifiStateMachine(  902): fetchRssiLinkSpeedAndFrequencyNative, newRssi:-56, newLinkSpeed:135, SSID:"Black_sheep"
D/PSD     (  384): set_ps_threshold: low_threshold 138 high_threshold 158 ps_average 78 algo_state 1
W/ADB_SERVICES( 8017): read_meminfo() mem_free=997484
D/PSD     (  384): Prox is far ps 77 als 863 highlight  0 crosstalk 76
E/LIGHT   (  902): AmbiLightSensor: get als value 863
E/LIGHT   (  902): AmbiLightSensor: report als event
E/PROXIMITY(  902): ProximitySensor: unknown event (type=3, code=0)
E/PROXIMITY(  902): ProximitySensor: invalid EV_SYN
W/ADB_SERVICES( 8017): read_meminfo() mem_free=997376
W/ADB_SERVICES( 8017): read_meminfo() mem_free=997360
D/PSD     (  384): set_ps_threshold: low_threshold 137 high_threshold 157 ps_average 77 algo_state 1
W/ADB_SERVICES( 8017): read_meminfo() mem_free=997392
W/ADB_SERVICES( 8017): read_meminfo() mem_free=996896
E/LIGHT   (  902): AmbiLightSensor: get als value 879
E/LIGHT   (  902): AmbiLightSensor: report als event
E/PROXIMITY(  902): ProximitySensor: unknown event (type=3, code=0)
E/PROXIMITY(  902): ProximitySensor: invalid EV_SYN
D/CSLegacyTypeTracker(  902): getNetworkForType type 1
I/WifiStateMachine(  902): fetchRssiLinkSpeedAndFrequencyNative, newRssi:-56, newLinkSpeed:135, SSID:"Black_sheep"
D/NetworkLinkMonitor(  902): RSSI_PKTCNT_FETCH_SUCCEEDED--dtotal= 0
W/ADB_SERVICES( 8017): read_meminfo() mem_free=995844
W/ADB_SERVICES( 8017): read_meminfo() mem_free=995720
D/PSD     (  384): Prox is far ps 77 als 856 highlight  0 crosstalk 76
D/PSD     (  384): set_ps_threshold: low_threshold 138 high_threshold 158 ps_average 78 algo_state 1
