--------- beginning of system
D/CSLegacyTypeTracker(  902): getNetworkForType type 1
D/CSLegacyTypeTracker(  902): getNetworkForType type 1
D/CSLegacyTypeTracker(  902): getNetworkForType type 1
D/CSLegacyTypeTracker(  902): getNetworkForType type 1
I/thermal_repeater(  389): select timeout
I/thermal_src(  387): wake up function 3
I/thermal_src(  387): TA_DAEMON_CMD_GET_TPCB cmd=0x5, len=4 PCB=29000
I/thermal_src(  387): TA_DAEMON_CMD_SET_TTJ cmd=0x4, len=4 Tj=85000
D/UsbDeviceManager(  902): onReceive - BATTERY_CHANGED - mPlugType: 2, mSettingUsbCharging: false, mConnected: true, mSettingUsbBicr: false
D/WifiService(  902): onReceive, action:android.intent.action.BATTERY_CHANGED
I/thermal_src(  387): wake up function 3
I/thermal_src(  387): TA_DAEMON_CMD_GET_TPCB cmd=0x5, len=4 PCB=29000
I/thermal_src(  387): TA_DAEMON_CMD_SET_TTJ cmd=0x4, len=4 Tj=85000
D/CSLegacyTypeTracker(  902): getNetworkForType type 1
D/ActivityThread(31744): hoder:android.app.IActivityManager$ContentProviderHolder@11cec77d,provider,holder.Provider:android.content.ContentProviderProxy@1d813672
D/CSLegacyTypeTracker(  902): getNetworkForType type 1
D/CSLegacyTypeTracker(  902): getNetworkForType type 1
W/ProcessCpuTracker( 3368): Skipping unknown process pid 13608
W/ProcessCpuTracker( 3368): Skipping unknown process pid 13609
W/ProcessCpuTracker( 3368): Skipping unknown process pid 13610
W/ProcessCpuTracker( 3368): Skipping unknown process pid 13611
D/CSLegacyTypeTracker(  902): getNetworkForType type 1
I/thermal_src(  387): wake up function 3
I/thermal_src(  387): TA_DAEMON_CMD_GET_TPCB cmd=0x5, len=4 PCB=29000
I/thermal_src(  387): TA_DAEMON_CMD_SET_TTJ cmd=0x4, len=4 Tj=85000
D/UsbDeviceManager(  902): onReceive - BATTERY_CHANGED - mPlugType: 2, mSettingUsbCharging: false, mConnected: true, mSettingUsbBicr: false
D/WifiService(  902): onReceive, action:android.intent.action.BATTERY_CHANGED
W/ProcessCpuTracker( 3368): Skipping unknown process pid 13647
D/CSLegacyTypeTracker(  902): getNetworkForType type 1
I/thermal_src(  387): wake up function 3
I/thermal_src(  387): TA_DAEMON_CMD_GET_TPCB cmd=0x5, len=4 PCB=29000
I/thermal_src(  387): TA_DAEMON_CMD_SET_TTJ cmd=0x4, len=4 Tj=85000
D/CSLegacyTypeTracker(  902): getNetworkForType type 1
D/CSLegacyTypeTracker(  902): getNetworkForType type 1
D/CSLegacyTypeTracker(  902): getNetworkForType type 1
I/thermal_repeater(  389): select timeout
I/thermal_src(  387): wake up function 3
I/thermal_src(  387): TA_DAEMON_CMD_GET_TPCB cmd=0x5, len=4 PCB=29000
I/thermal_src(  387): TA_DAEMON_CMD_SET_TTJ cmd=0x4, len=4 Tj=85000
D/CSLegacyTypeTracker(  902): getNetworkForType type 1
D/UsbDeviceManager(  902): onReceive - BATTERY_CHANGED - mPlugType: 2, mSettingUsbCharging: false, mConnected: true, mSettingUsbBicr: false
D/WifiService(  902): onReceive, action:android.intent.action.BATTERY_CHANGED
D/CSLegacyTypeTracker(  902): getNetworkForType type 1
I/thermal_src(  387): wake up function 3
I/thermal_src(  387): TA_DAEMON_CMD_GET_TPCB cmd=0x5, len=4 PCB=29000
I/thermal_src(  387): TA_DAEMON_CMD_SET_TTJ cmd=0x4, len=4 Tj=85000
D/CSLegacyTypeTracker(  902): getNetworkForType type 1
D/CSLegacyTypeTracker(  902): getNetworkForType type 1
D/CSLegacyTypeTracker(  902): getNetworkForType type 1
I/thermal_src(  387): wake up function 3
I/thermal_src(  387): TA_DAEMON_CMD_GET_TPCB cmd=0x5, len=4 PCB=29000
I/thermal_src(  387): TA_DAEMON_CMD_SET_TTJ cmd=0x4, len=4 Tj=85000
D/CSLegacyTypeTracker(  902): getNetworkForType type 1
D/UsbDeviceManager(  902): onReceive - BATTERY_CHANGED - mPlugType: 2, mSettingUsbCharging: false, mConnected: true, mSettingUsbBicr: false
D/WifiService(  902): onReceive, action:android.intent.action.BATTERY_CHANGED
I/thermal_src(  387): wake up function 3
I/thermal_src(  387): TA_DAEMON_CMD_GET_TPCB cmd=0x5, len=4 PCB=29000
I/thermal_src(  387): TA_DAEMON_CMD_SET_TTJ cmd=0x4, len=4 Tj=85000
D/CSLegacyTypeTracker(  902): getNetworkForType type 1
D/CSLegacyTypeTracker(  902): getNetworkForType type 1
D/CSLegacyTypeTracker(  902): getNetworkForType type 1
I/thermal_repeater(  389): select timeout
D/CSLegacyTypeTracker(  902): getNetworkForType type 1
I/thermal_src(  387): wake up function 3
I/thermal_src(  387): TA_DAEMON_CMD_GET_TPCB cmd=0x5, len=4 PCB=29000
I/thermal_src(  387): TA_DAEMON_CMD_SET_TTJ cmd=0x4, len=4 Tj=85000
D/UsbDeviceManager(  902): onReceive - BATTERY_CHANGED - mPlugType: 2, mSettingUsbCharging: false, mConnected: true, mSettingUsbBicr: false
D/WifiService(  902): onReceive, action:android.intent.action.BATTERY_CHANGED
I/thermal_src(  387): wake up function 3
I/thermal_src(  387): TA_DAEMON_CMD_GET_TPCB cmd=0x5, len=4 PCB=29000
I/thermal_src(  387): TA_DAEMON_CMD_SET_TTJ cmd=0x4, len=4 Tj=85000
D/CSLegacyTypeTracker(  902): getNetworkForType type 1
W/Watchdog(  902): SWT Watchdog after wait current time:90938574
W/Watchdog(  902): **Get SF Time **1
W/Watchdog(  902): SWT Watchdog before synchronized:90938575
W/Watchdog(  902): SWT Watchdog after synchronized:90938575
W/Watchdog(  902): SWT Watchdog before wait timeout:30000
W/Watchdog(  902): SWT Watchdog before wait current time:90938575
W/Watchdog(  902): SWT Watchdog before wait start:90938575
W/Watchdog(  902): SWT Watchdog before wait CHECK_INTERVAL:30000
D/CSLegacyTypeTracker(  902): getNetworkForType type 1
D/CSLegacyTypeTracker(  902): getNetworkForType type 1
W/ProcessCpuTracker(  902): Skipping unknown process pid 13836
D/CSLegacyTypeTracker(  902): getNetworkForType type 1
D/CSLegacyTypeTracker(  902): getNetworkForType type 1
I/thermal_src(  387): wake up function 3
I/thermal_src(  387): TA_DAEMON_CMD_GET_TPCB cmd=0x5, len=4 PCB=29000
I/thermal_src(  387): TA_DAEMON_CMD_SET_TTJ cmd=0x4, len=4 Tj=85000
I/thermal_src(  387): wake up function 3
I/thermal_src(  387): TA_DAEMON_CMD_GET_TPCB cmd=0x5, len=4 PCB=29000
I/thermal_src(  387): TA_DAEMON_CMD_SET_TTJ cmd=0x4, len=4 Tj=85000
D/CSLegacyTypeTracker(  902): getNetworkForType type 1
I/UsageStatsService(  902): User[0] Flushing usage stats to disk
V/AlarmManager(  902): Checking for alarms... rtc=1477491696001, elapsed=264956105
D/AlarmManager(  902): setLocked set alarm to RTC wakeup type = 2, when = 265045866
D/AlarmManager(  902): setLocked set alarm to RTC nonwakeup type = 3, when = 264980104
D/DataShapingService(  902): [openLteDataUpLinkGate] mDataShapingEnabled is false!
V/AlarmManager(  902): socktUnblockingTimeElapsed(ms): 138244 < mMinimumPeriod_BlockSocket: 300000
V/AlarmManager(  902): sending alarm Alarm{2a141c32 type 2 when 264956105 android whenElapsed 264956105 windowLength 0 maxWhen 264956105 repeatInterval 0 action android.content.syncmanager.SYNC_ALARM component null} success
D/ActivityThread(  902): BDC-Calling finishReceiver: IIntentReceiver=29b156e8
I/ActivityManager(  902): [Background Service Priority Adjustment] Set callerFg as false for service.getFlags():260
V/AlarmManager(  902): sending alarm Alarm{bd36d83 type 3 when 264924318 cn.wiz.note whenElapsed 264924318 windowLength -1 maxWhen 264969318 repeatInterval 60000 action null component ComponentInfo{cn.wiz.note/cn.wiz.note.service.ClipboardWatchService}} success
V/AlarmManager(  902): APP set(PendingIntent{200d3867: PendingIntentRecord{337a9614 android broadcastIntent}}) : type=2 triggerAtTime=266156104 win=0 tElapsed=266156104 maxElapsed=266156104 interval=0 standalone=false alarmClockInfo = null
D/CSLegacyTypeTracker(  902): getNetworkForType type 1
D/CSLegacyTypeTracker(  902): getNetworkForType type 1
D/CSLegacyTypeTracker(  902): getNetworkForType type 1
I/thermal_repeater(  389): select timeout
I/thermal_src(  387): wake up function 3
I/thermal_src(  387): TA_DAEMON_CMD_GET_TPCB cmd=0x5, len=4 PCB=29000
I/thermal_src(  387): TA_DAEMON_CMD_SET_TTJ cmd=0x4, len=4 Tj=85000
I/thermal_src(  387): wake up function 3
I/thermal_src(  387): TA_DAEMON_CMD_GET_TPCB cmd=0x5, len=4 PCB=29000
I/thermal_src(  387): TA_DAEMON_CMD_SET_TTJ cmd=0x4, len=4 Tj=85000
D/CSLegacyTypeTracker(  902): getNetworkForType type 1
W/ProcessCpuTracker(  902): Skipping unknown process pid 13945
V/ProcessCpuTracker(  902): cpu0 time_in_state not exist, read cpu4 time_in_state...
V/ProcessCpuTracker(  902): cpu4 time_in_state not exist, is it a BUG??!!
D/CSLegacyTypeTracker(  902): getNetworkForType type 1
D/CSLegacyTypeTracker(  902): getNetworkForType type 1
D/CSLegacyTypeTracker(  902): getNetworkForType type 1
D/CSLegacyTypeTracker(  902): getNetworkForType type 1
I/thermal_src(  387): wake up function 3
I/thermal_src(  387): TA_DAEMON_CMD_GET_TPCB cmd=0x5, len=4 PCB=29000
I/thermal_src(  387): TA_DAEMON_CMD_SET_TTJ cmd=0x4, len=4 Tj=85000
D/UsbDeviceManager(  902): onReceive - BATTERY_CHANGED - mPlugType: 2, mSettingUsbCharging: false, mConnected: true, mSettingUsbBicr: false
D/WifiService(  902): onReceive, action:android.intent.action.BATTERY_CHANGED
I/thermal_src(  387): wake up function 3
I/thermal_src(  387): TA_DAEMON_CMD_GET_TPCB cmd=0x5, len=4 PCB=29000
I/thermal_src(  387): TA_DAEMON_CMD_SET_TTJ cmd=0x4, len=4 Tj=85000
D/CSLegacyTypeTracker(  902): getNetworkForType type 1
D/CSLegacyTypeTracker(  902): getNetworkForType type 1
D/CSLegacyTypeTracker(  902): getNetworkForType type 1
D/CSLegacyTypeTracker(  902): getNetworkForType type 1
I/thermal_repeater(  389): select timeout
I/thermal_src(  387): wake up function 3
I/thermal_src(  387): TA_DAEMON_CMD_GET_TPCB cmd=0x5, len=4 PCB=29000
I/thermal_src(  387): TA_DAEMON_CMD_SET_TTJ cmd=0x4, len=4 Tj=85000
W/ProcessCpuTracker(  902): Skipping unknown process pid 14044
W/ProcessCpuTracker(  902): Skipping unknown process pid 14045
D/UsbDeviceManager(  902): onReceive - BATTERY_CHANGED - mPlugType: 2, mSettingUsbCharging: false, mConnected: true, mSettingUsbBicr: false
D/WifiService(  902): onReceive, action:android.intent.action.BATTERY_CHANGED
I/thermal_src(  387): wake up function 3
I/thermal_src(  387): TA_DAEMON_CMD_GET_TPCB cmd=0x5, len=4 PCB=29000
I/thermal_src(  387): TA_DAEMON_CMD_SET_TTJ cmd=0x4, len=4 Tj=85000
D/CSLegacyTypeTracker(  902): getNetworkForType type 1
V/CountryDetector(  902):     phonetype=1
D/CountryDetector(  902): onServiceStateChanged: 0
V/CountryDetector(  902):     phonetype=1
D/CountryDetector(  902): startLocationBasedDetection=true detectCountry=(source: 0, countryISO: CN) isAirplaneModeOff()=true mListener=com.android.server.CountryDetectorService$1@3574eb43 isGeoCoderImplemnted()=true
D/CountryDetector(  902): tries to stop LocationBasedDetector (current detector: null)
D/CSLegacyTypeTracker(  902): getNetworkForType type 1
W/ProcessCpuTracker( 3368): Skipping unknown process pid 14072
D/CSLegacyTypeTracker(  902): getNetworkForType type 1
D/CSLegacyTypeTracker(  902): getNetworkForType type 1
I/thermal_src(  387): wake up function 3
I/thermal_src(  387): TA_DAEMON_CMD_GET_TPCB cmd=0x5, len=4 PCB=29000
I/thermal_src(  387): TA_DAEMON_CMD_SET_TTJ cmd=0x4, len=4 Tj=85000
D/UsbDeviceManager(  902): onReceive - BATTERY_CHANGED - mPlugType: 2, mSettingUsbCharging: false, mConnected: true, mSettingUsbBicr: false
D/WifiService(  902): onReceive, action:android.intent.action.BATTERY_CHANGED
I/thermal_src(  387): wake up function 3
I/thermal_src(  387): TA_DAEMON_CMD_GET_TPCB cmd=0x5, len=4 PCB=29000
I/thermal_src(  387): TA_DAEMON_CMD_SET_TTJ cmd=0x4, len=4 Tj=85000
D/CSLegacyTypeTracker(  902): getNetworkForType type 1
D/CSLegacyTypeTracker(  902): getNetworkForType type 1
V/ProcessCpuTracker(  902): cpu0 time_in_state not exist, read cpu4 time_in_state...
V/ProcessCpuTracker(  902): cpu4 time_in_state not exist, is it a BUG??!!
D/CSLegacyTypeTracker(  902): getNetworkForType type 1
V/CountryDetector(  902):     phonetype=1
D/CountryDetector(  902): onServiceStateChanged: 0
V/CountryDetector(  902):     phonetype=1
D/CountryDetector(  902): startLocationBasedDetection=true detectCountry=(source: 0, countryISO: CN) isAirplaneModeOff()=true mListener=com.android.server.CountryDetectorService$1@3574eb43 isGeoCoderImplemnted()=true
D/CountryDetector(  902): tries to stop LocationBasedDetector (current detector: null)
D/CSLegacyTypeTracker(  902): getNetworkForType type 1
D/CSLegacyTypeTracker(  902): getNetworkForType type 1
I/thermal_repeater(  389): select timeout
I/thermal_src(  387): wake up function 3
I/thermal_src(  387): TA_DAEMON_CMD_GET_TPCB cmd=0x5, len=4 PCB=29000
I/thermal_src(  387): TA_DAEMON_CMD_SET_TTJ cmd=0x4, len=4 Tj=85000
D/UsbDeviceManager(  902): onReceive - BATTERY_CHANGED - mPlugType: 2, mSettingUsbCharging: false, mConnected: true, mSettingUsbBicr: false
D/WifiService(  902): onReceive, action:android.intent.action.BATTERY_CHANGED
I/thermal_src(  387): wake up function 3
I/thermal_src(  387): TA_DAEMON_CMD_GET_TPCB cmd=0x5, len=4 PCB=29000
I/thermal_src(  387): TA_DAEMON_CMD_SET_TTJ cmd=0x4, len=4 Tj=85000
D/CSLegacyTypeTracker(  902): getNetworkForType type 1
V/AlarmManager(  902): Checking for alarms... rtc=1477491720000, elapsed=264980104
D/AlarmManager(  902): setLocked set alarm to RTC nonwakeup type = 3, when = 264984318
D/DataShapingService(  902): [openLteDataUpLinkGate] mDataShapingEnabled is false!
V/AlarmManager(  902): sending alarm Alarm{2ab5bb00 type 3 when 264980104 android whenElapsed 264980104 windowLength 0 maxWhen 264980104 repeatInterval 0 action android.intent.action.TIME_TICK component null} success
V/AlarmManager(  902): APP set(PendingIntent{3911f808: PendingIntentRecord{24693ba1 android broadcastIntent}}) : type=3 triggerAtTime=265040104 win=0 tElapsed=265040104 maxElapsed=265040104 interval=0 standalone=true alarmClockInfo = null
D/ActivityThread(  902): BDC-Calling finishReceiver: IIntentReceiver=25fba225
W/Watchdog(  902): SWT Watchdog after wait current time:90968575
W/Watchdog(  902): **Get SF Time **1
W/Watchdog(  902): SWT Watchdog before synchronized:90968576
W/Watchdog(  902): SWT Watchdog after synchronized:90968576
W/Watchdog(  902): SWT Watchdog before wait timeout:30000
W/Watchdog(  902): SWT Watchdog before wait current time:90968577
W/Watchdog(  902): SWT Watchdog before wait start:90968577
W/Watchdog(  902): SWT Watchdog before wait CHECK_INTERVAL:30000
D/CSLegacyTypeTracker(  902): getNetworkForType type 1
V/ProcessCpuTracker(  902): cpu0 time_in_state not exist, read cpu4 time_in_state...
V/ProcessCpuTracker(  902): cpu4 time_in_state not exist, is it a BUG??!!
D/CSLegacyTypeTracker(  902): getNetworkForType type 1
D/CSLegacyTypeTracker(  902): getNetworkForType type 1
V/CountryDetector(  902):     phonetype=1
D/CountryDetector(  902): onServiceStateChanged: 0
V/CountryDetector(  902):     phonetype=1
D/CountryDetector(  902): startLocationBasedDetection=true detectCountry=(source: 0, countryISO: CN) isAirplaneModeOff()=true mListener=com.android.server.CountryDetectorService$1@3574eb43 isGeoCoderImplemnted()=true
D/CountryDetector(  902): tries to stop LocationBasedDetector (current detector: null)
I/thermal_src(  387): wake up function 3
I/thermal_src(  387): TA_DAEMON_CMD_GET_TPCB cmd=0x5, len=4 PCB=29000
I/thermal_src(  387): TA_DAEMON_CMD_SET_TTJ cmd=0x4, len=4 Tj=85000
V/AlarmManager(  902): Checking for alarms... rtc=1477491724214, elapsed=264984318
D/AlarmManager(  902): setLocked set alarm to RTC nonwakeup type = 3, when = 265040104
D/DataShapingService(  902): [openLteDataUpLinkGate] mDataShapingEnabled is false!
I/ActivityManager(  902): [Background Service Priority Adjustment] Set callerFg as false for service.getFlags():260
V/AlarmManager(  902): sending alarm Alarm{305acf39 type 3 when 264984318 cn.wiz.note whenElapsed 264984318 windowLength -1 maxWhen 265029318 repeatInterval 60000 action null component ComponentInfo{cn.wiz.note/cn.wiz.note.service.ClipboardWatchService}} success
D/UsbDeviceManager(  902): onReceive - BATTERY_CHANGED - mPlugType: 2, mSettingUsbCharging: false, mConnected: true, mSettingUsbBicr: false
D/WifiService(  902): onReceive, action:android.intent.action.BATTERY_CHANGED
D/CSLegacyTypeTracker(  902): getNetworkForType type 1
I/thermal_src(  387): wake up function 3
I/thermal_src(  387): TA_DAEMON_CMD_GET_TPCB cmd=0x5, len=4 PCB=29000
I/thermal_src(  387): TA_DAEMON_CMD_SET_TTJ cmd=0x4, len=4 Tj=85000
D/CSLegacyTypeTracker(  902): getNetworkForType type 1
D/CSLegacyTypeTracker(  902): getNetworkForType type 1
D/CSLegacyTypeTracker(  902): getNetworkForType type 1
D/CSLegacyTypeTracker(  902): getNetworkForType type 1
W/ProcessCpuTracker( 3368): Skipping unknown process pid 14278
V/ProcessCpuTracker(  902): cpu0 time_in_state not exist, read cpu4 time_in_state...
V/ProcessCpuTracker(  902): cpu4 time_in_state not exist, is it a BUG??!!
I/thermal_repeater(  389): select timeout
I/thermal_src(  387): wake up function 3
I/thermal_src(  387): TA_DAEMON_CMD_GET_TPCB cmd=0x5, len=4 PCB=29000
I/thermal_src(  387): TA_DAEMON_CMD_SET_TTJ cmd=0x4, len=4 Tj=85000
D/UsbDeviceManager(  902): onReceive - BATTERY_CHANGED - mPlugType: 2, mSettingUsbCharging: false, mConnected: true, mSettingUsbBicr: false
D/WifiService(  902): onReceive, action:android.intent.action.BATTERY_CHANGED
D/CSLegacyTypeTracker(  902): getNetworkForType type 1
I/thermal_src(  387): wake up function 3
I/thermal_src(  387): TA_DAEMON_CMD_GET_TPCB cmd=0x5, len=4 PCB=29000
I/thermal_src(  387): TA_DAEMON_CMD_SET_TTJ cmd=0x4, len=4 Tj=85000
D/CSLegacyTypeTracker(  902): getNetworkForType type 1
D/ActivityThread(31744): hoder:android.app.IActivityManager$ContentProviderHolder@3cc71ac3,provider,holder.Provider:android.content.ContentProviderProxy@bfff40
D/CSLegacyTypeTracker(  902): getNetworkForType type 1
D/CSLegacyTypeTracker(  902): getNetworkForType type 1
I/thermal_src(  387): wake up function 3
I/thermal_src(  387): TA_DAEMON_CMD_GET_TPCB cmd=0x5, len=4 PCB=29000
I/thermal_src(  387): TA_DAEMON_CMD_SET_TTJ cmd=0x4, len=4 Tj=85000
D/CSLegacyTypeTracker(  902): getNetworkForType type 1
W/ProcessCpuTracker( 3368): Skipping unknown process pid 14366
D/UsbDeviceManager(  902): onReceive - BATTERY_CHANGED - mPlugType: 2, mSettingUsbCharging: false, mConnected: true, mSettingUsbBicr: false
D/WifiService(  902): onReceive, action:android.intent.action.BATTERY_CHANGED
I/thermal_src(  387): wake up function 3
I/thermal_src(  387): TA_DAEMON_CMD_GET_TPCB cmd=0x5, len=4 PCB=29000
I/thermal_src(  387): TA_DAEMON_CMD_SET_TTJ cmd=0x4, len=4 Tj=85000
I/ActivityManager(  902): Process com.coloros.feedbackservice (pid 7206) has died
W/ContextImpl(  902): Calling a method in the system process without a qualified user: android.app.ContextImpl.sendBroadcast:1517 com.android.server.am.OppoExtraActivityManagerService.setKeyLockModeNormal:47 com.android.server.am.ActivityManagerService.appDiedLocked:6094 com.android.server.am.ActivityManagerService$AppDeathRecipient.binderDied:1383 android.os.BinderProxy.sendDeathNotice:559 
D/ActivityManager(  902): SVC-handleAppDiedLocked: app = ProcessRecord{1dd55edf 7206:com.coloros.feedbackservice/1000}, app.pid = 7206
D/ActivityManager(  902): removeDyingProviderLocked: cpr=ContentProviderRecord{363b872c u0 com.coloros.feedbackservice/.database.FeedbackProvider} always=false inLaunching=false
D/CSLegacyTypeTracker(  902): getNetworkForType type 1
D/CSLegacyTypeTracker(  902): getNetworkForType type 1
D/CSLegacyTypeTracker(  902): getNetworkForType type 1
I/thermal_repeater(  389): select timeout
I/thermal_src(  387): wake up function 3
I/thermal_src(  387): TA_DAEMON_CMD_GET_TPCB cmd=0x5, len=4 PCB=29000
I/thermal_src(  387): TA_DAEMON_CMD_SET_TTJ cmd=0x4, len=4 Tj=85000
D/CSLegacyTypeTracker(  902): getNetworkForType type 1
D/UsbDeviceManager(  902): onReceive - BATTERY_CHANGED - mPlugType: 2, mSettingUsbCharging: false, mConnected: true, mSettingUsbBicr: false
D/WifiService(  902): onReceive, action:android.intent.action.BATTERY_CHANGED
D/CSLegacyTypeTracker(  902): getNetworkForType type 1
I/thermal_src(  387): wake up function 3
I/thermal_src(  387): TA_DAEMON_CMD_GET_TPCB cmd=0x5, len=4 PCB=29000
I/thermal_src(  387): TA_DAEMON_CMD_SET_TTJ cmd=0x4, len=4 Tj=85000
D/CSLegacyTypeTracker(  902): getNetworkForType type 1
W/ProcessCpuTracker( 3368): Skipping unknown process pid 14434
--------- beginning of main
E/PROXIMITY(  902): ProximitySensor: invalid EV_SYN
D/PSD     (  384): set_ps_threshold: low_threshold 138 high_threshold 158 ps_average 78 algo_state 1
W/ADB_SERVICES( 8017): read_meminfo() mem_free=951380
W/ADB_SERVICES( 8017): read_meminfo() mem_free=951724
W/ADB_SERVICES( 8017): read_meminfo() mem_free=951768
E/LIGHT   (  902): AmbiLightSensor: get als value 860
E/LIGHT   (  902): AmbiLightSensor: report als event
E/PROXIMITY(  902): ProximitySensor: unknown event (type=3, code=0)
E/PROXIMITY(  902): ProximitySensor: invalid EV_SYN
D/PSD     (  384): set_ps_threshold: low_threshold 138 high_threshold 158 ps_average 78 algo_state 1
D/PSD     (  384): Prox is far ps 79 als 851 highlight  0 crosstalk 76
I/WifiStateMachine(  902): fetchRssiLinkSpeedAndFrequencyNative, newRssi:-58, newLinkSpeed:135, SSID:"Black_sheep"
D/NetworkLinkMonitor(  902): RSSI_PKTCNT_FETCH_SUCCEEDED--dtotal= 0
W/ADB_SERVICES( 8017): read_meminfo() mem_free=951704
D/CSLegacyTypeTracker(  902): getNetworkForType type 1
W/ADB_SERVICES( 8017): read_meminfo() mem_free=951672
D/PSD     (  384): set_ps_threshold: low_threshold 139 high_threshold 159 ps_average 79 algo_state 1
E/LIGHT   (  902): AmbiLightSensor: get als value 872
E/LIGHT   (  902): AmbiLightSensor: report als event
E/PROXIMITY(  902): ProximitySensor: unknown event (type=3, code=0)
E/PROXIMITY(  902): ProximitySensor: invalid EV_SYN
W/ADB_SERVICES( 8017): read_meminfo() mem_free=951672
D/PSD     (  384): set_ps_threshold: low_threshold 139 high_threshold 159 ps_average 79 algo_state 1
D/PSD     (  384): Prox is far ps 79 als 851 highlight  0 crosstalk 76
W/ADB_SERVICES( 8017): read_meminfo() mem_free=951688
E/LIGHT   (  902): AmbiLightSensor: get als value 851
E/LIGHT   (  902): AmbiLightSensor: report als event
E/PROXIMITY(  902): ProximitySensor: unknown event (type=3, code=0)
E/PROXIMITY(  902): ProximitySensor: invalid EV_SYN
W/ADB_SERVICES( 8017): read_meminfo() mem_free=951564
W/ADB_SERVICES( 8017): read_meminfo() mem_free=951580
I/WifiStateMachine(  902): fetchRssiLinkSpeedAndFrequencyNative, newRssi:-58, newLinkSpeed:135, SSID:"Black_sheep"
D/NetworkLinkMonitor(  902): RSSI_PKTCNT_FETCH_SUCCEEDED--dtotal= 0
D/PSD     (  384): set_ps_threshold: low_threshold 139 high_threshold 159 ps_average 79 algo_state 1
E/LIGHT   (  902): AmbiLightSensor: get als value 876
E/LIGHT   (  902): AmbiLightSensor: report als event
E/PROXIMITY(  902): ProximitySensor: unknown event (type=3, code=0)
E/PROXIMITY(  902): ProximitySensor: invalid EV_SYN
I/WifiStateMachine(  902): fetchRssiLinkSpeedAndFrequencyNative, newRssi:-58, newLinkSpeed:135, SSID:"Black_sheep"
W/ADB_SERVICES( 8017): read_meminfo() mem_free=951548
D/PSD     (  384): Prox is far ps 80 als 867 highlight  0 crosstalk 76
D/PSD     (  384): set_ps_threshold: low_threshold 138 high_threshold 158 ps_average 78 algo_state 1
W/ADB_SERVICES( 8017): read_meminfo() mem_free=951548
D/CSLegacyTypeTracker(  902): getNetworkForType type 1
W/ADB_SERVICES( 8017): read_meminfo() mem_free=951548
E/LIGHT   (  902): AmbiLightSensor: get als value 847
E/LIGHT   (  902): AmbiLightSensor: report als event
E/PROXIMITY(  902): ProximitySensor: unknown event (type=3, code=0)
E/PROXIMITY(  902): ProximitySensor: invalid EV_SYN
D/PSD     (  384): set_ps_threshold: low_threshold 138 high_threshold 158 ps_average 78 algo_state 1
W/ADB_SERVICES( 8017): read_meminfo() mem_free=951580
I/WifiStateMachine(  902): fetchRssiLinkSpeedAndFrequencyNative, newRssi:-58, newLinkSpeed:135, SSID:"Black_sheep"
D/NetworkLinkMonitor(  902): RSSI_PKTCNT_FETCH_SUCCEEDED--dtotal= 0
W/ADB_SERVICES( 8017): read_meminfo() mem_free=951548
W/ADB_SERVICES( 8017): read_meminfo() mem_free=951548
D/PSD     (  384): Prox is far ps 80 als 879 highlight  0 crosstalk 76
D/PSD     (  384): set_ps_threshold: low_threshold 139 high_threshold 159 ps_average 79 algo_state 1
D/SystemUi_TrafficStatsHelper( 9894): ifaceNames[0]:ccmni0
D/SystemUi_TrafficStatsHelper( 9894): ifaceNames[1]:wlan0
D/SystemUi_TrafficStatsHelper( 9894): ifaceNames[2]:p2p0
D/SystemUi_TrafficStatsHelper( 9894): ifaceNames[3]:lo
D/SystemUi_TrafficStatsHelper( 9894): transmitted_validWifiData.get(0) = wlan0
E/LIGHT   (  902): AmbiLightSensor: get als value 879
E/LIGHT   (  902): AmbiLightSensor: report als event
E/PROXIMITY(  902): ProximitySensor: unknown event (type=3, code=0)
E/PROXIMITY(  902): ProximitySensor: invalid EV_SYN
I/thermal_src(  387): wake up function 3
I/thermal_src(  387): TA_DAEMON_CMD_GET_TPCB cmd=0x5, len=4 PCB=29000
I/thermal_src(  387): TA_DAEMON_CMD_SET_TTJ cmd=0x4, len=4 Tj=85000
W/ADB_SERVICES( 8017): read_meminfo() mem_free=947852
D/PSD     (  384): set_ps_threshold: low_threshold 138 high_threshold 158 ps_average 78 algo_state 1
W/ADB_SERVICES( 8017): read_meminfo() mem_free=947220
W/ADB_SERVICES( 8017): read_meminfo() mem_free=947308
W/ProcessCpuTracker(  902): Skipping unknown process pid 14473
W/ProcessCpuTracker(  902): Skipping unknown process pid 14474
D/CSLegacyTypeTracker(  902): getNetworkForType type 1
E/LIGHT   (  902): AmbiLightSensor: get als value 851
E/LIGHT   (  902): AmbiLightSensor: report als event
E/PROXIMITY(  902): ProximitySensor: unknown event (type=3, code=0)
E/PROXIMITY(  902): ProximitySensor: invalid EV_SYN
D/PSD     (  384): Prox is far ps 81 als 867 highlight  0 crosstalk 76
D/HeadsetStateMachine(15731): Disconnected process message: 10, size: 0
D/UsbDeviceManager(  902): onReceive - BATTERY_CHANGED - mPlugType: 2, mSettingUsbCharging: false, mConnected: true, mSettingUsbBicr: false
D/WifiService(  902): onReceive, action:android.intent.action.BATTERY_CHANGED
D/PSD     (  384): set_ps_threshold: low_threshold 139 high_threshold 159 ps_average 79 algo_state 1
D/        (  385): charger_monitor log_has_update will be set false
I/WifiStateMachine(  902): fetchRssiLinkSpeedAndFrequencyNative, newRssi:-58, newLinkSpeed:135, SSID:"Black_sheep"
D/NetworkLinkMonitor(  902): RSSI_PKTCNT_FETCH_SUCCEEDED--dtotal= 0
W/ADB_SERVICES( 8017): read_meminfo() mem_free=947128
W/ADB_SERVICES( 8017): read_meminfo() mem_free=947032
I/thermal_src(  387): wake up function 3
I/thermal_src(  387): TA_DAEMON_CMD_GET_TPCB cmd=0x5, len=4 PCB=29000
I/thermal_src(  387): TA_DAEMON_CMD_SET_TTJ cmd=0x4, len=4 Tj=85000
W/ADB_SERVICES( 8017): read_meminfo() mem_free=946532
E/LIGHT   (  902): AmbiLightSensor: get als value 876
E/LIGHT   (  902): AmbiLightSensor: report als event
E/PROXIMITY(  902): ProximitySensor: unknown event (type=3, code=0)
E/PROXIMITY(  902): ProximitySensor: invalid EV_SYN
D/PSD     (  384): set_ps_threshold: low_threshold 139 high_threshold 159 ps_average 79 algo_state 1
D/PackageManager(  902): callerName== com.secretlisa.beidanci
D/PackageManager(  902): scc app ai.packageName = com.oppo.launcher ai.name = com.oppo.launcher.Launcher
D/PackageManager(  902): scc app ai.packageName = com.secretlisa.beidanci ai.name = com.secretlisa.beidanci.ActivityLauncher
D/PackageManager(  902): Default app ai.packageName = com.oppo.launcher ai.name = com.oppo.launcher.Launcher
D/PSD     (  384): Prox is far ps 79 als 876 highlight  0 crosstalk 76
W/ADB_SERVICES( 8017): read_meminfo() mem_free=948076
D/PSD     (  384): set_ps_threshold: low_threshold 138 high_threshold 158 ps_average 78 algo_state 1
W/ADB_SERVICES( 8017): read_meminfo() mem_free=947744
W/ADB_SERVICES( 8017): read_meminfo() mem_free=947868
E/LIGHT   (  902): AmbiLightSensor: get als value 856
E/LIGHT   (  902): AmbiLightSensor: report als event
E/PROXIMITY(  902): ProximitySensor: unknown event (type=3, code=0)
E/PROXIMITY(  902): ProximitySensor: invalid EV_SYN
D/CSLegacyTypeTracker(  902): getNetworkForType type 1
I/WifiStateMachine(  902): fetchRssiLinkSpeedAndFrequencyNative, newRssi:-58, newLinkSpeed:135, SSID:"Black_sheep"
D/NetworkLinkMonitor(  902): RSSI_PKTCNT_FETCH_SUCCEEDED--dtotal= 0
D/PSD     (  384): set_ps_threshold: low_threshold 139 high_threshold 159 ps_average 79 algo_state 1
D/PSD     (  384): Prox is far ps 78 als 876 highlight  0 crosstalk 76
E/LIGHT   (  902): AmbiLightSensor: get als value 868
E/LIGHT   (  902): AmbiLightSensor: report als event
E/PROXIMITY(  902): ProximitySensor: unknown event (type=3, code=0)
E/PROXIMITY(  902): ProximitySensor: invalid EV_SYN
W/ADB_SERVICES( 8017): read_meminfo() mem_free=947888
W/ADB_SERVICES( 8017): read_meminfo() mem_free=947888
W/ADB_SERVICES( 8017): read_meminfo() mem_free=947892
I/WifiStateMachine(  902): fetchRssiLinkSpeedAndFrequencyNative, newRssi:-58, newLinkSpeed:135, SSID:"Black_sheep"
D/ADB_SERVICES( 8017): adb fdevent_process list (17) (24) (25) (21) (26) 
D/PSD     (  384): set_ps_threshold: low_threshold 138 high_threshold 158 ps_average 78 algo_state 1
D/ADB_SERVICES( 8017): adb socket write list (21) 
D/ADB_SERVICES( 8017): write_data=9574
E/LIGHT   (  902): AmbiLightSensor: get als value 867
E/LIGHT   (  902): AmbiLightSensor: report als event
E/PROXIMITY(  902): ProximitySensor: unknown event (type=3, code=0)
E/PROXIMITY(  902): ProximitySensor: invalid EV_SYN
D/PSD     (  384): set_ps_threshold: low_threshold 138 high_threshold 158 ps_average 78 algo_state 1
W/ADB_SERVICES( 8017): read_meminfo() mem_free=947924
W/ADB_SERVICES( 8017): read_meminfo() mem_free=947924
D/PSD     (  384): Prox is far ps 78 als 876 highlight  0 crosstalk 76
W/ADB_SERVICES( 8017): read_meminfo() mem_free=947488
I/WifiStateMachine(  902): fetchRssiLinkSpeedAndFrequencyNative, newRssi:-58, newLinkSpeed:135, SSID:"Black_sheep"
D/NetworkLinkMonitor(  902): RSSI_PKTCNT_FETCH_SUCCEEDED--dtotal= 0
D/CSLegacyTypeTracker(  902): getNetworkForType type 1
D/PSD     (  384): set_ps_threshold: low_threshold 138 high_threshold 158 ps_average 78 algo_state 1
E/LIGHT   (  902): AmbiLightSensor: get als value 860
E/LIGHT   (  902): AmbiLightSensor: report als event
E/PROXIMITY(  902): ProximitySensor: unknown event (type=3, code=0)
E/PROXIMITY(  902): ProximitySensor: invalid EV_SYN
W/ADB_SERVICES( 8017): read_meminfo() mem_free=947908
W/ADB_SERVICES( 8017): read_meminfo() mem_free=947504
W/ADB_SERVICES( 8017): read_meminfo() mem_free=947684
D/PSD     (  384): Prox is far ps 78 als 879 highlight  0 crosstalk 76
D/PSD     (  384): set_ps_threshold: low_threshold 138 high_threshold 158 ps_average 78 algo_state 1
E/LIGHT   (  902): AmbiLightSensor: get als value 868
E/LIGHT   (  902): AmbiLightSensor: report als event
E/PROXIMITY(  902): ProximitySensor: unknown event (type=3, code=0)
E/PROXIMITY(  902): ProximitySensor: invalid EV_SYN
I/WifiStateMachine(  902): fetchRssiLinkSpeedAndFrequencyNative, newRssi:-58, newLinkSpeed:135, SSID:"Black_sheep"
D/NetworkLinkMonitor(  902): RSSI_PKTCNT_FETCH_SUCCEEDED--dtotal= 2
W/ADB_SERVICES( 8017): read_meminfo() mem_free=947800
D/PSD     (  384): set_ps_threshold: low_threshold 138 high_threshold 158 ps_average 78 algo_state 1
W/ADB_SERVICES( 8017): read_meminfo() mem_free=947800
W/ADB_SERVICES( 8017): read_meminfo() mem_free=947768
D/SystemUi_TrafficStatsHelper( 9894): ifaceNames[0]:ccmni0
D/SystemUi_TrafficStatsHelper( 9894): ifaceNames[1]:wlan0
D/SystemUi_TrafficStatsHelper( 9894): ifaceNames[2]:p2p0
D/SystemUi_TrafficStatsHelper( 9894): ifaceNames[3]:lo
D/SystemUi_TrafficStatsHelper( 9894): transmitted_validWifiData.get(0) = wlan0
D/CSLegacyTypeTracker(  902): getNetworkForType type 1
E/LIGHT   (  902): AmbiLightSensor: get als value 847
E/LIGHT   (  902): AmbiLightSensor: report als event
E/PROXIMITY(  902): ProximitySensor: unknown event (type=3, code=0)
E/PROXIMITY(  902): ProximitySensor: invalid EV_SYN
D/PSD     (  384): Prox is far ps 79 als 867 highlight  0 crosstalk 76
D/PSD     (  384): set_ps_threshold: low_threshold 139 high_threshold 159 ps_average 79 algo_state 1
W/ADB_SERVICES( 8017): read_meminfo() mem_free=947784
W/ADB_SERVICES( 8017): read_meminfo() mem_free=947504
W/ADB_SERVICES( 8017): read_meminfo() mem_free=947512
E/LIGHT   (  902): AmbiLightSensor: get als value 879
E/LIGHT   (  902): AmbiLightSensor: report als event
E/PROXIMITY(  902): ProximitySensor: unknown event (type=3, code=0)
E/PROXIMITY(  902): ProximitySensor: invalid EV_SYN
D/PSD     (  384): set_ps_threshold: low_threshold 138 high_threshold 158 ps_average 78 algo_state 1
I/WifiStateMachine(  902): fetchRssiLinkSpeedAndFrequencyNative, newRssi:-58, newLinkSpeed:135, SSID:"Black_sheep"
D/NetworkLinkMonitor(  902): RSSI_PKTCNT_FETCH_SUCCEEDED--dtotal= 2
D/PSD     (  384): Prox is far ps 78 als 856 highlight  0 crosstalk 76
D/PSD     (  384): set_ps_threshold: low_threshold 138 high_threshold 158 ps_average 78 algo_state 1
W/ADB_SERVICES( 8017): read_meminfo() mem_free=947676
W/ADB_SERVICES( 8017): read_meminfo() mem_free=947628
E/LIGHT   (  902): AmbiLightSensor: get als value 851
E/LIGHT   (  902): AmbiLightSensor: report als event
E/PROXIMITY(  902): ProximitySensor: unknown event (type=3, code=0)
E/PROXIMITY(  902): ProximitySensor: invalid EV_SYN
I/thermal_repeater(  389): select timeout
W/ADB_SERVICES( 8017): read_meminfo() mem_free=947652
I/WifiStateMachine(  902): fetchRssiLinkSpeedAndFrequencyNative, newRssi:-58, newLinkSpeed:135, SSID:"Black_sheep"
I/thermal_src(  387): wake up function 3
I/thermal_src(  387): TA_DAEMON_CMD_GET_TPCB cmd=0x5, len=4 PCB=29000
I/thermal_src(  387): TA_DAEMON_CMD_SET_TTJ cmd=0x4, len=4 Tj=85000
D/CSLegacyTypeTracker(  902): getNetworkForType type 1
D/PSD     (  384): set_ps_threshold: low_threshold 138 high_threshold 158 ps_average 78 algo_state 1
D/PSD     (  384): Prox is far ps 80 als 851 highlight  0 crosstalk 76
W/ADB_SERVICES( 8017): read_meminfo() mem_free=947652
D/HeadsetStateMachine(15731): Disconnected process message: 10, size: 0
D/UsbDeviceManager(  902): onReceive - BATTERY_CHANGED - mPlugType: 2, mSettingUsbCharging: false, mConnected: true, mSettingUsbBicr: false
D/WifiService(  902): onReceive, action:android.intent.action.BATTERY_CHANGED
W/ADB_SERVICES( 8017): read_meminfo() mem_free=947652
W/ADB_SERVICES( 8017): read_meminfo() mem_free=947444
D/        (  385): charger_monitor log_has_update will be set false
I/WifiStateMachine(  902): fetchRssiLinkSpeedAndFrequencyNative, newRssi:-58, newLinkSpeed:135, SSID:"Black_sheep"
D/NetworkLinkMonitor(  902): RSSI_PKTCNT_FETCH_SUCCEEDED--dtotal= 1
D/PSD     (  384): set_ps_threshold: low_threshold 138 high_threshold 158 ps_average 78 algo_state 1
I/thermal_src(  387): wake up function 3
I/thermal_src(  387): TA_DAEMON_CMD_GET_TPCB cmd=0x5, len=4 PCB=29000
I/thermal_src(  387): TA_DAEMON_CMD_SET_TTJ cmd=0x4, len=4 Tj=85000
E/LIGHT   (  902): AmbiLightSensor: get als value 876
E/LIGHT   (  902): AmbiLightSensor: report als event
E/PROXIMITY(  902): ProximitySensor: unknown event (type=3, code=0)
E/PROXIMITY(  902): ProximitySensor: invalid EV_SYN
D/PSD     (  384): set_ps_threshold: low_threshold 138 high_threshold 158 ps_average 78 algo_state 1
W/ADB_SERVICES( 8017): read_meminfo() mem_free=947492
W/ADB_SERVICES( 8017): read_meminfo() mem_free=947220
D/PSD     (  384): Prox is far ps 77 als 856 highlight  0 crosstalk 76
W/ADB_SERVICES( 8017): read_meminfo() mem_free=946528
D/PSD     (  384): set_ps_threshold: low_threshold 138 high_threshold 158 ps_average 78 algo_state 1
D/CSLegacyTypeTracker(  902): getNetworkForType type 1
E/LIGHT   (  902): AmbiLightSensor: get als value 856
E/LIGHT   (  902): AmbiLightSensor: report als event
E/PROXIMITY(  902): ProximitySensor: unknown event (type=3, code=0)
E/PROXIMITY(  902): ProximitySensor: invalid EV_SYN
I/WifiStateMachine(  902): fetchRssiLinkSpeedAndFrequencyNative, newRssi:-58, newLinkSpeed:135, SSID:"Black_sheep"
D/NetworkLinkMonitor(  902): RSSI_PKTCNT_FETCH_SUCCEEDED--dtotal= 0
W/Watchdog(  902): SWT Watchdog after wait current time:90998577
W/Watchdog(  902): **Get SF Time **1
W/Watchdog_N(  902): !@WatchDog_3033;
W/Watchdog(  902): SWT Watchdog before synchronized:90998579
W/Watchdog(  902): SWT Watchdog after synchronized:90998579
W/Watchdog(  902): SWT Watchdog before wait timeout:30000
W/Watchdog(  902): SWT Watchdog before wait current time:90998587
W/Watchdog(  902): SWT Watchdog before wait start:90998587
W/Watchdog(  902): SWT Watchdog before wait CHECK_INTERVAL:30000
W/ADB_SERVICES( 8017): read_meminfo() mem_free=947732
W/ADB_SERVICES( 8017): read_meminfo() mem_free=947560
W/ADB_SERVICES( 8017): read_meminfo() mem_free=947052
D/PSD     (  384): set_ps_threshold: low_threshold 138 high_threshold 158 ps_average 78 algo_state 1
D/PSD     (  384): Prox is far ps 78 als 868 highlight  0 crosstalk 76
E/LIGHT   (  902): AmbiLightSensor: get als value 868
E/LIGHT   (  902): AmbiLightSensor: report als event
E/PROXIMITY(  902): ProximitySensor: unknown event (type=3, code=0)
E/PROXIMITY(  902): ProximitySensor: invalid EV_SYN
D/PSD     (  384): set_ps_threshold: low_threshold 138 high_threshold 158 ps_average 78 algo_state 1
W/ADB_SERVICES( 8017): read_meminfo() mem_free=947268
W/ADB_SERVICES( 8017): read_meminfo() mem_free=947152
W/ADB_SERVICES( 8017): read_meminfo() mem_free=947284
E/LIGHT   (  902): AmbiLightSensor: get als value 867
E/LIGHT   (  902): AmbiLightSensor: report als event
E/PROXIMITY(  902): ProximitySensor: unknown event (type=3, code=0)
E/PROXIMITY(  902): ProximitySensor: invalid EV_SYN
D/PSD     (  384): Prox is far ps 78 als 876 highlight  0 crosstalk 76
D/PSD     (  384): set_ps_threshold: low_threshold 137 high_threshold 157 ps_average 77 algo_state 1
D/CSLegacyTypeTracker(  902): getNetworkForType type 1
I/WifiStateMachine(  902): fetchRssiLinkSpeedAndFrequencyNative, newRssi:-58, newLinkSpeed:135, SSID:"Black_sheep"
D/NetworkLinkMonitor(  902): RSSI_PKTCNT_FETCH_SUCCEEDED--dtotal= 0
D/CSLegacyTypeTracker(  902): getNetworkForType type 1
W/ADB_SERVICES( 8017): read_meminfo() mem_free=947448
D/SystemUi_TrafficStatsHelper( 9894): ifaceNames[0]:ccmni0
D/SystemUi_TrafficStatsHelper( 9894): ifaceNames[1]:wlan0
D/SystemUi_TrafficStatsHelper( 9894): ifaceNames[2]:p2p0
D/SystemUi_TrafficStatsHelper( 9894): ifaceNames[3]:lo
W/ADB_SERVICES( 8017): read_meminfo() mem_free=947256
D/SystemUi_TrafficStatsHelper( 9894): transmitted_validWifiData.get(0) = wlan0
W/ADB_SERVICES( 8017): read_meminfo() mem_free=947028
E/LIGHT   (  902): AmbiLightSensor: get als value 856
E/LIGHT   (  902): AmbiLightSensor: report als event
E/PROXIMITY(  902): ProximitySensor: unknown event (type=3, code=0)
E/PROXIMITY(  902): ProximitySensor: invalid EV_SYN
D/PSD     (  384): set_ps_threshold: low_threshold 137 high_threshold 157 ps_average 77 algo_state 1
I/WifiStateMachine(  902): fetchRssiLinkSpeedAndFrequencyNative, newRssi:-58, newLinkSpeed:135, SSID:"Black_sheep"
D/PSD     (  384): Prox is far ps 78 als 876 highlight  0 crosstalk 76
D/PSD     (  384): set_ps_threshold: low_threshold 138 high_threshold 158 ps_average 78 algo_state 1
W/ADB_SERVICES( 8017): read_meminfo() mem_free=947028
W/ADB_SERVICES( 8017): read_meminfo() mem_free=947168
E/LIGHT   (  902): AmbiLightSensor: get als value 876
E/LIGHT   (  902): AmbiLightSensor: report als event
E/PROXIMITY(  902): ProximitySensor: unknown event (type=3, code=0)
E/PROXIMITY(  902): ProximitySensor: invalid EV_SYN
W/ADB_SERVICES( 8017): read_meminfo() mem_free=947288
I/WifiStateMachine(  902): fetchRssiLinkSpeedAndFrequencyNative, newRssi:-58, newLinkSpeed:135, SSID:"Black_sheep"
D/NetworkLinkMonitor(  902): RSSI_PKTCNT_FETCH_SUCCEEDED--dtotal= 2
D/PSD     (  384): set_ps_threshold: low_threshold 138 high_threshold 158 ps_average 78 algo_state 1
D/CSLegacyTypeTracker(  902): getNetworkForType type 1
W/ADB_SERVICES( 8017): read_meminfo() mem_free=947288
E/LIGHT   (  902): AmbiLightSensor: get als value 847
E/LIGHT   (  902): AmbiLightSensor: report als event
E/PROXIMITY(  902): ProximitySensor: unknown event (type=3, code=0)
E/PROXIMITY(  902): ProximitySensor: invalid EV_SYN
D/PSD     (  384): Prox is far ps 80 als 867 highlight  0 crosstalk 76
W/ADB_SERVICES( 8017): read_meminfo() mem_free=947180
W/ADB_SERVICES( 8017): read_meminfo() mem_free=947288
D/PSD     (  384): set_ps_threshold: low_threshold 139 high_threshold 159 ps_average 79 algo_state 1
E/LIGHT   (  902): AmbiLightSensor: get als value 879
E/LIGHT   (  902): AmbiLightSensor: report als event
E/PROXIMITY(  902): ProximitySensor: unknown event (type=3, code=0)
E/PROXIMITY(  902): ProximitySensor: invalid EV_SYN
W/ADB_SERVICES( 8017): read_meminfo() mem_free=947324
D/PSD     (  384): set_ps_threshold: low_threshold 138 high_threshold 158 ps_average 78 algo_state 1
I/WifiStateMachine(  902): fetchRssiLinkSpeedAndFrequencyNative, newRssi:-58, newLinkSpeed:135, SSID:"Black_sheep"
D/NetworkLinkMonitor(  902): RSSI_PKTCNT_FETCH_SUCCEEDED--dtotal= 1
W/ADB_SERVICES( 8017): read_meminfo() mem_free=946920
W/ADB_SERVICES( 8017): read_meminfo() mem_free=946268
D/PSD     (  384): Prox is far ps 78 als 856 highlight  0 crosstalk 76
D/PSD     (  384): set_ps_threshold: low_threshold 138 high_threshold 158 ps_average 78 algo_state 1
E/LIGHT   (  902): AmbiLightSensor: get als value 851
E/LIGHT   (  902): AmbiLightSensor: report als event
E/PROXIMITY(  902): ProximitySensor: unknown event (type=3, code=0)
E/PROXIMITY(  902): ProximitySensor: invalid EV_SYN
D/CSLegacyTypeTracker(  902): getNetworkForType type 1
W/ADB_SERVICES( 8017): read_meminfo() mem_free=943844
I/thermal_src(  387): wake up function 3
I/thermal_src(  387): TA_DAEMON_CMD_GET_TPCB cmd=0x5, len=4 PCB=29000
I/thermal_src(  387): TA_DAEMON_CMD_SET_TTJ cmd=0x4, len=4 Tj=85000
W/ADB_SERVICES( 8017): read_meminfo() mem_free=943424
W/ADB_SERVICES( 8017): read_meminfo() mem_free=942856
D/PSD     (  384): set_ps_threshold: low_threshold 138 high_threshold 158 ps_average 78 algo_state 1
D/PSD     (  384): Prox is far ps 78 als 847 highlight  0 crosstalk 76
E/LIGHT   (  902): AmbiLightSensor: get als value 872
E/LIGHT   (  902): AmbiLightSensor: report als event
E/PROXIMITY(  902): ProximitySensor: unknown event (type=3, code=0)
E/PROXIMITY(  902): ProximitySensor: invalid EV_SYN
D/UsbDeviceManager(  902): onReceive - BATTERY_CHANGED - mPlugType: 2, mSettingUsbCharging: false, mConnected: true, mSettingUsbBicr: false
D/WifiService(  902): onReceive, action:android.intent.action.BATTERY_CHANGED
D/HeadsetStateMachine(15731): Disconnected process message: 10, size: 0
D/        (  385): charger_monitor log_has_update will be set false
I/WifiStateMachine(  902): fetchRssiLinkSpeedAndFrequencyNative, newRssi:-58, newLinkSpeed:135, SSID:"Black_sheep"
D/NetworkLinkMonitor(  902): RSSI_PKTCNT_FETCH_SUCCEEDED--dtotal= 0
W/ADB_SERVICES( 8017): read_meminfo() mem_free=946656
D/PSD     (  384): set_ps_threshold: low_threshold 138 high_threshold 158 ps_average 78 algo_state 1
I/thermal_src(  387): wake up function 3
I/thermal_src(  387): TA_DAEMON_CMD_GET_TPCB cmd=0x5, len=4 PCB=29000
I/thermal_src(  387): TA_DAEMON_CMD_SET_TTJ cmd=0x4, len=4 Tj=85000
W/ADB_SERVICES( 8017): read_meminfo() mem_free=947408
W/ADB_SERVICES( 8017): read_meminfo() mem_free=947344
D/PackageManager(  902): callerName== com.secretlisa.beidanci
D/PackageManager(  902): scc app ai.packageName = com.oppo.launcher ai.name = com.oppo.launcher.Launcher
D/PackageManager(  902): scc app ai.packageName = com.secretlisa.beidanci ai.name = com.secretlisa.beidanci.ActivityLauncher
D/PackageManager(  902): Default app ai.packageName = com.oppo.launcher ai.name = com.oppo.launcher.Launcher
E/LIGHT   (  902): AmbiLightSensor: get als value 863
E/LIGHT   (  902): AmbiLightSensor: report als event
E/PROXIMITY(  902): ProximitySensor: unknown event (type=3, code=0)
E/PROXIMITY(  902): ProximitySensor: invalid EV_SYN
I/WifiStateMachine(  902): fetchRssiLinkSpeedAndFrequencyNative, newRssi:-58, newLinkSpeed:135, SSID:"Black_sheep"
D/PSD     (  384): set_ps_threshold: low_threshold 138 high_threshold 158 ps_average 78 algo_state 1
D/CSLegacyTypeTracker(  902): getNetworkForType type 1
D/PSD     (  384): Prox is far ps 77 als 856 highlight  0 crosstalk 76
W/ADB_SERVICES( 8017): read_meminfo() mem_free=949420
W/ADB_SERVICES( 8017): read_meminfo() mem_free=949316
W/ADB_SERVICES( 8017): read_meminfo() mem_free=949316
E/LIGHT   (  902): AmbiLightSensor: get als value 856
E/LIGHT   (  902): AmbiLightSensor: report als event
E/PROXIMITY(  902): ProximitySensor: unknown event (type=3, code=0)
E/PROXIMITY(  902): ProximitySensor: invalid EV_SYN
D/PSD     (  384): set_ps_threshold: low_threshold 139 high_threshold 159 ps_average 79 algo_state 1
I/WifiStateMachine(  902): fetchRssiLinkSpeedAndFrequencyNative, newRssi:-58, newLinkSpeed:135, SSID:"Black_sheep"
D/NetworkLinkMonitor(  902): RSSI_PKTCNT_FETCH_SUCCEEDED--dtotal= 0
W/ADB_SERVICES( 8017): read_meminfo() mem_free=949348
D/SystemUi_TrafficStatsHelper( 9894): ifaceNames[0]:ccmni0
D/SystemUi_TrafficStatsHelper( 9894): ifaceNames[1]:wlan0
D/SystemUi_TrafficStatsHelper( 9894): ifaceNames[2]:p2p0
D/SystemUi_TrafficStatsHelper( 9894): ifaceNames[3]:lo
D/SystemUi_TrafficStatsHelper( 9894): transmitted_validWifiData.get(0) = wlan0
D/PSD     (  384): Prox is far ps 78 als 868 highlight  0 crosstalk 76
D/PSD     (  384): set_ps_threshold: low_threshold 138 high_threshold 158 ps_average 78 algo_state 1
W/ADB_SERVICES( 8017): read_meminfo() mem_free=949224
E/LIGHT   (  902): AmbiLightSensor: get als value 868
E/LIGHT   (  902): AmbiLightSensor: report als event
E/PROXIMITY(  902): ProximitySensor: unknown event (type=3, code=0)
E/PROXIMITY(  902): ProximitySensor: invalid EV_SYN
W/ADB_SERVICES( 8017): read_meminfo() mem_free=949192
D/PSD     (  384): set_ps_threshold: low_threshold 138 high_threshold 158 ps_average 78 algo_state 1
W/ADB_SERVICES( 8017): read_meminfo() mem_free=949192
D/CSLegacyTypeTracker(  902): getNetworkForType type 1
E/LIGHT   (  902): AmbiLightSensor: get als value 867
E/LIGHT   (  902): AmbiLightSensor: report als event
E/PROXIMITY(  902): ProximitySensor: unknown event (type=3, code=0)
E/PROXIMITY(  902): ProximitySensor: invalid EV_SYN
W/ADB_SERVICES( 8017): read_meminfo() mem_free=949224
W/ADB_SERVICES( 8017): read_meminfo() mem_free=949192
D/PSD     (  384): Prox is far ps 79 als 879 highlight  0 crosstalk 76
I/WifiStateMachine(  902): fetchRssiLinkSpeedAndFrequencyNative, newRssi:-58, newLinkSpeed:135, SSID:"Black_sheep"
D/NetworkLinkMonitor(  902): RSSI_PKTCNT_FETCH_SUCCEEDED--dtotal= 0
D/PSD     (  384): set_ps_threshold: low_threshold 139 high_threshold 159 ps_average 79 algo_state 1
W/ADB_SERVICES( 8017): read_meminfo() mem_free=949192
E/LIGHT   (  902): AmbiLightSensor: get als value 856
E/LIGHT   (  902): AmbiLightSensor: report als event
E/PROXIMITY(  902): ProximitySensor: unknown event (type=3, code=0)
E/PROXIMITY(  902): ProximitySensor: invalid EV_SYN
D/PSD     (  384): set_ps_threshold: low_threshold 138 high_threshold 158 ps_average 78 algo_state 1
W/ADB_SERVICES( 8017): read_meminfo() mem_free=949208
W/ADB_SERVICES( 8017): read_meminfo() mem_free=949192
D/PSD     (  384): Prox is far ps 79 als 876 highlight  0 crosstalk 76
D/PSD     (  384): set_ps_threshold: low_threshold 139 high_threshold 159 ps_average 79 algo_state 1
W/ADB_SERVICES( 8017): read_meminfo() mem_free=949224
E/LIGHT   (  902): AmbiLightSensor: get als value 876
E/LIGHT   (  902): AmbiLightSensor: report als event
E/PROXIMITY(  902): ProximitySensor: unknown event (type=3, code=0)
E/PROXIMITY(  902): ProximitySensor: invalid EV_SYN
D/CSLegacyTypeTracker(  902): getNetworkForType type 1
I/WifiStateMachine(  902): fetchRssiLinkSpeedAndFrequencyNative, newRssi:-58, newLinkSpeed:135, SSID:"Black_sheep"
D/NetworkLinkMonitor(  902): RSSI_PKTCNT_FETCH_SUCCEEDED--dtotal= 0
W/ADB_SERVICES( 8017): read_meminfo() mem_free=949084
W/ADB_SERVICES( 8017): read_meminfo() mem_free=949068
D/PSD     (  384): set_ps_threshold: low_threshold 139 high_threshold 159 ps_average 79 algo_state 1
E/LIGHT   (  902): AmbiLightSensor: get als value 847
E/LIGHT   (  902): AmbiLightSensor: report als event
E/PROXIMITY(  902): ProximitySensor: unknown event (type=3, code=0)
E/PROXIMITY(  902): ProximitySensor: invalid EV_SYN
D/PSD     (  384): Prox is far ps 80 als 867 highlight  0 crosstalk 76
I/WifiStateMachine(  902): fetchRssiLinkSpeedAndFrequencyNative, newRssi:-58, newLinkSpeed:135, SSID:"Black_sheep"
W/ADB_SERVICES( 8017): read_meminfo() mem_free=949068
D/PSD     (  384): set_ps_threshold: low_threshold 139 high_threshold 159 ps_average 79 algo_state 1
W/ADB_SERVICES( 8017): read_meminfo() mem_free=949084
W/ADB_SERVICES( 8017): read_meminfo() mem_free=949068
E/LIGHT   (  902): AmbiLightSensor: get als value 879
E/LIGHT   (  902): AmbiLightSensor: report als event
E/PROXIMITY(  902): ProximitySensor: unknown event (type=3, code=0)
E/PROXIMITY(  902): ProximitySensor: invalid EV_SYN
D/PSD     (  384): set_ps_threshold: low_threshold 139 high_threshold 159 ps_average 79 algo_state 1
I/WifiStateMachine(  902): fetchRssiLinkSpeedAndFrequencyNative, newRssi:-58, newLinkSpeed:135, SSID:"Black_sheep"
W/ADB_SERVICES( 8017): read_meminfo() mem_free=949100
D/NetworkLinkMonitor(  902): RSSI_PKTCNT_FETCH_SUCCEEDED--dtotal= 0
D/PSD     (  384): Prox is far ps 79 als 856 highlight  0 crosstalk 76
D/CSLegacyTypeTracker(  902): getNetworkForType type 1
W/ADB_SERVICES( 8017): read_meminfo() mem_free=949084
I/thermal_repeater(  389): select timeout
W/ADB_SERVICES( 8017): read_meminfo() mem_free=949084
E/LIGHT   (  902): AmbiLightSensor: get als value 856
E/LIGHT   (  902): AmbiLightSensor: report als event
E/PROXIMITY(  902): ProximitySensor: unknown event (type=3, code=0)
E/PROXIMITY(  902): ProximitySensor: invalid EV_SYN
D/PSD     (  384): set_ps_threshold: low_threshold 138 high_threshold 158 ps_average 78 algo_state 1
I/thermal_src(  387): wake up function 3
I/thermal_src(  387): TA_DAEMON_CMD_GET_TPCB cmd=0x5, len=4 PCB=29000
I/thermal_src(  387): TA_DAEMON_CMD_SET_TTJ cmd=0x4, len=4 Tj=85000
W/ADB_SERVICES( 8017): read_meminfo() mem_free=949084
D/PSD     (  384): set_ps_threshold: low_threshold 138 high_threshold 158 ps_average 78 algo_state 1
D/PSD     (  384): Prox is far ps 78 als 851 highlight  0 crosstalk 76
